<html>
<body>
<pre>
<h1>µVision Build Log</h1>
<h2>Project:</h2>
D:\James Chomchan\Documents\CSULB\Fall 2019\CECS 490B\Gatherbot\Gatherbot\robotFunction\roboticArmServoMotor.uvproj
Project File Date:  10/19/2019

<h2>Output:</h2>
Rebuild target 'HelloLaunchPad'
assembling startup.s...
compiling main.c...
compiling portInitializations.c...
compiling PWM.c...
compiling UART.c...
compiling Nokia5110.c...
compiling uartCommunication.c...
compiling PLL.c...
compiling robotArmMovement.c...
compiling delayFunctions.c...
linking...
Program Size: Code=12516 RO-data=948 RW-data=76 ZI-data=1124  
".\HelloLaunchPad.axf" - 0 Error(s), 0 Warning(s).
Load "D:\\James Chomchan\\Documents\\CSULB\\Fall 2019\\CECS 490B\\Gatherbot\\Gatherbot\\robotFunction\\HelloLaunchPad.axf" 
Connecting: Mode=JTAG, Speed=1000000Hz
Erase Done.
Programming Done.
Verify OK.
</pre>
</body>
</html>
rget DLL has been cancelled
Load "D:\\James Chomchan\\Documents\\CSULB\\Fall 2019\\CECS 490B\\Gatherbot\\Gatherbot\\robotFunction\\HelloLaunchPad.axf" 
Connecting: Mode=JTAG, Speed=1000000Hz
Erase Done.
Programming Done.
Verify OK.
CECS 490B\\Gatherbot\\Gatherbot\\robotFunction\\HelloLaunchPad.axf" 
Connecting: Mode=JTAG, Speed=1000000Hz
Erase Done.
Programming Done.
Verify OK.
Load "D:\\James Chomchan\\Documents\\CSULB\\Fall 2019\\CECS 490B\\Gatherbot\\Gatherbot\\robotFunction\\HelloLaunchPad.axf" 
Connecting: Mode=JTAG, Speed=1000000Hz
Erase Failed!
Error: Flash Download failed  -  "Cortex-M4"
Load "D:\\James Chomchan\\Documents\\CSULB\\Fall 2019\\CECS 490B\\Gatherbot\\Gatherbot\\robotFunction\\HelloLaunchPad.axf" 
Connecting: Mode=JTAG, Speed=1000000Hz
Erase Done.
Programming Done.
Verify OK.
Done.
Programming Done.
Verify OK.
Load "D:\\James Chomchan\\Documents\\CSULB\\Fall 2019\\CECS 490B\\Gatherbot\\Gatherbot\\robotFunction\\HelloLaunchPad.axf" 
Connecting: Mode=JTAG, Speed=1000000Hz
Connection failed!, error code=&d
Error: Flash Download failed  -  Target DLL has been cancelled
