<html>
<body>
<pre>
<h1>µVision Build Log</h1>
<h2>Project:</h2>
D:\James Chomchan\Documents\CSULB\Fall 2019\CECS 490B\Gatherbot\Gatherbot\robotFunction\roboticArmServoMotor.uvproj
Project File Date:  11/16/2019

<h2>Output:</h2>
Rebuild target 'HelloLaunchPad'
assembling startup.s...
compiling main.c...
compiling portInitializations.c...
compiling PWM.c...
compiling UART.c...
compiling Nokia5110.c...
compiling uartCommunication.c...
compiling PLL.c...
compiling robotArmMovement.c...
compiling delayFunctions.c...
linking...
Program Size: Code=16918 RO-data=946 RW-data=140 ZI-data=1148  
".\HelloLaunchPad.axf" - 0 Error(s), 0 Warning(s).
Load "D:\\James Chomchan\\Documents\\CSULB\\Fall 2019\\CECS 490B\\Gatherbot\\Gatherbot\\robotFunction\\HelloLaunchPad.axf" 
Connecting: Mode=JTAG, Speed=1000000Hz
Erase Done.
Programming Done.
Verify OK.
</pre>
</body>
</html>
Documents\\CSULB\\Fall 2019\\CECS 490B\\Gatherbot\\Gatherbot\\robotFunction\\HelloLaunchPad.axf" 
Connecting: Mode=JTAG, Speed=1000000Hz
Connection failed!, error code=&d
Error: Flash Download failed  -  Target DLL has been cancelled
: error:  #77-D: this declaration has no storage class or type specifier
        preError = error;
main.c(399): error:  #169: expected a declaration
        return outputControl;
main.c(401): error:  #169: expected a declaration
  }
main.c(425): warning:  #12-D: parsing restarts here after previous syntax error
        outputDControl = proportionalControl;
main.c(427): error:  #169: expected a declaration
        return outputDControl;
main.c(429): error:  #169: expected a declaration
  }
main.c(452): warning:  #12-D: parsing restarts here after previous syntax error
        Nokia5110_SetCursor(3,0);
main.c(453): warning:  #77-D: this declaration has no storage class or type specifier
        Nokia5110_OutUDec(leftSpeed);
main.c(453): error:  #92: identifier-list parameters may only be used in a function definition
        Nokia5110_OutUDec(leftSpeed);
main.c(453): error:  #147: declaration is incompatible with "void Nokia5110_OutUDec(unsigned short)" (declared at line 103 of "Nokia5110.h")
        Nokia5110_OutUDec(leftSpeed);
main.c(454): error:  #79: expected a type specifier
        Nokia5110_SetCursor(3,1);
main.c(454): error:  #79: expected a type specifier
        Nokia5110_SetCursor(3,1);
main.c(454): warning:  #77-D: this declaration has no storage class or type specifier
        Nokia5110_SetCursor(3,1);
main.c(454): error:  #147: declaration is incompatible with "void Nokia5110_SetCursor(unsigned char, unsigned char)" (declared at line 112 of "Nokia5110.h")
        Nokia5110_SetCursor(3,1);
main.c(455): warning:  #77-D: this declaration has no storage class or type specifier
        Nokia5110_OutUDec(rightSpeed);
main.c(455): error:  #92: identifier-list parameters may only be used in a function definition
        Nokia5110_OutUDec(rightSpeed);
main.c(458): warning:  #77-D: this declaration has no storage class or type specifier
        M0PWM6_Duty(leftSpeed);
main.c(458): error:  #92: identifier-list parameters may only be used in a function definition
        M0PWM6_Duty(leftSpeed);
main.c(458): error:  #147: declaration is incompatible with "void M0PWM6_Duty(uint16_t)" (declared at line 28 of "PWM.h")
        M0PWM6_Duty(leftSpeed);
main.c(459): warning:  #77-D: this declaration has no storage class or type specifier
        M0PWM7_Duty(rightSpeed);
main.c(459): error:  #92: identifier-list parameters may only be used in a function definition
        M0PWM7_Duty(rightSpeed);
main.c(459): error:  #147: declaration is incompatible with "void M0PWM7_Duty(uint16_t)" (declared at line 32 of "PWM.h")
        M0PWM7_Duty(rightSpeed);
main.c(460): error:  #169: expected a declaration
  }
main.c(483): warning:  #12-D: parsing restarts here after previous syntax error
        M0PWM7_Duty(rightPWMSpeed);
main.c(484): error:  #169: expected a declaration
  }
main.c(486): warning: At end of source:  #12-D: parsing restarts here after previous syntax error
main.c: 10 warnings, 22 errors
compiling portInitializations.c...
compiling PWM.c...
compiling UART.c...
compiling Nokia5110.c...
compiling uartCommunication.c...
compiling PLL.c...
compiling robotArmMovement.c...
compiling delayFunctions.c...
".\HelloLaunchPad.axf" - 22 Error(s), 10 Warning(s).
Target not created
