ARM Linker, 5.03 [Build 76] [MDK-ARM Lite]

==============================================================================

Section Cross References

    startup.o(STACK) refers (Special) to heapauxi.o(.text) for __use_two_region_memory
    startup.o(HEAP) refers (Special) to heapauxi.o(.text) for __use_two_region_memory
    startup.o(RESET) refers (Special) to heapauxi.o(.text) for __use_two_region_memory
    startup.o(RESET) refers to startup.o(STACK) for StackMem
    startup.o(RESET) refers to __main.o(!!!main) for __main
    startup.o(.text) refers (Special) to heapauxi.o(.text) for __use_two_region_memory
    startup.o(.text) refers to startup.o(HEAP) for HeapMem
    startup.o(.text) refers to startup.o(STACK) for StackMem
    main.o(i.controlLoop) refers to faddsub_clz.o(x$fpl$fsub) for __aeabi_fsub
    main.o(i.controlLoop) refers to faddsub_clz.o(x$fpl$fadd) for __aeabi_fadd
    main.o(i.controlLoop) refers to fmul.o(x$fpl$fmul) for __aeabi_fmul
    main.o(i.controlLoop) refers to f2d.o(x$fpl$f2d) for __aeabi_f2d
    main.o(i.controlLoop) refers to dmul.o(x$fpl$dmul) for __aeabi_dmul
    main.o(i.controlLoop) refers to daddsub_clz.o(x$fpl$dadd) for __aeabi_dadd
    main.o(i.controlLoop) refers to d2f.o(x$fpl$d2f) for __aeabi_d2f
    main.o(i.controlLoop) refers to feqf.o(x$fpl$feqf) for __aeabi_cfcmpeq
    main.o(i.controlLoop) refers to main.o(.data) for integralControl
    main.o(i.controllerLoop) refers to faddsub_clz.o(x$fpl$fsub) for __aeabi_fsub
    main.o(i.controllerLoop) refers to fmul.o(x$fpl$fmul) for __aeabi_fmul
    main.o(i.distancePIDcontrol) refers to fleqf.o(x$fpl$fleqf) for __aeabi_cfcmple
    main.o(i.distancePIDcontrol) refers to fmul.o(x$fpl$fmul) for __aeabi_fmul
    main.o(i.distancePIDcontrol) refers to f2d.o(x$fpl$f2d) for __aeabi_f2d
    main.o(i.distancePIDcontrol) refers to floor.o(i.floor) for floor
    main.o(i.distancePIDcontrol) refers to d2f.o(x$fpl$d2f) for __aeabi_d2f
    main.o(i.distancePIDcontrol) refers to ffixu.o(x$fpl$ffixu) for __aeabi_f2uiz
    main.o(i.distancePIDcontrol) refers to pwm.o(i.M0PWM6_Duty) for M0PWM6_Duty
    main.o(i.distancePIDcontrol) refers to pwm.o(i.M0PWM7_Duty) for M0PWM7_Duty
    main.o(i.main) refers to pll.o(i.PLL_Init) for PLL_Init
    main.o(i.main) refers to uart.o(i.UART_Init) for UART_Init
    main.o(i.main) refers to portinitializations.o(i.PortF_Init) for PortF_Init
    main.o(i.main) refers to portinitializations.o(i.PortB_Init) for PortB_Init
    main.o(i.main) refers to portinitializations.o(i.PortD_Init) for PortD_Init
    main.o(i.main) refers to nokia5110.o(i.Nokia5110_Init) for Nokia5110_Init
    main.o(i.main) refers to nokia5110.o(i.Nokia5110_Clear) for Nokia5110_Clear
    main.o(i.main) refers to pwm.o(i.M0PWM6_Init) for M0PWM6_Init
    main.o(i.main) refers to pwm.o(i.M0PWM7_Init) for M0PWM7_Init
    main.o(i.main) refers to uart.o(i.UART_InChar) for UART_InChar
    main.o(i.main) refers to uartcommunication.o(i.charToDecimal) for charToDecimal
    main.o(i.main) refers to uartcommunication.o(i.singleCharToDecimal) for singleCharToDecimal
    main.o(i.main) refers to robotarmmovement.o(i.armPickUpLocation) for armPickUpLocation
    main.o(i.main) refers to ffix.o(x$fpl$ffix) for __aeabi_f2iz
    main.o(i.main) refers to robotarmmovement.o(i.pickUp) for pickUp
    main.o(i.main) refers to fflt_clz.o(x$fpl$fflt) for __aeabi_i2f
    main.o(i.main) refers to main.o(i.controlLoop) for controlLoop
    main.o(i.main) refers to main.o(i.motorPIDcontrol) for motorPIDcontrol
    main.o(i.main) refers to main.o(i.controllerLoop) for controllerLoop
    main.o(i.main) refers to feqf.o(x$fpl$feqf) for __aeabi_cfcmpeq
    main.o(i.main) refers to faddsub_clz.o(x$fpl$fadd) for __aeabi_fadd
    main.o(i.main) refers to main.o(i.distancePIDcontrol) for distancePIDcontrol
    main.o(i.main) refers to pwm.o(i.M0PWM6_Duty) for M0PWM6_Duty
    main.o(i.main) refers to pwm.o(i.M0PWM7_Duty) for M0PWM7_Duty
    main.o(i.main) refers to nokia5110.o(i.Nokia5110_SetCursor) for Nokia5110_SetCursor
    main.o(i.main) refers to nokia5110.o(i.Nokia5110_OutUDec) for Nokia5110_OutUDec
    main.o(i.main) refers to main.o(.data) for ballCount
    main.o(i.main) refers to main.o(.bss) for buffer
    main.o(i.motorPIDcontrol) refers to faddsub_clz.o(x$fpl$frsb) for __aeabi_frsub
    main.o(i.motorPIDcontrol) refers to faddsub_clz.o(x$fpl$fadd) for __aeabi_fadd
    main.o(i.motorPIDcontrol) refers to fleqf.o(x$fpl$fleqf) for __aeabi_cfcmple
    main.o(i.motorPIDcontrol) refers to frleqf.o(x$fpl$frleqf) for __aeabi_cfrcmple
    main.o(i.motorPIDcontrol) refers to f2d.o(x$fpl$f2d) for __aeabi_f2d
    main.o(i.motorPIDcontrol) refers to floor.o(i.floor) for floor
    main.o(i.motorPIDcontrol) refers to dfix.o(x$fpl$dfix) for __aeabi_d2iz
    main.o(i.motorPIDcontrol) refers to nokia5110.o(i.Nokia5110_SetCursor) for Nokia5110_SetCursor
    main.o(i.motorPIDcontrol) refers to nokia5110.o(i.Nokia5110_OutUDec) for Nokia5110_OutUDec
[...]
    ../clib/armsys.c                         0x00000000   Number         0  _get_argv_nomalloc.o ABSOLUTE
    ../clib/armsys.c                         0x00000000   Number         0  no_argv.o ABSOLUTE
    ../clib/armsys.c                         0x00000000   Number         0  argv_veneer.o ABSOLUTE
    ../clib/armsys.c                         0x00000000   Number         0  argv_veneer.o ABSOLUTE
    ../clib/fenv.c                           0x00000000   Number         0  _rserrno.o ABSOLUTE
    ../clib/heapalloc.c                      0x00000000   Number         0  hrguard.o ABSOLUTE
    ../clib/heapaux.c                        0x00000000   Number         0  heapauxi.o ABSOLUTE
    ../clib/libinit.s                        0x00000000   Number         0  libshutdown.o ABSOLUTE
    ../clib/libinit.s                        0x00000000   Number         0  libshutdown2.o ABSOLUTE
    ../clib/libinit.s                        0x00000000   Number         0  libinit.o ABSOLUTE
    ../clib/libinit.s                        0x00000000   Number         0  libinit2.o ABSOLUTE
    ../clib/locale.s                         0x00000000   Number         0  lc_ctype_c.o ABSOLUTE
    ../clib/longlong.s                       0x00000000   Number         0  lludivv7m.o ABSOLUTE
    ../clib/longlong.s                       0x00000000   Number         0  llsdiv.o ABSOLUTE
    ../clib/memcpset.s                       0x00000000   Number         0  strcmpv7m.o ABSOLUTE
    ../clib/misc.s                           0x00000000   Number         0  printf_stubs.o ABSOLUTE
    ../clib/printf.c                         0x00000000   Number         0  __printf_flags_ss_wp.o ABSOLUTE
    ../clib/printf.c                         0x00000000   Number         0  __2sprintf.o ABSOLUTE
    ../clib/printf.c                         0x00000000   Number         0  _printf_char_common.o ABSOLUTE
    ../clib/printf.c                         0x00000000   Number         0  _printf_intcommon.o ABSOLUTE
    ../clib/printf.c                         0x00000000   Number         0  _printf_pad.o ABSOLUTE
    ../clib/printf.c                         0x00000000   Number         0  __printf_nopercent.o ABSOLUTE
    ../clib/printf.c                         0x00000000   Number         0  _sputc.o ABSOLUTE
    ../clib/printf.c                         0x00000000   Number         0  noretval__2sprintf.o ABSOLUTE
    ../clib/printf.c                         0x00000000   Number         0  __printf.o ABSOLUTE
    ../clib/printf.c                         0x00000000   Number         0  _printf_dec.o ABSOLUTE
    ../clib/printf.c                         0x00000000   Number         0  __printf_flags.o ABSOLUTE
    ../clib/printf.c                         0x00000000   Number         0  __printf_ss.o ABSOLUTE
    ../clib/printf.c                         0x00000000   Number         0  __printf_flags_ss.o ABSOLUTE
    ../clib/printf.c                         0x00000000   Number         0  __printf_wp.o ABSOLUTE
    ../clib/printf.c                         0x00000000   Number         0  __printf_flags_wp.o ABSOLUTE
    ../clib/printf.c                         0x00000000   Number         0  __printf_ss_wp.o ABSOLUTE
    ../clib/printf_percent.s                 0x00000000   Number         0  _printf_percent_end.o ABSOLUTE
    ../clib/printf_percent.s                 0x00000000   Number         0  _printf_d.o ABSOLUTE
    ../clib/printf_percent.s                 0x00000000   Number         0  _printf_percent.o ABSOLUTE
    ../clib/scanf.c                          0x00000000   Number         0  strtol.o ABSOLUTE
    ../clib/scanf.c                          0x00000000   Number         0  atoi.o ABSOLUTE
    ../clib/scanf.c                          0x00000000   Number         0  _chval.o ABSOLUTE
    ../clib/scanf.c                          0x00000000   Number         0  _strtoul.o ABSOLUTE
    ../clib/signal.c                         0x00000000   Number         0  defsig_pvfn_inner.o ABSOLUTE
    ../clib/signal.c                         0x00000000   Number         0  __raise.o ABSOLUTE
    ../clib/signal.c                         0x00000000   Number         0  defsig_stak_inner.o ABSOLUTE
    ../clib/signal.c                         0x00000000   Number         0  defsig_fpe_inner.o ABSOLUTE
    ../clib/signal.c                         0x00000000   Number         0  defsig_general.o ABSOLUTE
    ../clib/signal.c                         0x00000000   Number         0  defsig_rtmem_inner.o ABSOLUTE
    ../clib/signal.c                         0x00000000   Number         0  defsig_rtred_inner.o ABSOLUTE
    ../clib/signal.c                         0x00000000   Number         0  defsig_exit.o ABSOLUTE
    ../clib/signal.c                         0x00000000   Number         0  defsig_rtmem_formal.o ABSOLUTE
    ../clib/signal.c                         0x00000000   Number         0  defsig_fpe_formal.o ABSOLUTE
    ../clib/signal.c                         0x00000000   Number         0  defsig_abrt_inner.o ABSOLUTE
    ../clib/signal.c                         0x00000000   Number         0  defsig_rtmem_outer.o ABSOLUTE
    ../clib/signal.c                         0x00000000   Number         0  defsig_cppl_inner.o ABSOLUTE
    ../clib/signal.c                         0x00000000   Number         0  defsig_segv_inner.o ABSOLUTE
    ../clib/signal.c                         0x00000000   Number         0  defsig_other.o ABSOLUTE
    ../clib/signal.c                         0x00000000   Number         0  defsig_fpe_outer.o ABSOLUTE
    ../clib/signal.s                         0x00000000   Number         0  defsig.o ABSOLUTE
    ../clib/stdlib.c                         0x00000000   Number         0  exit.o ABSOLUTE
    ../clib/string.c                         0x00000000   Number         0  strcat.o ABSOLUTE
    ../fplib/d2f.s                           0x00000000   Number         0  d2f.o ABSOLUTE
    ../fplib/daddsub.s                       0x00000000   Number         0  daddsub_clz.o ABSOLUTE
    ../fplib/dcheck1.s                       0x00000000   Number         0  dcheck1.o ABSOLUTE
    ../fplib/dcmpi.s                         0x00000000   Number         0  dcmpi.o ABSOLUTE
    ../fplib/ddiv.s                          0x00000000   Number         0  ddiv.o ABSOLUTE
    ../fplib/dfix.s                          0x00000000   Number         0  dfix.o ABSOLUTE
    ../fplib/dflt.s                          0x00000000   Number         0  dflt_clz.o ABSOLUTE
    ../fplib/dleqf.s                         0x00000000   Number         0  dleqf.o ABSOLUTE
    ../fplib/dmul.s                          0x00000000   Number         0  dmul.o ABSOLUTE
    ../fplib/dnaninf.s                       0x00000000   Number         0  dnaninf.o ABSOLUTE
    ../fplib/dretinf.s                       0x00000000   Number         0  dretinf.o ABSOLUTE
    ../fplib/drleqf.s                        0x00000000   Number         0  drleqf.o ABSOLUTE
    ../fplib/dsqrt.s                         0x00000000   Number         0  dsqrt_umaal.o ABSOLUTE
    ../fplib/f2d.s                           0x00000000   Number         0  f2d.o ABSOLUTE
    ../fplib/faddsub.s                       0x00000000   Number         0  faddsub_clz.o ABSOLUTE
    ../fplib/fcmpi.s                         0x00000000   Number         0  fcmpi.o ABSOLUTE
    ../fplib/feqf.s                          0x00000000   Number         0  feqf.o ABSOLUTE
    ../fplib/ffix.s                          0x00000000   Number         0  ffix.o ABSOLUTE
    ../fplib/ffixu.s                         0x00000000   Number         0  ffixu.o ABSOLUTE
    ../fplib/fflt.s                          0x00000000   Number         0  fflt_clz.o ABSOLUTE
    ../fplib/fleqf.s                         0x00000000   Number         0  fleqf.o ABSOLUTE
    ../fplib/fmul.s                          0x00000000   Number         0  fmul.o ABSOLUTE
    ../fplib/fnaninf.s                       0x00000000   Number         0  fnaninf.o ABSOLUTE
    ../fplib/fpinit.s                        0x00000000   Number         0  fpinit.o ABSOLUTE
    ../fplib/fretinf.s                       0x00000000   Number         0  fretinf.o ABSOLUTE
    ../fplib/frleqf.s                        0x00000000   Number         0  frleqf.o ABSOLUTE
    ../fplib/retnan.s                        0x00000000   Number         0  retnan.o ABSOLUTE
    ../fplib/scalbn.s                        0x00000000   Number         0  scalbn.o ABSOLUTE
    ../fplib/trapv.s                         0x00000000   Number         0  trapv.o ABSOLUTE
    ../fplib/usenofp.s                       0x00000000   Number         0  usenofp.o ABSOLUTE
    ../mathlib/dunder.c                      0x00000000   Number         0  dunder.o ABSOLUTE
    ../mathlib/floor.c                       0x00000000   Number         0  floor.o ABSOLUTE
    ../mathlib/fpclassify.c                  0x00000000   Number         0  fpclassify.o ABSOLUTE
    ../mathlib/poly.c                        0x00000000   Number         0  poly.o ABSOLUTE
    ../mathlib/pow.c                         0x00000000   Number         0  pow.o ABSOLUTE
    ../mathlib/pow.c                         0x00000000   Number         0  pow_x.o ABSOLUTE
    ../mathlib/qnan.c                        0x00000000   Number         0  qnan.o ABSOLUTE
    ../mathlib/sqrt.c                        0x00000000   Number         0  sqrt_x.o ABSOLUTE
    ../mathlib/sqrt.c                        0x00000000   Number         0  sqrt.o ABSOLUTE
    Nokia5110.c                              0x00000000   Number         0  nokia5110.o ABSOLUTE
    PLL.c                                    0x00000000   Number         0  pll.o ABSOLUTE
    PWM.c                                    0x00000000   Number         0  pwm.o ABSOLUTE
    UART.c                                   0x00000000   Number         0  uart.o ABSOLUTE
    dc.s                                     0x00000000   Number         0  dc.o ABSOLUTE
    delayFunctions.c                         0x00000000   Number         0  delayfunctions.o ABSOLUTE
    main.c                                   0x00000000   Number         0  main.o ABSOLUTE
    portInitializations.c                    0x00000000   Number         0  portinitializations.o ABSOLUTE
    robotArmMovement.c                       0x00000000   Number         0  robotarmmovement.o ABSOLUTE
    startup.s                                0x00000000   Number         0  startup.o ABSOLUTE
    uartCommunication.c                      0x00000000   Number         0  uartcommunication.o ABSOLUTE
    !!!main                                  0x00000284   Section        8  __main.o(!!!main)
    !!!scatter                               0x0000028c   Section       52  __scatter.o(!!!scatter)
    !!handler_copy                           0x000002c0   Section       26  __scatter_copy.o(!!handler_copy)
    !!handler_zi                             0x000002dc   Section       28  __scatter_zi.o(!!handler_zi)
    .ARM.Collect$$_printf_percent$$00000000  0x000002f8   Section        0  _printf_percent.o(.ARM.Collect$$_printf_percent$$00000000)
    .ARM.Collect$$_printf_percent$$00000009  0x000002f8   Section        6  _printf_d.o(.ARM.Collect$$_printf_percent$$00000009)
    .ARM.Collect$$_printf_percent$$00000017  0x000002fe   Section        4  _printf_percent_end.o(.ARM.Collect$$_printf_percent$$00000017)
    .ARM.Collect$$libinit$$00000000          0x00000302   Section        2  libinit.o(.ARM.Collect$$libinit$$00000000)
    .ARM.Collect$$libinit$$00000002          0x00000304   Section        0  libinit2.o(.ARM.Collect$$libinit$$00000002)
    .ARM.Collect$$libinit$$00000008          0x00000304   Section        0  libinit2.o(.ARM.Collect$$libinit$$00000008)
    .ARM.Collect$$libinit$$0000000A          0x00000304   Section        0  libinit2.o(.ARM.Collect$$libinit$$0000000A)
    .ARM.Collect$$libinit$$0000000C          0x00000304   Section        0  libinit2.o(.ARM.Collect$$libinit$$0000000C)
    .ARM.Collect$$libinit$$0000000D          0x00000304   Section        6  libinit2.o(.ARM.Collect$$libinit$$0000000D)
    .ARM.Collect$$libinit$$0000000F          0x0000030a   Section        0  libinit2.o(.ARM.Collect$$libinit$$0000000F)
    .ARM.Collect$$libinit$$00000010          0x0000030a   Section       12  libinit2.o(.ARM.Collect$$libinit$$00000010)
    .ARM.Collect$$libinit$$00000011          0x00000316   Section        0  libinit2.o(.ARM.Collect$$libinit$$00000011)
    .ARM.Collect$$libinit$$00000013          0x00000316   Section        0  libinit2.o(.ARM.Collect$$libinit$$00000013)
    .ARM.Collect$$libinit$$00000015          0x00000316   Section        0  libinit2.o(.ARM.Collect$$libinit$$00000015)
    .ARM.Collect$$libinit$$00000017          0x00000316   Section        0  libinit2.o(.ARM.Collect$$libinit$$00000017)
    .ARM.Collect$$libinit$$00000019          0x00000316   Section        0  libinit2.o(.ARM.Collect$$libinit$$00000019)
    .ARM.Collect$$libinit$$0000001B          0x00000316   Section        0  libinit2.o(.ARM.Collect$$libinit$$0000001B)
    .ARM.Collect$$libinit$$0000001D          0x00000316   Section        0  libinit2.o(.ARM.Collect$$libinit$$0000001D)
    .ARM.Collect$$libinit$$0000001F          0x00000316   Section        0  libinit2.o(.ARM.Collect$$libinit$$0000001F)
    .ARM.Collect$$libinit$$00000021          0x00000316   Section        0  libinit2.o(.ARM.Collect$$libinit$$00000021)
    .ARM.Collect$$libinit$$00000023          0x00000316   Section        0  libinit2.o(.ARM.Collect$$libinit$$00000023)
    .ARM.Collect$$libinit$$0000002A          0x00000316   Section        0  libinit2.o(.ARM.Collect$$libinit$$0000002A)
    .ARM.Collect$$libinit$$0000002C          0x00000316   Section        0  libinit2.o(.ARM.Collect$$libinit$$0000002C)
    .ARM.Collect$$libinit$$0000002E          0x00000316   Section        0  libinit2.o(.ARM.Collect$$libinit$$0000002E)
    .ARM.Collect$$libinit$$00000030          0x00000316   Section        0  libinit2.o(.ARM.Collect$$libinit$$00000030)
    .ARM.Collect$$libinit$$00000031          0x00000316   Section        2  libinit2.o(.ARM.Collect$$libinit$$00000031)
    .ARM.Collect$$libshutdown$$00000000      0x00000318   Section        2  libshutdown.o(.ARM.Collect$$libshutdown$$00000000)
    .ARM.Collect$$libshutdown$$00000003      0x0000031a   Section        0  libshutdown2.o(.ARM.Collect$$libshutdown$$00000003)
    .ARM.Collect$$libshutdown$$00000006      0x0000031a   Section        0  libshutdown2.o(.ARM.Collect$$libshutdown$$00000006)
    .ARM.Collect$$libshutdown$$00000009      0x0000031a   Section        0  libshutdown2.o(.ARM.Collect$$libshutdown$$00000009)
    .ARM.Collect$$libshutdown$$0000000B      0x0000031a   Section        0  libshutdown2.o(.ARM.Collect$$libshutdown$$0000000B)
    .ARM.Collect$$libshutdown$$0000000E      0x0000031a   Section        0  libshutdown2.o(.ARM.Collect$$libshutdown$$0000000E)
    .ARM.Collect$$libshutdown$$0000000F      0x0000031a   Section        2  libshutdown2.o(.ARM.Collect$$libshutdown$$0000000F)
    .ARM.Collect$$rtentry$$00000000          0x0000031c   Section        0  rtentry.o(.ARM.Collect$$rtentry$$00000000)
    .ARM.Collect$$rtentry$$00000002          0x0000031c   Section        0  rtentry2.o(.ARM.Collect$$rtentry$$00000002)
    .ARM.Collect$$rtentry$$00000004          0x0000031c   Section        6  rtentry4.o(.ARM.Collect$$rtentry$$00000004)
    .ARM.Collect$$rtentry$$00000009          0x00000322   Section        0  rtentry2.o(.ARM.Collect$$rtentry$$00000009)
    .ARM.Collect$$rtentry$$0000000A          0x00000322   Section        4  rtentry2.o(.ARM.Collect$$rtentry$$0000000A)
    .ARM.Collect$$rtentry$$0000000C          0x00000326   Section        0  rtentry2.o(.ARM.Collect$$rtentry$$0000000C)
    .ARM.Collect$$rtentry$$0000000D          0x00000326   Section        8  rtentry2.o(.ARM.Collect$$rtentry$$0000000D)
    .ARM.Collect$$rtexit$$00000000           0x0000032e   Section        2  rtexit.o(.ARM.Collect$$rtexit$$00000000)
    .ARM.Collect$$rtexit$$00000002           0x00000330   Section        0  rtexit2.o(.ARM.Collect$$rtexit$$00000002)
    .ARM.Collect$$rtexit$$00000003           0x00000330   Section        4  rtexit2.o(.ARM.Collect$$rtexit$$00000003)
    .ARM.Collect$$rtexit$$00000004           0x00000334   Section        6  rtexit2.o(.ARM.Collect$$rtexit$$00000004)
    .text                                    0x0000033c   Section       48  startup.o(.text)
    .text                                    0x0000036c   Section       72  llsdiv.o(.text)
    .text                                    0x000003b4   Section        0  noretval__2sprintf.o(.text)
    .text                                    0x000003dc   Section        0  _printf_pad.o(.text)
    .text                                    0x00000430   Section        0  _printf_dec.o(.text)
    .text                                    0x000004a8   Section        0  __printf_flags_wp.o(.text)
    .text                                    0x000005e4   Section        0  atoi.o(.text)
    .text                                    0x000005fe   Section        0  strcat.o(.text)
    .text                                    0x00000616   Section        0  heapauxi.o(.text)
    .text                                    0x0000061c   Section        8  rt_errno_addr_intlibspace.o(.text)
    .text                                    0x00000624   Section      238  lludivv7m.o(.text)
    .text                                    0x00000712   Section        0  _rserrno.o(.text)
    .text                                    0x00000728   Section        0  _printf_intcommon.o(.text)
    .text                                    0x000007e0   Section        0  _printf_char_common.o(.text)
    _printf_input_char                       0x000007e1   Thumb Code    10  _printf_char_common.o(.text)
    .text                                    0x00000810   Section        0  _sputc.o(.text)
    .text                                    0x0000081a   Section        0  strtol.o(.text)
    .text                                    0x0000088c   Section        8  libspace.o(.text)
    .text                                    0x00000894   Section       16  rt_ctype_table.o(.text)
    .text                                    0x000008a4   Section        0  _strtoul.o(.text)
    .text                                    0x00000942   Section       74  sys_stackheap_outer.o(.text)
    .text                                    0x0000098c   Section        8  rt_locale_intlibspace.o(.text)
    .text                                    0x00000994   Section        0  _chval.o(.text)
    .text                                    0x000009b0   Section        0  exit.o(.text)
    .text                                    0x000009bc   Section      128  strcmpv7m.o(.text)
    .text                                    0x00000a3c   Section        0  sys_exit.o(.text)
    .text                                    0x00000a48   Section        2  use_no_semi.o(.text)
    .text                                    0x00000a4a   Section        0  indicate_semi.o(.text)
    i.Delay                                  0x00000a4c   Section        0  delayfunctions.o(i.Delay)
    i.Delay2                                 0x00000a68   Section        0  delayfunctions.o(i.Delay2)
    i.Delay3                                 0x00000a7a   Section        0  delayfunctions.o(i.Delay3)
    i.M0PWM0_Duty                            0x00000a8c   Section        0  pwm.o(i.M0PWM0_Duty)
    i.M0PWM1_Duty_new                        0x00000a98   Section        0  pwm.o(i.M0PWM1_Duty_new)
    i.M0PWM2_Duty                            0x00000aa4   Section        0  pwm.o(i.M0PWM2_Duty)
    i.M0PWM2_Init                            0x00000ab0   Section        0  pwm.o(i.M0PWM2_Init)
    i.M0PWM3_Duty                            0x00000bbc   Section        0  pwm.o(i.M0PWM3_Duty)
    i.M0PWM6_Duty                            0x00000bc8   Section        0  pwm.o(i.M0PWM6_Duty)
    i.M0PWM6_Init                            0x00000bd4   Section        0  pwm.o(i.M0PWM6_Init)
    i.M0PWM7_Duty                            0x00000ce0   Section        0  pwm.o(i.M0PWM7_Duty)
    i.M0PWM7_Init                            0x00000cec   Section        0  pwm.o(i.M0PWM7_Init)
    i.Nokia5110_Clear                        0x00000dfc   Section        0  nokia5110.o(i.Nokia5110_Clear)
    i.Nokia5110_Init                         0x00000e1c   Section        0  nokia5110.o(i.Nokia5110_Init)
    i.Nokia5110_OutChar                      0x00000f88   Section        0  nokia5110.o(i.Nokia5110_OutChar)
    i.Nokia5110_OutString                    0x00000fc0   Section        0  nokia5110.o(i.Nokia5110_OutString)
    i.Nokia5110_OutUDec                      0x00000fd8   Section        0  nokia5110.o(i.Nokia5110_OutUDec)
    i.Nokia5110_SetCursor                    0x00001174   Section        0  nokia5110.o(i.Nokia5110_SetCursor)
    i.PLL_Init                               0x000011a4   Section        0  pll.o(i.PLL_Init)
    i.PortB_Init                             0x00001220   Section        0  portinitializations.o(i.PortB_Init)
    i.PortD_Init                             0x000012ac   Section        0  portinitializations.o(i.PortD_Init)
    i.PortF_Init                             0x00001338   Section        0  portinitializations.o(i.PortF_Init)
    i.UART_InChar                            0x000013a4   Section        0  uart.o(i.UART_InChar)
    i.UART_Init                              0x000013bc   Section        0  uart.o(i.UART_Init)
    i.__ARM_fpclassify                       0x00001458   Section        0  fpclassify.o(i.__ARM_fpclassify)
    i.__kernel_poly                          0x00001480   Section        0  poly.o(i.__kernel_poly)
    i.__mathlib_dbl_underflow                0x0000152c   Section        0  dunder.o(i.__mathlib_dbl_underflow)
    i._is_digit                              0x0000153c   Section        0  __printf_wp.o(i._is_digit)
    i.armPickUpLocation                      0x0000154c   Section        0  robotarmmovement.o(i.armPickUpLocation)
    i.binaryToDecimal                        0x000015b0   Section        0  uartcommunication.o(i.binaryToDecimal)
    i.charToDecimal                          0x00001644   Section        0  uartcommunication.o(i.charToDecimal)
    i.concat                                 0x0000167c   Section        0  uartcommunication.o(i.concat)
    i.controlLoop                            0x000016b8   Section        0  main.o(i.controlLoop)
    i.controllerLoop                         0x0000177c   Section        0  main.o(i.controllerLoop)
    i.decToBinary                            0x000017a4   Section        0  uartcommunication.o(i.decToBinary)
    i.decreasePWM                            0x000017dc   Section        0  robotarmmovement.o(i.decreasePWM)
    i.distancePIDcontrol                     0x00001800   Section        0  main.o(i.distancePIDcontrol)
    i.floor                                  0x0000187c   Section        0  floor.o(i.floor)
    i.increasePWM                            0x00001958   Section        0  robotarmmovement.o(i.increasePWM)
    i.lcdwrite                               0x0000197c   Section        0  nokia5110.o(i.lcdwrite)
    lcdwrite                                 0x0000197d   Thumb Code    66  nokia5110.o(i.lcdwrite)
    i.main                                   0x000019c8   Section        0  main.o(i.main)
    i.motorPIDcontrol                        0x00001ce0   Section        0  main.o(i.motorPIDcontrol)
    i.pickUp                                 0x00001db0   Section        0  robotarmmovement.o(i.pickUp)
    i.pow                                    0x00001ea0   Section        0  pow.o(i.pow)
    i.singleCharToDecimal                    0x00002880   Section        0  uartcommunication.o(i.singleCharToDecimal)
    i.sqrt                                   0x00002882   Section        0  sqrt.o(i.sqrt)
    locale$$code                             0x000028d0   Section       44  lc_ctype_c.o(locale$$code)
    x$fpl$d2f                                0x000028fc   Section       98  d2f.o(x$fpl$d2f)
    x$fpl$dadd                               0x00002960   Section      336  daddsub_clz.o(x$fpl$dadd)
    _dadd1                                   0x00002971   Thumb Code     0  daddsub_clz.o(x$fpl$dadd)
    x$fpl$dcheck1                            0x00002ab0   Section       16  dcheck1.o(x$fpl$dcheck1)
    x$fpl$dcmpinf                            0x00002ac0   Section       24  dcmpi.o(x$fpl$dcmpinf)
    x$fpl$ddiv                               0x00002ad8   Section      688  ddiv.o(x$fpl$ddiv)
    ddiv_entry                               0x00002adf   Thumb Code     0  ddiv.o(x$fpl$ddiv)
    x$fpl$dfix                               0x00002d88   Section       94  dfix.o(x$fpl$dfix)
    x$fpl$dflt                               0x00002de6   Section       46  dflt_clz.o(x$fpl$dflt)
    x$fpl$dleqf                              0x00002e14   Section      120  dleqf.o(x$fpl$dleqf)
    x$fpl$dmul                               0x00002e8c   Section      340  dmul.o(x$fpl$dmul)
    x$fpl$dnaninf                            0x00002fe0   Section      156  dnaninf.o(x$fpl$dnaninf)
    x$fpl$dretinf                            0x0000307c   Section       12  dretinf.o(x$fpl$dretinf)
    x$fpl$drleqf                             0x00003088   Section      108  drleqf.o(x$fpl$drleqf)
    x$fpl$drsb                               0x000030f4   Section       22  daddsub_clz.o(x$fpl$drsb)
    x$fpl$dsqrt                              0x0000310c   Section      408  dsqrt_umaal.o(x$fpl$dsqrt)
    x$fpl$dsub                               0x000032a4   Section      468  daddsub_clz.o(x$fpl$dsub)
    _dsub1                                   0x000032b5   Thumb Code     0  daddsub_clz.o(x$fpl$dsub)
    x$fpl$f2d                                0x00003478   Section       86  f2d.o(x$fpl$f2d)
    x$fpl$fadd                               0x000034d0   Section      196  faddsub_clz.o(x$fpl$fadd)
    _fadd1                                   0x000034df   Thumb Code     0  faddsub_clz.o(x$fpl$fadd)
    x$fpl$fcmpinf                            0x00003594   Section       24  fcmpi.o(x$fpl$fcmpinf)
    x$fpl$feqf                               0x000035ac   Section      104  feqf.o(x$fpl$feqf)
    x$fpl$ffix                               0x00003614   Section       54  ffix.o(x$fpl$ffix)
    x$fpl$ffixu                              0x0000364c   Section       62  ffixu.o(x$fpl$ffixu)
    x$fpl$fflt                               0x0000368c   Section       48  fflt_clz.o(x$fpl$fflt)
    x$fpl$fleqf                              0x000036bc   Section      104  fleqf.o(x$fpl$fleqf)
    x$fpl$fmul                               0x00003724   Section      258  fmul.o(x$fpl$fmul)
    x$fpl$fnaninf                            0x00003826   Section      140  fnaninf.o(x$fpl$fnaninf)
    x$fpl$fretinf                            0x000038b2   Section       10  fretinf.o(x$fpl$fretinf)
    x$fpl$frleqf                             0x000038bc   Section       98  frleqf.o(x$fpl$frleqf)
    x$fpl$frsb                               0x0000391e   Section       20  faddsub_clz.o(x$fpl$frsb)
    x$fpl$fsub                               0x00003934   Section      234  faddsub_clz.o(x$fpl$fsub)
    _fsub1                                   0x00003943   Thumb Code     0  faddsub_clz.o(x$fpl$fsub)
    x$fpl$retnan                             0x00003a1e   Section      100  retnan.o(x$fpl$retnan)
    x$fpl$scalbn                             0x00003a82   Section       92  scalbn.o(x$fpl$scalbn)
    x$fpl$trapveneer                         0x00003ade   Section       48  trapv.o(x$fpl$trapveneer)
    .constdata                               0x00003b0e   Section      480  nokia5110.o(.constdata)
    x$fpl$usenofp                            0x00003b0e   Section        0  usenofp.o(x$fpl$usenofp)
    ASCII                                    0x00003b0e   Data         480  nokia5110.o(.constdata)
    .constdata                               0x00003cee   Section       17  __printf_flags_wp.o(.constdata)
    maptable                                 0x00003cee   Data          17  __printf_flags_wp.o(.constdata)
    .constdata                               0x00003d00   Section      136  pow.o(.constdata)
    bp                                       0x00003d00   Data          16  pow.o(.constdata)
    dp_h                                     0x00003d10   Data          16  pow.o(.constdata)
    dp_l                                     0x00003d20   Data          16  pow.o(.constdata)
    L                                        0x00003d30   Data          48  pow.o(.constdata)
    P                                        0x00003d60   Data          40  pow.o(.constdata)
    .constdata                               0x00003d88   Section        8  qnan.o(.constdata)
    locale$$data                             0x00003db0   Section      272  lc_ctype_c.o(locale$$data)
    __lcctype_c_name                         0x00003db4   Data           2  lc_ctype_c.o(locale$$data)
    __lcctype_c_start                        0x00003dbc   Data           0  lc_ctype_c.o(locale$$data)
    __lcctype_c_end                          0x00003ec0   Data           0  lc_ctype_c.o(locale$$data)
    .data                                    0x20000000   Section      104  main.o(.data)
    preError                                 0x20000000   Data           4  main.o(.data)
    integralControl                          0x20000004   Data           4  main.o(.data)
    .bss                                     0x20000068   Section       21  main.o(.bss)
    .bss                                     0x20000080   Section       96  libspace.o(.bss)
    HEAP                                     0x200000e0   Section        0  startup.o(HEAP)
    STACK                                    0x200000e0   Section     1024  startup.o(STACK)
    HeapMem                                  0x200000e0   Data           0  startup.o(HEAP)
    StackMem                                 0x200000e0   Data           0  startup.o(STACK)

    Global Symbols

    Symbol Name                              Value     Ov Type        Size  Object(Section)

    BuildAttributes$$THM_ISAv4$E$P$D$K$B$S$7EM$PE$A:L22UL41UL21$X:L11$S22US41US21$IEEE1$IW$USESV6$~STKCKD$USESV7$~SHL$OTIME$ROPI$IEEEX$EBA8$UX$STANDARDLIB$REQ8$PRES8$EABIv2 0x00000000   Number         0  anon$$obj.o ABSOLUTE
    __ARM_use_no_argv                        0x00000000   Number         0  main.o ABSOLUTE
    __Vectors                                0x00000000   Data           0  startup.o(RESET)
    _printf_flags                            0x00000000   Number         0  printf_stubs.o ABSOLUTE
    _printf_return_value                     0x00000000   Number         0  printf_stubs.o ABSOLUTE
    _printf_sizespec                         0x00000000   Number         0  printf_stubs.o ABSOLUTE
    _printf_widthprec                        0x00000000   Number         0  printf_stubs.o ABSOLUTE
    __ARM_exceptions_init                     - Undefined Weak Reference
    __alloca_initialize                       - Undefined Weak Reference
    __cpp_initialize__aeabi_                  - Undefined Weak Reference
    __cxa_finalize                            - Undefined Weak Reference
    __sigvec_lookup                           - Undefined Weak Reference
    _atexit_init                              - Undefined Weak Reference
    _call_atexit_fns                          - Undefined Weak Reference
    _clock_init                               - Undefined Weak Reference
    _fp_trap_init                             - Undefined Weak Reference
    _fp_trap_shutdown                         - Undefined Weak Reference
    _get_lc_collate                           - Undefined Weak Reference
    _get_lc_monetary                          - Undefined Weak Reference
    _get_lc_numeric                           - Undefined Weak Reference
    _get_lc_time                              - Undefined Weak Reference
    _getenv_init                              - Undefined Weak Reference
    _handle_redirection                       - Undefined Weak Reference
    _init_alloc                               - Undefined Weak Reference
    _init_user_alloc                          - Undefined Weak Reference
    _initio                                   - Undefined Weak Reference
    _printf_truncate_signed                   - Undefined Weak Reference
    _printf_truncate_unsigned                 - Undefined Weak Reference
    _rand_init                                - Undefined Weak Reference
    _signal_finish                            - Undefined Weak Reference
    _signal_init                              - Undefined Weak Reference
    _terminate_alloc                          - Undefined Weak Reference
    _terminate_user_alloc                     - Undefined Weak Reference
    _terminateio                              - Undefined Weak Reference
    Reset_Handler                            0x0000026d   Thumb Code     0  startup.o(RESET)
    NMI_Handler                              0x00000271   Thumb Code     2  startup.o(RESET)
    HardFault_Handler                        0x00000273   Thumb Code     2  startup.o(RESET)
    MemManage_Handler                        0x00000275   Thumb Code     2  startup.o(RESET)
    BusFault_Handler                         0x00000277   Thumb Code     2  startup.o(RESET)
    UsageFault_Handler                       0x00000279   Thumb Code     2  startup.o(RESET)
    SVC_Handler                              0x0000027b   Thumb Code     2  startup.o(RESET)
    DebugMon_Handler                         0x0000027d   Thumb Code     2  startup.o(RESET)
    PendSV_Handler                           0x0000027f   Thumb Code     2  startup.o(RESET)
    SysTick_Handler                          0x00000281   Thumb Code     2  startup.o(RESET)
    ADC0Seq0_Handler                         0x00000283   Thumb Code     0  startup.o(RESET)
    ADC0Seq1_Handler                         0x00000283   Thumb Code     0  startup.o(RESET)
    ADC0Seq2_Handler                         0x00000283   Thumb Code     0  startup.o(RESET)
    ADC0Seq3_Handler                         0x00000283   Thumb Code     0  startup.o(RESET)
    ADC1Seq0_Handler                         0x00000283   Thumb Code     0  startup.o(RESET)
    ADC1Seq1_Handler                         0x00000283   Thumb Code     0  startup.o(RESET)
    ADC1Seq2_Handler                         0x00000283   Thumb Code     0  startup.o(RESET)
    ADC1Seq3_Handler                         0x00000283   Thumb Code     0  startup.o(RESET)
    CAN0_Handler                             0x00000283   Thumb Code     0  startup.o(RESET)
    CAN1_Handler                             0x00000283   Thumb Code     0  startup.o(RESET)
    CAN2_Handler                             0x00000283   Thumb Code     0  startup.o(RESET)
    Comp0_Handler                            0x00000283   Thumb Code     0  startup.o(RESET)
    Comp1_Handler                            0x00000283   Thumb Code     0  startup.o(RESET)
    Comp2_Handler                            0x00000283   Thumb Code     0  startup.o(RESET)
    Ethernet_Handler                         0x00000283   Thumb Code     0  startup.o(RESET)
    ExtBus_Handler                           0x00000283   Thumb Code     0  startup.o(RESET)
    FPU_Handler                              0x00000283   Thumb Code     0  startup.o(RESET)
    Fan0_Handler                             0x00000283   Thumb Code     0  startup.o(RESET)
    FlashCtl_Handler                         0x00000283   Thumb Code     0  startup.o(RESET)
    GPIOPortA_Handler                        0x00000283   Thumb Code     0  startup.o(RESET)
    GPIOPortB_Handler                        0x00000283   Thumb Code     0  startup.o(RESET)
    GPIOPortC_Handler                        0x00000283   Thumb Code     0  startup.o(RESET)
    GPIOPortD_Handler                        0x00000283   Thumb Code     0  startup.o(RESET)
    GPIOPortE_Handler                        0x00000283   Thumb Code     0  startup.o(RESET)
    GPIOPortF_Handler                        0x00000283   Thumb Code     0  startup.o(RESET)
    GPIOPortG_Handler                        0x00000283   Thumb Code     0  startup.o(RESET)
    GPIOPortH_Handler                        0x00000283   Thumb Code     0  startup.o(RESET)
    GPIOPortJ_Handler                        0x00000283   Thumb Code     0  startup.o(RESET)
    GPIOPortK_Handler                        0x00000283   Thumb Code     0  startup.o(RESET)
    GPIOPortL_Handler                        0x00000283   Thumb Code     0  startup.o(RESET)
    GPIOPortM_Handler                        0x00000283   Thumb Code     0  startup.o(RESET)
    GPIOPortN_Handler                        0x00000283   Thumb Code     0  startup.o(RESET)
    GPIOPortP1_Handler                       0x00000283   Thumb Code     0  startup.o(RESET)
    GPIOPortP2_Handler                       0x00000283   Thumb Code     0  startup.o(RESET)
    GPIOPortP3_Handler                       0x00000283   Thumb Code     0  startup.o(RESET)
    GPIOPortP4_Handler                       0x00000283   Thumb Code     0  startup.o(RESET)
    GPIOPortP5_Handler                       0x00000283   Thumb Code     0  startup.o(RESET)
    GPIOPortP6_Handler                       0x00000283   Thumb Code     0  startup.o(RESET)
    GPIOPortP7_Handler                       0x00000283   Thumb Code     0  startup.o(RESET)
    GPIOPortP_Handler                        0x00000283   Thumb Code     0  startup.o(RESET)
    GPIOPortQ1_Handler                       0x00000283   Thumb Code     0  startup.o(RESET)
    GPIOPortQ2_Handler                       0x00000283   Thumb Code     0  startup.o(RESET)
    GPIOPortQ3_Handler                       0x00000283   Thumb Code     0  startup.o(RESET)
    GPIOPortQ4_Handler                       0x00000283   Thumb Code     0  startup.o(RESET)
    GPIOPortQ5_Handler                       0x00000283   Thumb Code     0  startup.o(RESET)
    GPIOPortQ6_Handler                       0x00000283   Thumb Code     0  startup.o(RESET)
    GPIOPortQ7_Handler                       0x00000283   Thumb Code     0  startup.o(RESET)
    GPIOPortQ_Handler                        0x00000283   Thumb Code     0  startup.o(RESET)
    GPIOPortR_Handler                        0x00000283   Thumb Code     0  startup.o(RESET)
    GPIOPortS_Handler                        0x00000283   Thumb Code     0  startup.o(RESET)
    Hibernate_Handler                        0x00000283   Thumb Code     0  startup.o(RESET)
    I2C0_Handler                             0x00000283   Thumb Code     0  startup.o(RESET)
    I2C1_Handler                             0x00000283   Thumb Code     0  startup.o(RESET)
    I2C2_Handler                             0x00000283   Thumb Code     0  startup.o(RESET)
    I2C3_Handler                             0x00000283   Thumb Code     0  startup.o(RESET)
    I2C4_Handler                             0x00000283   Thumb Code     0  startup.o(RESET)
    I2C5_Handler                             0x00000283   Thumb Code     0  startup.o(RESET)
    I2S0_Handler                             0x00000283   Thumb Code     0  startup.o(RESET)
    LPC0_Handler                             0x00000283   Thumb Code     0  startup.o(RESET)
    PECI0_Handler                            0x00000283   Thumb Code     0  startup.o(RESET)
    PWM0Fault_Handler                        0x00000283   Thumb Code     0  startup.o(RESET)
    PWM0Generator0_Handler                   0x00000283   Thumb Code     0  startup.o(RESET)
    PWM0Generator1_Handler                   0x00000283   Thumb Code     0  startup.o(RESET)
    PWM0Generator2_Handler                   0x00000283   Thumb Code     0  startup.o(RESET)
    PWM0Generator3_Handler                   0x00000283   Thumb Code     0  startup.o(RESET)
    PWM1Fault_Handler                        0x00000283   Thumb Code     0  startup.o(RESET)
    PWM1Generator0_Handler                   0x00000283   Thumb Code     0  startup.o(RESET)
    PWM1Generator1_Handler                   0x00000283   Thumb Code     0  startup.o(RESET)
    PWM1Generator2_Handler                   0x00000283   Thumb Code     0  startup.o(RESET)
    PWM1Generator3_Handler                   0x00000283   Thumb Code     0  startup.o(RESET)
    Quadrature0_Handler                      0x00000283   Thumb Code     0  startup.o(RESET)
    Quadrature1_Handler                      0x00000283   Thumb Code     0  startup.o(RESET)
    Quadrature2_Handler                      0x00000283   Thumb Code     0  startup.o(RESET)
    SSI0_Handler                             0x00000283   Thumb Code     0  startup.o(RESET)
    SSI1_Handler                             0x00000283   Thumb Code     0  startup.o(RESET)
    SSI2_Handler                             0x00000283   Thumb Code     0  startup.o(RESET)
    SSI3_Handler                             0x00000283   Thumb Code     0  startup.o(RESET)
    SysCtl_Handler                           0x00000283   Thumb Code     0  startup.o(RESET)
    Timer0A_Handler                          0x00000283   Thumb Code     0  startup.o(RESET)
    Timer0B_Handler                          0x00000283   Thumb Code     0  startup.o(RESET)
    Timer1A_Handler                          0x00000283   Thumb Code     0  startup.o(RESET)
    Timer1B_Handler                          0x00000283   Thumb Code     0  startup.o(RESET)
    Timer2A_Handler                          0x00000283   Thumb Code     0  startup.o(RESET)
    Timer2B_Handler                          0x00000283   Thumb Code     0  startup.o(RESET)
    Timer3A_Handler                          0x00000283   Thumb Code     0  startup.o(RESET)
    Timer3B_Handler                          0x00000283   Thumb Code     0  startup.o(RESET)
    Timer4A_Handler                          0x00000283   Thumb Code     0  startup.o(RESET)
    Timer4B_Handler                          0x00000283   Thumb Code     0  startup.o(RESET)
    Timer5A_Handler                          0x00000283   Thumb Code     0  startup.o(RESET)
    Timer5B_Handler                          0x00000283   Thumb Code     0  startup.o(RESET)
    UART0_Handler                            0x00000283   Thumb Code     0  startup.o(RESET)
    UART1_Handler                            0x00000283   Thumb Code     0  startup.o(RESET)
    UART2_Handler                            0x00000283   Thumb Code     0  startup.o(RESET)
    UART3_Handler                            0x00000283   Thumb Code     0  startup.o(RESET)
    UART4_Handler                            0x00000283   Thumb Code     0  startup.o(RESET)
    UART5_Handler                            0x00000283   Thumb Code     0  startup.o(RESET)
    UART6_Handler                            0x00000283   Thumb Code     0  startup.o(RESET)
    UART7_Handler                            0x00000283   Thumb Code     0  startup.o(RESET)
    USB0_Handler                             0x00000283   Thumb Code     0  startup.o(RESET)
    WDT_Handler                              0x00000283   Thumb Code     0  startup.o(RESET)
    WideTimer0A_Handler                      0x00000283   Thumb Code     0  startup.o(RESET)
    WideTimer0B_Handler                      0x00000283   Thumb Code     0  startup.o(RESET)
    WideTimer1A_Handler                      0x00000283   Thumb Code     0  startup.o(RESET)
    WideTimer1B_Handler                      0x00000283   Thumb Code     0  startup.o(RESET)
    WideTimer2A_Handler                      0x00000283   Thumb Code     0  startup.o(RESET)
    WideTimer2B_Handler                      0x00000283   Thumb Code     0  startup.o(RESET)
    WideTimer3A_Handler                      0x00000283   Thumb Code     0  startup.o(RESET)
    WideTimer3B_Handler                      0x00000283   Thumb Code     0  startup.o(RESET)
    WideTimer4A_Handler                      0x00000283   Thumb Code     0  startup.o(RESET)
    WideTimer4B_Handler                      0x00000283   Thumb Code     0  startup.o(RESET)
    WideTimer5A_Handler                      0x00000283   Thumb Code     0  startup.o(RESET)
    WideTimer5B_Handler                      0x00000283   Thumb Code     0  startup.o(RESET)
    uDMA_Error                               0x00000283   Thumb Code     0  startup.o(RESET)
    uDMA_Handler                             0x00000283   Thumb Code     0  startup.o(RESET)
    __main                                   0x00000285   Thumb Code     8  __main.o(!!!main)
    __scatterload                            0x0000028d   Thumb Code     0  __scatter.o(!!!scatter)
    __scatterload_rt2                        0x0000028d   Thumb Code    44  __scatter.o(!!!scatter)
    __scatterload_rt2_thumb_only             0x0000028d   Thumb Code     0  __scatter.o(!!!scatter)
    __scatterload_null                       0x0000029b   Thumb Code     0  __scatter.o(!!!scatter)
    __scatterload_copy                       0x000002c1   Thumb Code    26  __scatter_copy.o(!!handler_copy)
    __scatterload_zeroinit                   0x000002dd   Thumb Code    28  __scatter_zi.o(!!handler_zi)
    _printf_d                                0x000002f9   Thumb Code     0  _printf_d.o(.ARM.Collect$$_printf_percent$$00000009)
    _printf_percent                          0x000002f9   Thumb Code     0  _printf_percent.o(.ARM.Collect$$_printf_percent$$00000000)
    _printf_percent_end                      0x000002ff   Thumb Code     0  _printf_percent_end.o(.ARM.Collect$$_printf_percent$$00000017)
    __rt_lib_init                            0x00000303   Thumb Code     0  libinit.o(.ARM.Collect$$libinit$$00000000)
    __rt_lib_init_fp_1                       0x00000305   Thumb Code     0  libinit2.o(.ARM.Collect$$libinit$$00000002)
    __rt_lib_init_heap_1                     0x00000305   Thumb Code     0  libinit2.o(.ARM.Collect$$libinit$$00000008)
    __rt_lib_init_lc_common                  0x00000305   Thumb Code     0  libinit2.o(.ARM.Collect$$libinit$$0000000D)
    __rt_lib_init_rand_1                     0x00000305   Thumb Code     0  libinit2.o(.ARM.Collect$$libinit$$0000000C)
    __rt_lib_init_user_alloc_1               0x00000305   Thumb Code     0  libinit2.o(.ARM.Collect$$libinit$$0000000A)
    __rt_lib_init_lc_collate_1               0x0000030b   Thumb Code     0  libinit2.o(.ARM.Collect$$libinit$$0000000F)
    __rt_lib_init_lc_ctype_2                 0x0000030b   Thumb Code     0  libinit2.o(.ARM.Collect$$libinit$$00000010)
    __rt_lib_init_alloca_1                   0x00000317   Thumb Code     0  libinit2.o(.ARM.Collect$$libinit$$0000002C)
    __rt_lib_init_argv_1                     0x00000317   Thumb Code     0  libinit2.o(.ARM.Collect$$libinit$$0000002A)
    __rt_lib_init_atexit_1                   0x00000317   Thumb Code     0  libinit2.o(.ARM.Collect$$libinit$$00000019)
    __rt_lib_init_clock_1                    0x00000317   Thumb Code     0  libinit2.o(.ARM.Collect$$libinit$$0000001F)
    __rt_lib_init_cpp_1                      0x00000317   Thumb Code     0  libinit2.o(.ARM.Collect$$libinit$$00000030)
    __rt_lib_init_exceptions_1               0x00000317   Thumb Code     0  libinit2.o(.ARM.Collect$$libinit$$0000002E)
    __rt_lib_init_fp_trap_1                  0x00000317   Thumb Code     0  libinit2.o(.ARM.Collect$$libinit$$0000001D)
    __rt_lib_init_getenv_1                   0x00000317   Thumb Code     0  libinit2.o(.ARM.Collect$$libinit$$00000021)
    __rt_lib_init_lc_ctype_1                 0x00000317   Thumb Code     0  libinit2.o(.ARM.Collect$$libinit$$00000011)
    __rt_lib_init_lc_monetary_1              0x00000317   Thumb Code     0  libinit2.o(.ARM.Collect$$libinit$$00000013)
    __rt_lib_init_lc_numeric_1               0x00000317   Thumb Code     0  libinit2.o(.ARM.Collect$$libinit$$00000015)
    __rt_lib_init_lc_time_1                  0x00000317   Thumb Code     0  libinit2.o(.ARM.Collect$$libinit$$00000017)
    __rt_lib_init_return                     0x00000317   Thumb Code     0  libinit2.o(.ARM.Collect$$libinit$$00000031)
    __rt_lib_init_signal_1                   0x00000317   Thumb Code     0  libinit2.o(.ARM.Collect$$libinit$$0000001B)
    __rt_lib_init_stdio_1                    0x00000317   Thumb Code     0  libinit2.o(.ARM.Collect$$libinit$$00000023)
    __rt_lib_shutdown                        0x00000319   Thumb Code     0  libshutdown.o(.ARM.Collect$$libshutdown$$00000000)
    __rt_lib_shutdown_fp_trap_1              0x0000031b   Thumb Code     0  libshutdown2.o(.ARM.Collect$$libshutdown$$00000006)
    __rt_lib_shutdown_heap_1                 0x0000031b   Thumb Code     0  libshutdown2.o(.ARM.Collect$$libshutdown$$0000000E)
    __rt_lib_shutdown_return                 0x0000031b   Thumb Code     0  libshutdown2.o(.ARM.Collect$$libshutdown$$0000000F)
    __rt_lib_shutdown_signal_1               0x0000031b   Thumb Code     0  libshutdown2.o(.ARM.Collect$$libshutdown$$00000009)
    __rt_lib_shutdown_stdio_1                0x0000031b   Thumb Code     0  libshutdown2.o(.ARM.Collect$$libshutdown$$00000003)
    __rt_lib_shutdown_user_alloc_1           0x0000031b   Thumb Code     0  libshutdown2.o(.ARM.Collect$$libshutdown$$0000000B)
    __rt_entry                               0x0000031d   Thumb Code     0  rtentry.o(.ARM.Collect$$rtentry$$00000000)
    __rt_entry_presh_1                       0x0000031d   Thumb Code     0  rtentry2.o(.ARM.Collect$$rtentry$$00000002)
    __rt_entry_sh                            0x0000031d   Thumb Code     0  rtentry4.o(.ARM.Collect$$rtentry$$00000004)
    __rt_entry_li                            0x00000323   Thumb Code     0  rtentry2.o(.ARM.Collect$$rtentry$$0000000A)
    __rt_entry_postsh_1                      0x00000323   Thumb Code     0  rtentry2.o(.ARM.Collect$$rtentry$$00000009)
    __rt_entry_main                          0x00000327   Thumb Code     0  rtentry2.o(.ARM.Collect$$rtentry$$0000000D)
    __rt_entry_postli_1                      0x00000327   Thumb Code     0  rtentry2.o(.ARM.Collect$$rtentry$$0000000C)
    __rt_exit                                0x0000032f   Thumb Code     0  rtexit.o(.ARM.Collect$$rtexit$$00000000)
    __rt_exit_ls                             0x00000331   Thumb Code     0  rtexit2.o(.ARM.Collect$$rtexit$$00000003)
    __rt_exit_prels_1                        0x00000331   Thumb Code     0  rtexit2.o(.ARM.Collect$$rtexit$$00000002)
    __rt_exit_exit                           0x00000335   Thumb Code     0  rtexit2.o(.ARM.Collect$$rtexit$$00000004)
    DisableInterrupts                        0x0000033d   Thumb Code     0  startup.o(.text)
    EnableInterrupts                         0x00000341   Thumb Code     0  startup.o(.text)
    StartCritical                            0x00000345   Thumb Code     0  startup.o(.text)
    EndCritical                              0x0000034d   Thumb Code     0  startup.o(.text)
    WaitForInterrupt                         0x00000353   Thumb Code     0  startup.o(.text)
    __user_initial_stackheap                 0x00000357   Thumb Code     0  startup.o(.text)
    __aeabi_ldivmod                          0x0000036d   Thumb Code     0  llsdiv.o(.text)
    _ll_sdiv                                 0x0000036d   Thumb Code    72  llsdiv.o(.text)
    __2sprintf                               0x000003b5   Thumb Code    34  noretval__2sprintf.o(.text)
    _printf_pre_padding                      0x000003dd   Thumb Code    46  _printf_pad.o(.text)
    _printf_post_padding                     0x0000040b   Thumb Code    36  _printf_pad.o(.text)
    _printf_int_dec                          0x00000431   Thumb Code   102  _printf_dec.o(.text)
    __printf                                 0x000004a9   Thumb Code   310  __printf_flags_wp.o(.text)
    atoi                                     0x000005e5   Thumb Code    26  atoi.o(.text)
    strcat                                   0x000005ff   Thumb Code    24  strcat.o(.text)
    __use_two_region_memory                  0x00000617   Thumb Code     2  heapauxi.o(.text)
    __rt_heap_escrow$2region                 0x00000619   Thumb Code     2  heapauxi.o(.text)
    __rt_heap_expand$2region                 0x0000061b   Thumb Code     2  heapauxi.o(.text)
    __aeabi_errno_addr                       0x0000061d   Thumb Code     8  rt_errno_addr_intlibspace.o(.text)
    __errno$intlibspace                      0x0000061d   Thumb Code     0  rt_errno_addr_intlibspace.o(.text)
    __rt_errno_addr$intlibspace              0x0000061d   Thumb Code     0  rt_errno_addr_intlibspace.o(.text)
    __aeabi_uldivmod                         0x00000625   Thumb Code     0  lludivv7m.o(.text)
    _ll_udiv                                 0x00000625   Thumb Code   238  lludivv7m.o(.text)
    __read_errno                             0x00000713   Thumb Code    10  _rserrno.o(.text)
    __set_errno                              0x0000071d   Thumb Code    12  _rserrno.o(.text)
    _printf_int_common                       0x00000729   Thumb Code   184  _printf_intcommon.o(.text)
    _printf_char_common                      0x000007eb   Thumb Code    32  _printf_char_common.o(.text)
    _sputc                                   0x00000811   Thumb Code    10  _sputc.o(.text)
    strtol                                   0x0000081b   Thumb Code   112  strtol.o(.text)
    __user_libspace                          0x0000088d   Thumb Code     8  libspace.o(.text)
    __user_perproc_libspace                  0x0000088d   Thumb Code     0  libspace.o(.text)
    __user_perthread_libspace                0x0000088d   Thumb Code     0  libspace.o(.text)
    __rt_ctype_table                         0x00000895   Thumb Code    16  rt_ctype_table.o(.text)
    _strtoul                                 0x000008a5   Thumb Code   158  _strtoul.o(.text)
    __user_setup_stackheap                   0x00000943   Thumb Code    74  sys_stackheap_outer.o(.text)
    __rt_locale                              0x0000098d   Thumb Code     8  rt_locale_intlibspace.o(.text)
    _chval                                   0x00000995   Thumb Code    28  _chval.o(.text)
    exit                                     0x000009b1   Thumb Code    12  exit.o(.text)
    strcmp                                   0x000009bd   Thumb Code   128  strcmpv7m.o(.text)
    _sys_exit                                0x00000a3d   Thumb Code     8  sys_exit.o(.text)
    __I$use$semihosting                      0x00000a49   Thumb Code     0  use_no_semi.o(.text)
    __use_no_semihosting_swi                 0x00000a49   Thumb Code     2  use_no_semi.o(.text)
    __semihosting_library_function           0x00000a4b   Thumb Code     0  indicate_semi.o(.text)
    Delay                                    0x00000a4d   Thumb Code    22  delayfunctions.o(i.Delay)
    Delay2                                   0x00000a69   Thumb Code    18  delayfunctions.o(i.Delay2)
    Delay3                                   0x00000a7b   Thumb Code    18  delayfunctions.o(i.Delay3)
    M0PWM0_Duty                              0x00000a8d   Thumb Code     8  pwm.o(i.M0PWM0_Duty)
    M0PWM1_Duty_new                          0x00000a99   Thumb Code     8  pwm.o(i.M0PWM1_Duty_new)
    M0PWM2_Duty                              0x00000aa5   Thumb Code     8  pwm.o(i.M0PWM2_Duty)
    M0PWM2_Init                              0x00000ab1   Thumb Code   238  pwm.o(i.M0PWM2_Init)
    M0PWM3_Duty                              0x00000bbd   Thumb Code     8  pwm.o(i.M0PWM3_Duty)
    M0PWM6_Duty                              0x00000bc9   Thumb Code     8  pwm.o(i.M0PWM6_Duty)
    M0PWM6_Init                              0x00000bd5   Thumb Code   238  pwm.o(i.M0PWM6_Init)
    M0PWM7_Duty                              0x00000ce1   Thumb Code     8  pwm.o(i.M0PWM7_Duty)
    M0PWM7_Init                              0x00000ced   Thumb Code   242  pwm.o(i.M0PWM7_Init)
    Nokia5110_Clear                          0x00000dfd   Thumb Code    32  nokia5110.o(i.Nokia5110_Clear)
    Nokia5110_Init                           0x00000e1d   Thumb Code   316  nokia5110.o(i.Nokia5110_Init)
    Nokia5110_OutChar                        0x00000f89   Thumb Code    52  nokia5110.o(i.Nokia5110_OutChar)
    Nokia5110_OutString                      0x00000fc1   Thumb Code    22  nokia5110.o(i.Nokia5110_OutString)
    Nokia5110_OutUDec                        0x00000fd9   Thumb Code   394  nokia5110.o(i.Nokia5110_OutUDec)
    Nokia5110_SetCursor                      0x00001175   Thumb Code    48  nokia5110.o(i.Nokia5110_SetCursor)
    PLL_Init                                 0x000011a5   Thumb Code   118  pll.o(i.PLL_Init)
    PortB_Init                               0x00001221   Thumb Code   114  portinitializations.o(i.PortB_Init)
    PortD_Init                               0x000012ad   Thumb Code   114  portinitializations.o(i.PortD_Init)
    PortF_Init                               0x00001339   Thumb Code    80  portinitializations.o(i.PortF_Init)
    UART_InChar                              0x000013a5   Thumb Code    20  uart.o(i.UART_InChar)
    UART_Init                                0x000013bd   Thumb Code   132  uart.o(i.UART_Init)
    __ARM_fpclassify                         0x00001459   Thumb Code    40  fpclassify.o(i.__ARM_fpclassify)
    __kernel_poly                            0x00001481   Thumb Code   170  poly.o(i.__kernel_poly)
    __mathlib_dbl_underflow                  0x0000152d   Thumb Code    10  dunder.o(i.__mathlib_dbl_underflow)
    _is_digit                                0x0000153d   Thumb Code    14  __printf_wp.o(i._is_digit)
    armPickUpLocation                        0x0000154d   Thumb Code    82  robotarmmovement.o(i.armPickUpLocation)
    binaryToDecimal                          0x000015b1   Thumb Code   148  uartcommunication.o(i.binaryToDecimal)
    charToDecimal                            0x00001645   Thumb Code    54  uartcommunication.o(i.charToDecimal)
    concat                                   0x0000167d   Thumb Code    50  uartcommunication.o(i.concat)
    controlLoop                              0x000016b9   Thumb Code   168  main.o(i.controlLoop)
    controllerLoop                           0x0000177d   Thumb Code    34  main.o(i.controllerLoop)
    decToBinary                              0x000017a5   Thumb Code    56  uartcommunication.o(i.decToBinary)
    decreasePWM                              0x000017dd   Thumb Code    36  robotarmmovement.o(i.decreasePWM)
    distancePIDcontrol                       0x00001801   Thumb Code   114  main.o(i.distancePIDcontrol)
    floor                                    0x0000187d   Thumb Code   204  floor.o(i.floor)
    increasePWM                              0x00001959   Thumb Code    36  robotarmmovement.o(i.increasePWM)
    main                                     0x000019c9   Thumb Code   698  main.o(i.main)
    motorPIDcontrol                          0x00001ce1   Thumb Code   190  main.o(i.motorPIDcontrol)
    pickUp                                   0x00001db1   Thumb Code   230  robotarmmovement.o(i.pickUp)
    pow                                      0x00001ea1   Thumb Code  2510  pow.o(i.pow)
    singleCharToDecimal                      0x00002881   Thumb Code     2  uartcommunication.o(i.singleCharToDecimal)
    sqrt                                     0x00002883   Thumb Code    76  sqrt.o(i.sqrt)
    _get_lc_ctype                            0x000028d1   Thumb Code    44  lc_ctype_c.o(locale$$code)
    __aeabi_d2f                              0x000028fd   Thumb Code     0  d2f.o(x$fpl$d2f)
    _d2f                                     0x000028fd   Thumb Code    98  d2f.o(x$fpl$d2f)
    __aeabi_dadd                             0x00002961   Thumb Code     0  daddsub_clz.o(x$fpl$dadd)
    _dadd                                    0x00002961   Thumb Code   332  daddsub_clz.o(x$fpl$dadd)
    __fpl_dcheck_NaN1                        0x00002ab1   Thumb Code    10  dcheck1.o(x$fpl$dcheck1)
    __fpl_dcmp_Inf                           0x00002ac1   Thumb Code    24  dcmpi.o(x$fpl$dcmpinf)
    __aeabi_ddiv                             0x00002ad9   Thumb Code     0  ddiv.o(x$fpl$ddiv)
    _ddiv                                    0x00002ad9   Thumb Code   552  ddiv.o(x$fpl$ddiv)
    __aeabi_d2iz                             0x00002d89   Thumb Code     0  dfix.o(x$fpl$dfix)
    _dfix                                    0x00002d89   Thumb Code    94  dfix.o(x$fpl$dfix)
    __aeabi_i2d                              0x00002de7   Thumb Code     0  dflt_clz.o(x$fpl$dflt)
    _dflt                                    0x00002de7   Thumb Code    46  dflt_clz.o(x$fpl$dflt)
    __aeabi_cdcmple                          0x00002e15   Thumb Code     0  dleqf.o(x$fpl$dleqf)
    _dcmple                                  0x00002e15   Thumb Code   120  dleqf.o(x$fpl$dleqf)
    __fpl_dcmple_InfNaN                      0x00002e77   Thumb Code     0  dleqf.o(x$fpl$dleqf)
    __aeabi_dmul                             0x00002e8d   Thumb Code     0  dmul.o(x$fpl$dmul)
    _dmul                                    0x00002e8d   Thumb Code   332  dmul.o(x$fpl$dmul)
    __fpl_dnaninf                            0x00002fe1   Thumb Code   156  dnaninf.o(x$fpl$dnaninf)
    __fpl_dretinf                            0x0000307d   Thumb Code    12  dretinf.o(x$fpl$dretinf)
    __aeabi_cdrcmple                         0x00003089   Thumb Code     0  drleqf.o(x$fpl$drleqf)
    _drcmple                                 0x00003089   Thumb Code   108  drleqf.o(x$fpl$drleqf)
    __aeabi_drsub                            0x000030f5   Thumb Code     0  daddsub_clz.o(x$fpl$drsb)
    _drsb                                    0x000030f5   Thumb Code    22  daddsub_clz.o(x$fpl$drsb)
    _dsqrt                                   0x0000310d   Thumb Code   404  dsqrt_umaal.o(x$fpl$dsqrt)
    __aeabi_dsub                             0x000032a5   Thumb Code     0  daddsub_clz.o(x$fpl$dsub)
    _dsub                                    0x000032a5   Thumb Code   464  daddsub_clz.o(x$fpl$dsub)
    __aeabi_f2d                              0x00003479   Thumb Code     0  f2d.o(x$fpl$f2d)
    _f2d                                     0x00003479   Thumb Code    86  f2d.o(x$fpl$f2d)
    __aeabi_fadd                             0x000034d1   Thumb Code     0  faddsub_clz.o(x$fpl$fadd)
    _fadd                                    0x000034d1   Thumb Code   196  faddsub_clz.o(x$fpl$fadd)
    __fpl_fcmp_Inf                           0x00003595   Thumb Code    24  fcmpi.o(x$fpl$fcmpinf)
    __aeabi_cfcmpeq                          0x000035ad   Thumb Code     0  feqf.o(x$fpl$feqf)
    _fcmpeq                                  0x000035ad   Thumb Code   104  feqf.o(x$fpl$feqf)
    __aeabi_f2iz                             0x00003615   Thumb Code     0  ffix.o(x$fpl$ffix)
    _ffix                                    0x00003615   Thumb Code    54  ffix.o(x$fpl$ffix)
    __aeabi_f2uiz                            0x0000364d   Thumb Code     0  ffixu.o(x$fpl$ffixu)
    _ffixu                                   0x0000364d   Thumb Code    62  ffixu.o(x$fpl$ffixu)
    __aeabi_i2f                              0x0000368d   Thumb Code     0  fflt_clz.o(x$fpl$fflt)
    _fflt                                    0x0000368d   Thumb Code    48  fflt_clz.o(x$fpl$fflt)
    __aeabi_cfcmple                          0x000036bd   Thumb Code     0  fleqf.o(x$fpl$fleqf)
    _fcmple                                  0x000036bd   Thumb Code   104  fleqf.o(x$fpl$fleqf)
    __fpl_fcmple_InfNaN                      0x0000370f   Thumb Code     0  fleqf.o(x$fpl$fleqf)
    __aeabi_fmul                             0x00003725   Thumb Code     0  fmul.o(x$fpl$fmul)
    _fmul                                    0x00003725   Thumb Code   258  fmul.o(x$fpl$fmul)
    __fpl_fnaninf                            0x00003827   Thumb Code   140  fnaninf.o(x$fpl$fnaninf)
    __fpl_fretinf                            0x000038b3   Thumb Code    10  fretinf.o(x$fpl$fretinf)
    __aeabi_cfrcmple                         0x000038bd   Thumb Code     0  frleqf.o(x$fpl$frleqf)
    _frcmple                                 0x000038bd   Thumb Code    98  frleqf.o(x$fpl$frleqf)
    __aeabi_frsub                            0x0000391f   Thumb Code     0  faddsub_clz.o(x$fpl$frsb)
    _frsb                                    0x0000391f   Thumb Code    20  faddsub_clz.o(x$fpl$frsb)
    __aeabi_fsub                             0x00003935   Thumb Code     0  faddsub_clz.o(x$fpl$fsub)
    _fsub                                    0x00003935   Thumb Code   234  faddsub_clz.o(x$fpl$fsub)
    __fpl_return_NaN                         0x00003a1f   Thumb Code   100  retnan.o(x$fpl$retnan)
    __ARM_scalbn                             0x00003a83   Thumb Code    92  scalbn.o(x$fpl$scalbn)
    __fpl_cmpreturn                          0x00003adf   Thumb Code    48  trapv.o(x$fpl$trapveneer)
    __I$use$fp                               0x00003b0e   Number         0  usenofp.o(x$fpl$usenofp)
    __mathlib_zero                           0x00003d88   Data           8  qnan.o(.constdata)
    Region$$Table$$Base                      0x00003d90   Number         0  anon$$obj.o(Region$$Table)
    Region$$Table$$Limit                     0x00003db0   Number         0  anon$$obj.o(Region$$Table)
    __ctype                                  0x00003dbd   Data           0  lc_ctype_c.o(locale$$data)
    n                                        0x20000008   Data           1  main.o(.data)
    i                                        0x2000000c   Data           4  main.o(.data)
    k                                        0x20000010   Data           4  main.o(.data)
    j                                        0x20000014   Data           4  main.o(.data)
    pickUpValue                              0x20000018   Data           4  main.o(.data)
    xValue                                   0x2000001c   Data           4  main.o(.data)
    pickUpFlag                               0x20000020   Data           4  main.o(.data)
    uartFlag                                 0x20000024   Data           4  main.o(.data)
    check_value                              0x20000028   Data           4  main.o(.data)
    check_sum                                0x2000002c   Data           4  main.o(.data)
    finalXCoordinateValue                    0x20000030   Data           4  main.o(.data)
    finalYCoordinateValue                    0x20000034   Data           4  main.o(.data)
    dFinalX                                  0x20000038   Data           4  main.o(.data)
    dFinalDistance                           0x2000003c   Data           4  main.o(.data)
    finalDistance                            0x20000040   Data           4  main.o(.data)
    checkDisplay                             0x20000044   Data           4  main.o(.data)
    leftPWMSpeed                             0x20000048   Data           4  main.o(.data)
    rightPWMSpeed                            0x2000004c   Data           4  main.o(.data)
    motorSpeed                               0x20000050   Data           4  main.o(.data)
    distanceSpeed                            0x20000054   Data           4  main.o(.data)
    dLeftPWMSpeed                            0x20000058   Data           4  main.o(.data)
    dRightPWMSpeed                           0x2000005c   Data           4  main.o(.data)
    dMotorSpeed                              0x20000060   Data           4  main.o(.data)
    ballCount                                0x20000064   Data           4  main.o(.data)
    buffer                                   0x20000068   Data          11  main.o(.bss)
    distanceBuffer                           0x20000073   Data          10  main.o(.bss)
    __libspace_start                         0x20000080   Data          96  libspace.o(.bss)
    __temporary_stack_top$libspace           0x200000e0   Data           0  libspace.o(.bss)



==============================================================================

Memory Map of the image

  Image Entry point : 0x0000026d

  Load Region LR_1 (Base: 0x00000000, Size: 0x00003f28, Max: 0xffffffff, ABSOLUTE)

    Execution Region ER_RO (Base: 0x00000000, Size: 0x00003ec0, Max: 0xffffffff, ABSOLUTE)

    Base Addr    Size         Type   Attr      Idx    E Section Name        Object

    0x00000000   0x00000284   Code   RO            3  * RESET               startup.o
    0x00000284   0x00000008   Code   RO          500  * !!!main             c_w.l(__main.o)
    0x0000028c   0x00000034   Code   RO          810    !!!scatter          c_w.l(__scatter.o)
    0x000002c0   0x0000001a   Code   RO          812    !!handler_copy      c_w.l(__scatter_copy.o)
    0x000002da   0x00000002   PAD
    0x000002dc   0x0000001c   Code   RO          814    !!handler_zi        c_w.l(__scatter_zi.o)
    0x000002f8   0x00000000   Code   RO          493    .ARM.Collect$$_printf_percent$$00000000  c_w.l(_printf_percent.o)
    0x000002f8   0x00000006   Code   RO          492    .ARM.Collect$$_printf_percent$$00000009  c_w.l(_printf_d.o)
    0x000002fe   0x00000004   Code   RO          582    .ARM.Collect$$_printf_percent$$00000017  c_w.l(_printf_percent_end.o)
    0x00000302   0x00000002   Code   RO          674    .ARM.Collect$$libinit$$00000000  c_w.l(libinit.o)
    0x00000304   0x00000000   Code   RO          688    .ARM.Collect$$libinit$$00000002  c_w.l(libinit2.o)
    0x00000304   0x00000000   Code   RO          691    .ARM.Collect$$libinit$$00000008  c_w.l(libinit2.o)
    0x00000304   0x00000000   Code   RO          693    .ARM.Collect$$libinit$$0000000A  c_w.l(libinit2.o)
    0x00000304   0x00000000   Code   RO          695    .ARM.Collect$$libinit$$0000000C  c_w.l(libinit2.o)
    0x00000304   0x00000006   Code   RO          696    .ARM.Collect$$libinit$$0000000D  c_w.l(libinit2.o)
    0x0000030a   0x00000000   Code   RO          698    .ARM.Collect$$libinit$$0000000F  c_w.l(libinit2.o)
    0x0000030a   0x0000000c   Code   RO          699    .ARM.Collect$$libinit$$00000010  c_w.l(libinit2.o)
    0x00000316   0x00000000   Code   RO          700    .ARM.Collect$$libinit$$00000011  c_w.l(libinit2.o)
    0x00000316   0x00000000   Code   RO          702    .ARM.Collect$$libinit$$00000013  c_w.l(libinit2.o)
    0x00000316   0x00000000   Code   RO          704    .ARM.Collect$$libinit$$00000015  c_w.l(libinit2.o)
    0x00000316   0x00000000   Code   RO          706    .ARM.Collect$$libinit$$00000017  c_w.l(libinit2.o)
    0x00000316   0x00000000   Code   RO          708    .ARM.Collect$$libinit$$00000019  c_w.l(libinit2.o)
    0x00000316   0x00000000   Code   RO          710    .ARM.Collect$$libinit$$0000001B  c_w.l(libinit2.o)
    0x00000316   0x00000000   Code   RO          712    .ARM.Collect$$libinit$$0000001D  c_w.l(libinit2.o)
    0x00000316   0x00000000   Code   RO          714    .ARM.Collect$$libinit$$0000001F  c_w.l(libinit2.o)
    0x00000316   0x00000000   Code   RO          716    .ARM.Collect$$libinit$$00000021  c_w.l(libinit2.o)
    0x00000316   0x00000000   Code   RO          718    .ARM.Collect$$libinit$$00000023  c_w.l(libinit2.o)
    0x00000316   0x00000000   Code   RO          722    .ARM.Collect$$libinit$$0000002A  c_w.l(libinit2.o)
    0x00000316   0x00000000   Code   RO          724    .ARM.Collect$$libinit$$0000002C  c_w.l(libinit2.o)
    0x00000316   0x00000000   Code   RO          726    .ARM.Collect$$libinit$$0000002E  c_w.l(libinit2.o)
    0x00000316   0x00000000   Code   RO          728    .ARM.Collect$$libinit$$00000030  c_w.l(libinit2.o)
    0x00000316   0x00000002   Code   RO          729    .ARM.Collect$$libinit$$00000031  c_w.l(libinit2.o)
    0x00000318   0x00000002   Code   RO          761    .ARM.Collect$$libshutdown$$00000000  c_w.l(libshutdown.o)
    0x0000031a   0x00000000   Code   RO          779    .ARM.Collect$$libshutdown$$00000003  c_w.l(libshutdown2.o)
    0x0000031a   0x00000000   Code   RO          782    .ARM.Collect$$libshutdown$$00000006  c_w.l(libshutdown2.o)
    0x0000031a   0x00000000   Code   RO          785    .ARM.Collect$$libshutdown$$00000009  c_w.l(libshutdown2.o)
    0x0000031a   0x00000000   Code   RO          787    .ARM.Collect$$libshutdown$$0000000B  c_w.l(libshutdown2.o)
    0x0000031a   0x00000000   Code   RO          790    .ARM.Collect$$libshutdown$$0000000E  c_w.l(libshutdown2.o)
    0x0000031a   0x00000002   Code   RO          791    .ARM.Collect$$libshutdown$$0000000F  c_w.l(libshutdown2.o)
    0x0000031c   0x00000000   Code   RO          566    .ARM.Collect$$rtentry$$00000000  c_w.l(rtentry.o)
    0x0000031c   0x00000000   Code   RO          623    .ARM.Collect$$rtentry$$00000002  c_w.l(rtentry2.o)
    0x0000031c   0x00000006   Code   RO          635    .ARM.Collect$$rtentry$$00000004  c_w.l(rtentry4.o)
    0x00000322   0x00000000   Code   RO          625    .ARM.Collect$$rtentry$$00000009  c_w.l(rtentry2.o)
    0x00000322   0x00000004   Code   RO          626    .ARM.Collect$$rtentry$$0000000A  c_w.l(rtentry2.o)
    0x00000326   0x00000000   Code   RO          628    .ARM.Collect$$rtentry$$0000000C  c_w.l(rtentry2.o)
    0x00000326   0x00000008   Code   RO          629    .ARM.Collect$$rtentry$$0000000D  c_w.l(rtentry2.o)
    0x0000032e   0x00000002   Code   RO          679    .ARM.Collect$$rtexit$$00000000  c_w.l(rtexit.o)
    0x00000330   0x00000000   Code   RO          733    .ARM.Collect$$rtexit$$00000002  c_w.l(rtexit2.o)
    0x00000330   0x00000004   Code   RO          734    .ARM.Collect$$rtexit$$00000003  c_w.l(rtexit2.o)
    0x00000334   0x00000006   Code   RO          735    .ARM.Collect$$rtexit$$00000004  c_w.l(rtexit2.o)
    0x0000033a   0x00000002   PAD
    0x0000033c   0x00000030   Code   RO            4    .text               startup.o
    0x0000036c   0x00000048   Code   RO          460    .text               c_w.l(llsdiv.o)
    0x000003b4   0x00000028   Code   RO          464    .text               c_w.l(noretval__2sprintf.o)
    0x000003dc   0x00000052   Code   RO          468    .text               c_w.l(_printf_pad.o)
    0x0000042e   0x00000002   PAD
    0x00000430   0x00000078   Code   RO          470    .text               c_w.l(_printf_dec.o)
    0x000004a8   0x0000013c   Code   RO          484    .text               c_w.l(__printf_flags_wp.o)
    0x000005e4   0x0000001a   Code   RO          494    .text               c_w.l(atoi.o)
    0x000005fe   0x00000018   Code   RO          496    .text               c_w.l(strcat.o)
    0x00000616   0x00000006   Code   RO          498    .text               c_w.l(heapauxi.o)
    0x0000061c   0x00000008   Code   RO          570    .text               c_w.l(rt_errno_addr_intlibspace.o)
    0x00000624   0x000000ee   Code   RO          572    .text               c_w.l(lludivv7m.o)
    0x00000712   0x00000016   Code   RO          574    .text               c_w.l(_rserrno.o)
    0x00000728   0x000000b8   Code   RO          576    .text               c_w.l(_printf_intcommon.o)
    0x000007e0   0x00000030   Code   RO          578    .text               c_w.l(_printf_char_common.o)
    0x00000810   0x0000000a   Code   RO          580    .text               c_w.l(_sputc.o)
    0x0000081a   0x00000070   Code   RO          583    .text               c_w.l(strtol.o)
    0x0000088a   0x00000002   PAD
    0x0000088c   0x00000008   Code   RO          619    .text               c_w.l(libspace.o)
    0x00000894   0x00000010   Code   RO          637    .text               c_w.l(rt_ctype_table.o)
    0x000008a4   0x0000009e   Code   RO          645    .text               c_w.l(_strtoul.o)
    0x00000942   0x0000004a   Code   RO          653    .text               c_w.l(sys_stackheap_outer.o)
    0x0000098c   0x00000008   Code   RO          660    .text               c_w.l(rt_locale_intlibspace.o)
    0x00000994   0x0000001c   Code   RO          662    .text               c_w.l(_chval.o)
    0x000009b0   0x0000000c   Code   RO          667    .text               c_w.l(exit.o)
    0x000009bc   0x00000080   Code   RO          685    .text               c_w.l(strcmpv7m.o)
    0x00000a3c   0x0000000c   Code   RO          749    .text               c_w.l(sys_exit.o)
    0x00000a48   0x00000002   Code   RO          766    .text               c_w.l(use_no_semi.o)
    0x00000a4a   0x00000000   Code   RO          768    .text               c_w.l(indicate_semi.o)
    0x00000a4a   0x00000002   PAD
    0x00000a4c   0x0000001c   Code   RO          434    i.Delay             delayfunctions.o
    0x00000a68   0x00000012   Code   RO          435    i.Delay2            delayfunctions.o
    0x00000a7a   0x00000012   Code   RO          436    i.Delay3            delayfunctions.o
    0x00000a8c   0x0000000c   Code   RO          109    i.M0PWM0_Duty       pwm.o
    0x00000a98   0x0000000c   Code   RO          111    i.M0PWM1_Duty_new   pwm.o
    0x00000aa4   0x0000000c   Code   RO          113    i.M0PWM2_Duty       pwm.o
    0x00000ab0   0x0000010c   Code   RO          114    i.M0PWM2_Init       pwm.o
    0x00000bbc   0x0000000c   Code   RO          115    i.M0PWM3_Duty       pwm.o
    0x00000bc8   0x0000000c   Code   RO          117    i.M0PWM6_Duty       pwm.o
    0x00000bd4   0x0000010c   Code   RO          118    i.M0PWM6_Init       pwm.o
    0x00000ce0   0x0000000c   Code   RO          119    i.M0PWM7_Duty       pwm.o
    0x00000cec   0x00000110   Code   RO          120    i.M0PWM7_Init       pwm.o
    0x00000dfc   0x00000020   Code   RO          259    i.Nokia5110_Clear   nokia5110.o
    0x00000e1c   0x0000016c   Code   RO          261    i.Nokia5110_Init    nokia5110.o
    0x00000f88   0x00000038   Code   RO          262    i.Nokia5110_OutChar  nokia5110.o
    0x00000fc0   0x00000016   Code   RO          263    i.Nokia5110_OutString  nokia5110.o
    0x00000fd6   0x00000002   PAD
    0x00000fd8   0x0000019c   Code   RO          264    i.Nokia5110_OutUDec  nokia5110.o
    0x00001174   0x00000030   Code   RO          265    i.Nokia5110_SetCursor  nokia5110.o
    0x000011a4   0x0000007c   Code   RO          356    i.PLL_Init          pll.o
    0x00001220   0x0000008c   Code   RO           85    i.PortB_Init        portinitializations.o
    0x000012ac   0x0000008c   Code   RO           86    i.PortD_Init        portinitializations.o
    0x00001338   0x0000006c   Code   RO           87    i.PortF_Init        portinitializations.o
    0x000013a4   0x00000018   Code   RO          199    i.UART_InChar       uart.o
    0x000013bc   0x0000009c   Code   RO          203    i.UART_Init         uart.o
    0x00001458   0x00000028   Code   RO          606    i.__ARM_fpclassify  m_ws.l(fpclassify.o)
    0x00001480   0x000000aa   Code   RO          608    i.__kernel_poly     m_ws.l(poly.o)
    0x0000152a   0x00000002   PAD
    0x0000152c   0x00000010   Code   RO          604    i.__mathlib_dbl_underflow  m_ws.l(dunder.o)
    0x0000153c   0x0000000e   Code   RO          482    i._is_digit         c_w.l(__printf_wp.o)
    0x0000154a   0x00000002   PAD
    0x0000154c   0x00000064   Code   RO          371    i.armPickUpLocation  robotarmmovement.o
    0x000015b0   0x00000094   Code   RO          314    i.binaryToDecimal   uartcommunication.o
    0x00001644   0x00000036   Code   RO          315    i.charToDecimal     uartcommunication.o
    0x0000167a   0x00000002   PAD
    0x0000167c   0x0000003c   Code   RO          316    i.concat            uartcommunication.o
    0x000016b8   0x000000c4   Code   RO           12    i.controlLoop       main.o
    0x0000177c   0x00000028   Code   RO           13    i.controllerLoop    main.o
    0x000017a4   0x00000038   Code   RO          317    i.decToBinary       uartcommunication.o
    0x000017dc   0x00000024   Code   RO          372    i.decreasePWM       robotarmmovement.o
    0x00001800   0x0000007c   Code   RO           14    i.distancePIDcontrol  main.o
    0x0000187c   0x000000dc   Code   RO          553    i.floor             m_ws.l(floor.o)
    0x00001958   0x00000024   Code   RO          375    i.increasePWM       robotarmmovement.o
    0x0000197c   0x0000004c   Code   RO          266    i.lcdwrite          nokia5110.o
    0x000019c8   0x00000318   Code   RO           15    i.main              main.o
    0x00001ce0   0x000000d0   Code   RO           16    i.motorPIDcontrol   main.o
    0x00001db0   0x000000f0   Code   RO          376    i.pickUp            robotarmmovement.o
    0x00001ea0   0x000009e0   Code   RO          557    i.pow               m_ws.l(pow.o)
    0x00002880   0x00000002   Code   RO          318    i.singleCharToDecimal  uartcommunication.o
    0x00002882   0x0000004c   Code   RO          612    i.sqrt              m_ws.l(sqrt.o)
    0x000028ce   0x00000002   PAD
    0x000028d0   0x0000002c   Code   RO          665    locale$$code        c_w.l(lc_ctype_c.o)
    0x000028fc   0x00000062   Code   RO          502    x$fpl$d2f           fz_ws.l(d2f.o)
    0x0000295e   0x00000002   PAD
    0x00002960   0x00000150   Code   RO          504    x$fpl$dadd          fz_ws.l(daddsub_clz.o)
    0x00002ab0   0x00000010   Code   RO          647    x$fpl$dcheck1       fz_ws.l(dcheck1.o)
    0x00002ac0   0x00000018   Code   RO          675    x$fpl$dcmpinf       fz_ws.l(dcmpi.o)
    0x00002ad8   0x000002b0   Code   RO          586    x$fpl$ddiv          fz_ws.l(ddiv.o)
    0x00002d88   0x0000005e   Code   RO          510    x$fpl$dfix          fz_ws.l(dfix.o)
    0x00002de6   0x0000002e   Code   RO          515    x$fpl$dflt          fz_ws.l(dflt_clz.o)
    0x00002e14   0x00000078   Code   RO          649    x$fpl$dleqf         fz_ws.l(dleqf.o)
    0x00002e8c   0x00000154   Code   RO          520    x$fpl$dmul          fz_ws.l(dmul.o)
    0x00002fe0   0x0000009c   Code   RO          589    x$fpl$dnaninf       fz_ws.l(dnaninf.o)
    0x0000307c   0x0000000c   Code   RO          591    x$fpl$dretinf       fz_ws.l(dretinf.o)
    0x00003088   0x0000006c   Code   RO          593    x$fpl$drleqf        fz_ws.l(drleqf.o)
    0x000030f4   0x00000016   Code   RO          505    x$fpl$drsb          fz_ws.l(daddsub_clz.o)
    0x0000310a   0x00000002   PAD
    0x0000310c   0x00000198   Code   RO          651    x$fpl$dsqrt         fz_ws.l(dsqrt_umaal.o)
    0x000032a4   0x000001d4   Code   RO          506    x$fpl$dsub          fz_ws.l(daddsub_clz.o)
    0x00003478   0x00000056   Code   RO          522    x$fpl$f2d           fz_ws.l(f2d.o)
    0x000034ce   0x00000002   PAD
    0x000034d0   0x000000c4   Code   RO          524    x$fpl$fadd          fz_ws.l(faddsub_clz.o)
    0x00003594   0x00000018   Code   RO          595    x$fpl$fcmpinf       fz_ws.l(fcmpi.o)
    0x000035ac   0x00000068   Code   RO          530    x$fpl$feqf          fz_ws.l(feqf.o)
    0x00003614   0x00000036   Code   RO          532    x$fpl$ffix          fz_ws.l(ffix.o)
    0x0000364a   0x00000002   PAD
    0x0000364c   0x0000003e   Code   RO          536    x$fpl$ffixu         fz_ws.l(ffixu.o)
    0x0000368a   0x00000002   PAD
    0x0000368c   0x00000030   Code   RO          541    x$fpl$fflt          fz_ws.l(fflt_clz.o)
    0x000036bc   0x00000068   Code   RO          546    x$fpl$fleqf         fz_ws.l(fleqf.o)
    0x00003724   0x00000102   Code   RO          548    x$fpl$fmul          fz_ws.l(fmul.o)
    0x00003826   0x0000008c   Code   RO          597    x$fpl$fnaninf       fz_ws.l(fnaninf.o)
    0x000038b2   0x0000000a   Code   RO          599    x$fpl$fretinf       fz_ws.l(fretinf.o)
    0x000038bc   0x00000062   Code   RO          550    x$fpl$frleqf        fz_ws.l(frleqf.o)
    0x0000391e   0x00000014   Code   RO          525    x$fpl$frsb          fz_ws.l(faddsub_clz.o)
    0x00003932   0x00000002   PAD
    0x00003934   0x000000ea   Code   RO          526    x$fpl$fsub          fz_ws.l(faddsub_clz.o)
    0x00003a1e   0x00000064   Code   RO          677    x$fpl$retnan        fz_ws.l(retnan.o)
    0x00003a82   0x0000005c   Code   RO          601    x$fpl$scalbn        fz_ws.l(scalbn.o)
    0x00003ade   0x00000030   Code   RO          730    x$fpl$trapveneer    fz_ws.l(trapv.o)
    0x00003b0e   0x00000000   Code   RO          603    x$fpl$usenofp       fz_ws.l(usenofp.o)
    0x00003b0e   0x000001e0   Data   RO          267    .constdata          nokia5110.o
    0x00003cee   0x00000011   Data   RO          485    .constdata          c_w.l(__printf_flags_wp.o)
    0x00003cff   0x00000001   PAD
    0x00003d00   0x00000088   Data   RO          558    .constdata          m_ws.l(pow.o)
    0x00003d88   0x00000008   Data   RO          610    .constdata          m_ws.l(qnan.o)
    0x00003d90   0x00000020   Data   RO          808    Region$$Table       anon$$obj.o
    0x00003db0   0x00000110   Data   RO          664    locale$$data        c_w.l(lc_ctype_c.o)


    Execution Region ER_RW (Base: 0x20000000, Size: 0x00000068, Max: 0xffffffff, ABSOLUTE)

    Base Addr    Size         Type   Attr      Idx    E Section Name        Object

    0x20000000   0x00000068   Data   RW           18    .data               main.o


    Execution Region ER_ZI (Base: 0x20000068, Size: 0x00000478, Max: 0xffffffff, ABSOLUTE)

    Base Addr    Size         Type   Attr      Idx    E Section Name        Object

    0x20000068   0x00000015   Zero   RW           17    .bss                main.o
    0x2000007d   0x00000003   PAD
    0x20000080   0x00000060   Zero   RW          620    .bss                c_w.l(libspace.o)
    0x200000e0   0x00000000   Zero   RW            2    HEAP                startup.o
    0x200000e0   0x00000400   Zero   RW            1    STACK               startup.o


==============================================================================

Image component sizes


      Code (inc. data)   RO Data    RW Data    ZI Data      Debug   Object Name

        64          6          0          0          0       1342   delayfunctions.o
      1360        156          0        104         21       9175   main.o
      1010         80        480          0          0       5607   nokia5110.o
       124          6          0          0          0        415   pll.o
       388         80          0          0          0       1495   portinitializations.o
       880        114          0          0          0       4258   pwm.o
       412         28          0          0          0       2301   robotarmmovement.o
       692        632          0          0       1024        972   startup.o
       180         28          0          0          0        854   uart.o
       320         10          0          0          0       3039   uartcommunication.o

    ----------------------------------------------------------------------
      5434       1140        512        104       1048      29458   Object Totals
         0          0         32          0          0          0   (incl. Generated)
         4          0          0          0          3          0   (incl. Padding)

    ----------------------------------------------------------------------

      Code (inc. data)   RO Data    RW Data    ZI Data      Debug   Library Member Name

         8          0          0          0          0         68   __main.o
       316          6         17          0          0         92   __printf_flags_wp.o
        14          0          0          0          0         68   __printf_wp.o
        52          8          0          0          0          0   __scatter.o
        26          0          0          0          0          0   __scatter_copy.o
        28          0          0          0          0          0   __scatter_zi.o
        28          0          0          0          0         68   _chval.o
        48          6          0          0          0         96   _printf_char_common.o
         6          0          0          0          0          0   _printf_d.o
       120         18          0          0          0         92   _printf_dec.o
       184          0          0          0          0         88   _printf_intcommon.o
        82          0          0          0          0        108   _printf_pad.o
         0          0          0          0          0          0   _printf_percent.o
         4          0          0          0          0          0   _printf_percent_end.o
        22          0          0          0          0        100   _rserrno.o
        10          0          0          0          0         68   _sputc.o
       158          0          0          0          0         92   _strtoul.o
        26          0          0          0          0         80   atoi.o
        12          0          0          0          0         72   exit.o
         6          0          0          0          0        152   heapauxi.o
         0          0          0          0          0          0   indicate_semi.o
        44         10        272          0          0         76   lc_ctype_c.o
         2          0          0          0          0          0   libinit.o
        20          0          0          0          0          0   libinit2.o
         2          0          0          0          0          0   libshutdown.o
         2          0          0          0          0          0   libshutdown2.o
         8          4          0          0         96         68   libspace.o
        72          0          0          0          0         76   llsdiv.o
       238          0          0          0          0        100   lludivv7m.o
        40          6          0          0          0         84   noretval__2sprintf.o
        16          4          0          0          0         76   rt_ctype_table.o
         8          4          0          0          0         68   rt_errno_addr_intlibspace.o
         8          4          0          0          0         68   rt_locale_intlibspace.o
         0          0          0          0          0          0   rtentry.o
        12          0          0          0          0          0   rtentry2.o
         6          0          0          0          0          0   rtentry4.o
         2          0          0          0          0          0   rtexit.o
        10          0          0          0          0          0   rtexit2.o
        24          0          0          0          0         68   strcat.o
       128          0          0          0          0         68   strcmpv7m.o
       112          0          0          0          0         88   strtol.o
        12          4          0          0          0         68   sys_exit.o
        74          0          0          0          0         80   sys_stackheap_outer.o
         2          0          0          0          0         68   use_no_semi.o
        98          4          0          0          0         92   d2f.o
       826         16          0          0          0        348   daddsub_clz.o
        16          4          0          0          0         68   dcheck1.o
        24          0          0          0          0         68   dcmpi.o
       688        140          0          0          0        208   ddiv.o
        94          4          0          0          0         92   dfix.o
        46          0          0          0          0         68   dflt_clz.o
       120          4          0          0          0         92   dleqf.o
       340         12          0          0          0        104   dmul.o
       156          4          0          0          0         92   dnaninf.o
        12          0          0          0          0         68   dretinf.o
       108          0          0          0          0         80   drleqf.o
       408         56          0          0          0        120   dsqrt_umaal.o
        86          4          0          0          0         84   f2d.o
       450          8          0          0          0        236   faddsub_clz.o
        24          0          0          0          0         68   fcmpi.o
       104          4          0          0          0         84   feqf.o
        54          4          0          0          0         84   ffix.o
        62          4          0          0          0         84   ffixu.o
        48          0          0          0          0         68   fflt_clz.o
       104          4          0          0          0         84   fleqf.o
       258          4          0          0          0         84   fmul.o
       140          4          0          0          0         84   fnaninf.o
        10          0          0          0          0         68   fretinf.o
        98          0          0          0          0         68   frleqf.o
       100          0          0          0          0         68   retnan.o
        92          0          0          0          0         68   scalbn.o
        48          0          0          0          0         68   trapv.o
         0          0          0          0          0          0   usenofp.o
        16          6          0          0          0         68   dunder.o
       220         16          0          0          0         84   floor.o
        40          0          0          0          0         68   fpclassify.o
       170          0          0          0          0         96   poly.o
      2528        190        136          0          0        332   pow.o
         0          0          8          0          0          0   qnan.o
        76          0          0          0          0         84   sqrt.o

    ----------------------------------------------------------------------
      9684        566        434          0         96       5832   Library Totals
        28          0          1          0          0          0   (incl. Padding)

    ----------------------------------------------------------------------

      Code (inc. data)   RO Data    RW Data    ZI Data      Debug   Library Name

      1992         74        289          0         96       2300   c_w.l
      4614        280          0          0          0       2800   fz_ws.l
      3050        212        144          0          0        732   m_ws.l

    ----------------------------------------------------------------------
      9684        566        434          0         96       5832   Library Totals

    ----------------------------------------------------------------------

==============================================================================


      Code (inc. data)   RO Data    RW Data    ZI Data      Debug   

     15118       1706        946        104       1144      30142   Grand Totals
     15118       1706        946        104       1144      30142   ELF Image Totals
     15118       1706        946        104          0          0   ROM Totals

==============================================================================

    Total RO  Size (Code + RO Data)                16064 (  15.69kB)
    Total RW  Size (RW Data + ZI Data)              1248 (   1.22kB)
    Total ROM Size (Code + RO Data + RW Data)      16168 (  15.79kB)

==============================================================================

