ARM Linker, 5.03 [Build 76] [MDK-ARM Lite]

==============================================================================

Section Cross References

    startup.o(STACK) refers (Special) to heapauxi.o(.text) for __use_two_region_memory
    startup.o(HEAP) refers (Special) to heapauxi.o(.text) for __use_two_region_memory
    startup.o(RESET) refers (Special) to heapauxi.o(.text) for __use_two_region_memory
    startup.o(RESET) refers to startup.o(STACK) for StackMem
    startup.o(RESET) refers to __main.o(!!!main) for __main
    startup.o(.text) refers (Special) to heapauxi.o(.text) for __use_two_region_memory
    startup.o(.text) refers to startup.o(HEAP) for HeapMem
    startup.o(.text) refers to startup.o(STACK) for StackMem
    main.o(i.controlLoop) refers to faddsub_clz.o(x$fpl$fsub) for __aeabi_fsub
    main.o(i.controlLoop) refers to faddsub_clz.o(x$fpl$fadd) for __aeabi_fadd
    main.o(i.controlLoop) refers to fmul.o(x$fpl$fmul) for __aeabi_fmul
    main.o(i.controlLoop) refers to feqf.o(x$fpl$feqf) for __aeabi_cfcmpeq
    main.o(i.controlLoop) refers to main.o(.data) for integralControl
    main.o(i.main) refers to pll.o(i.PLL_Init) for PLL_Init
    main.o(i.main) refers to uart.o(i.UART_Init) for UART_Init
    main.o(i.main) refers to portinitializations.o(i.PortF_Init) for PortF_Init
    main.o(i.main) refers to portinitializations.o(i.PortB_Init) for PortB_Init
    main.o(i.main) refers to portinitializations.o(i.PortD_Init) for PortD_Init
    main.o(i.main) refers to nokia5110.o(i.Nokia5110_Init) for Nokia5110_Init
    main.o(i.main) refers to nokia5110.o(i.Nokia5110_Clear) for Nokia5110_Clear
    main.o(i.main) refers to pwm.o(i.M0PWM0_Init) for M0PWM0_Init
    main.o(i.main) refers to pwm.o(i.M0PWM1_Init_new) for M0PWM1_Init_new
    main.o(i.main) refers to uart.o(i.UART_InChar) for UART_InChar
    main.o(i.main) refers to uartcommunication.o(i.charToDecimal) for charToDecimal
    main.o(i.main) refers to uartcommunication.o(i.singleCharToDecimal) for singleCharToDecimal
    main.o(i.main) refers to nokia5110.o(i.Nokia5110_SetCursor) for Nokia5110_SetCursor
    main.o(i.main) refers to nokia5110.o(i.Nokia5110_OutUDec) for Nokia5110_OutUDec
    main.o(i.main) refers to fflt_clz.o(x$fpl$fflt) for __aeabi_i2f
    main.o(i.main) refers to main.o(i.controlLoop) for controlLoop
    main.o(i.main) refers to main.o(i.motorPIDcontrol) for motorPIDcontrol
    main.o(i.main) refers to pwm.o(i.M0PWM0_Duty) for M0PWM0_Duty
    main.o(i.main) refers to pwm.o(i.M0PWM1_Duty_new) for M0PWM1_Duty_new
    main.o(i.main) refers to main.o(.data) for uartFlag
    main.o(i.motorPIDcontrol) refers to faddsub_clz.o(x$fpl$frsb) for __aeabi_frsub
    main.o(i.motorPIDcontrol) refers to faddsub_clz.o(x$fpl$fadd) for __aeabi_fadd
    main.o(i.motorPIDcontrol) refers to frleqf.o(x$fpl$frleqf) for __aeabi_cfrcmple
    main.o(i.motorPIDcontrol) refers to fleqf.o(x$fpl$fleqf) for __aeabi_cfcmple
    main.o(i.motorPIDcontrol) refers to f2d.o(x$fpl$f2d) for __aeabi_f2d
    main.o(i.motorPIDcontrol) refers to floor.o(i.floor) for floor
    main.o(i.motorPIDcontrol) refers to dfix.o(x$fpl$dfix) for __aeabi_d2iz
    main.o(i.motorPIDcontrol) refers to nokia5110.o(i.Nokia5110_SetCursor) for Nokia5110_SetCursor
    main.o(i.motorPIDcontrol) refers to nokia5110.o(i.Nokia5110_OutUDec) for Nokia5110_OutUDec
    main.o(i.motorPIDcontrol) refers to pwm.o(i.M0PWM0_Duty) for M0PWM0_Duty
    main.o(i.motorPIDcontrol) refers to pwm.o(i.M0PWM1_Duty_new) for M0PWM1_Duty_new
    main.o(i.motorPIDcontrol) refers to main.o(.data) for leftPWMSpeed
    uart.o(i.UART_InString) refers to uart.o(i.UART_InChar) for UART_InChar
    uart.o(i.UART_InString) refers to uart.o(i.UART_OutChar) for UART_OutChar
    uart.o(i.UART_InUDec) refers to uart.o(i.UART_InChar) for UART_InChar
    uart.o(i.UART_InUDec) refers to uart.o(i.UART_OutChar) for UART_OutChar
    uart.o(i.UART_InUHex) refers to uart.o(i.UART_InChar) for UART_InChar
    uart.o(i.UART_InUHex) refers to uart.o(i.UART_OutChar) for UART_OutChar
    uart.o(i.UART_OutString) refers to uart.o(i.UART_OutChar) for UART_OutChar
    uart.o(i.UART_OutUDec) refers to uart.o(i.UART_OutChar) for UART_OutChar
    uart.o(i.UART_OutUHex) refers to uart.o(i.UART_OutChar) for UART_OutChar
    nokia5110.o(i.Nokia5110_Clear) refers to nokia5110.o(i.lcdwrite) for lcdwrite
    nokia5110.o(i.Nokia5110_Clear) refers to nokia5110.o(i.Nokia5110_SetCursor) for Nokia5110_SetCursor
    nokia5110.o(i.Nokia5110_DrawFullImage) refers to nokia5110.o(i.Nokia5110_SetCursor) for Nokia5110_SetCursor
    nokia5110.o(i.Nokia5110_DrawFullImage) refers to nokia5110.o(i.lcdwrite) for lcdwrite
    nokia5110.o(i.Nokia5110_Init) refers to nokia5110.o(i.lcdwrite) for lcdwrite
    nokia5110.o(i.Nokia5110_OutChar) refers to nokia5110.o(i.lcdwrite) for lcdwrite
    nokia5110.o(i.Nokia5110_OutChar) refers to nokia5110.o(.constdata) for ASCII
    nokia5110.o(i.Nokia5110_OutString) refers to nokia5110.o(i.Nokia5110_OutChar) for Nokia5110_OutChar
[...]
    libshutdown.o(.ARM.Collect$$libshutdown$$00000000) refers (Special) to libshutdown2.o(.ARM.Collect$$libshutdown$$00000006) for __rt_lib_shutdown_fp_trap_1
    libshutdown.o(.ARM.Collect$$libshutdown$$00000000) refers (Special) to libshutdown2.o(.ARM.Collect$$libshutdown$$0000000E) for __rt_lib_shutdown_heap_1
    libshutdown.o(.ARM.Collect$$libshutdown$$00000000) refers (Special) to libshutdown2.o(.ARM.Collect$$libshutdown$$0000000F) for __rt_lib_shutdown_return
    libshutdown.o(.ARM.Collect$$libshutdown$$00000000) refers (Special) to libshutdown2.o(.ARM.Collect$$libshutdown$$00000009) for __rt_lib_shutdown_signal_1
    libshutdown.o(.ARM.Collect$$libshutdown$$00000000) refers (Special) to libshutdown2.o(.ARM.Collect$$libshutdown$$00000003) for __rt_lib_shutdown_stdio_1
    libshutdown.o(.ARM.Collect$$libshutdown$$00000000) refers (Special) to libshutdown2.o(.ARM.Collect$$libshutdown$$0000000B) for __rt_lib_shutdown_user_alloc_1
    sys_wrch.o(.text) refers (Special) to use_no_semi.o(.text) for __I$use$semihosting
    sys_wrch.o(.text) refers (Special) to indicate_semi.o(.text) for __semihosting_library_function
    sys_command.o(.text) refers (Special) to use_no_semi.o(.text) for __I$use$semihosting
    sys_command.o(.text) refers (Special) to indicate_semi.o(.text) for __semihosting_library_function
    defsig_rtmem_outer.o(.text) refers to defsig_rtmem_inner.o(.text) for __rt_SIGRTMEM_inner
    defsig_rtmem_outer.o(.text) refers to defsig_exit.o(.text) for __sig_exit
    defsig_rtmem_formal.o(.text) refers to rt_raise.o(.text) for __rt_raise
    defsig.o(CL$$defsig) refers to defsig_fpe_inner.o(.text) for __rt_SIGFPE_inner
    defsig.o(CL$$defsig) refers to defsig_rtmem_inner.o(.text) for __rt_SIGRTMEM_inner
    defsig_abrt_inner.o(.text) refers to defsig_general.o(.text) for __default_signal_display
    defsig_rtred_inner.o(.text) refers to defsig_general.o(.text) for __default_signal_display
    defsig_rtmem_inner.o(.text) refers to defsig_general.o(.text) for __default_signal_display
    defsig_stak_inner.o(.text) refers to defsig_general.o(.text) for __default_signal_display
    defsig_pvfn_inner.o(.text) refers to defsig_general.o(.text) for __default_signal_display
    defsig_cppl_inner.o(.text) refers to defsig_general.o(.text) for __default_signal_display
    defsig_segv_inner.o(.text) refers to defsig_general.o(.text) for __default_signal_display
    defsig_other.o(.text) refers to defsig_general.o(.text) for __default_signal_display


==============================================================================

Removing Unused input sections from the image.

    Removing pwm.o(i.M0PWM2_Duty), (12 bytes).
    Removing pwm.o(i.M0PWM2_Init), (272 bytes).
    Removing pwm.o(i.M0PWM3_Duty), (12 bytes).
    Removing pwm.o(i.M0PWM3_Init), (272 bytes).
    Removing pwm.o(i.M0PWM6_Duty), (12 bytes).
    Removing pwm.o(i.M0PWM6_Init), (272 bytes).
    Removing pwm.o(i.M0PWM7_Duty), (12 bytes).
    Removing pwm.o(i.M0PWM7_Init), (272 bytes).
    Removing pwm.o(i.M1PWM3_Duty), (12 bytes).
    Removing pwm.o(i.M1PWM3_Init), (272 bytes).
    Removing uart.o(i.UART_InString), (66 bytes).
    Removing uart.o(i.UART_InUDec), (76 bytes).
    Removing uart.o(i.UART_InUHex), (104 bytes).
    Removing uart.o(i.UART_OutChar), (24 bytes).
    Removing uart.o(i.UART_OutString), (22 bytes).
    Removing uart.o(i.UART_OutUDec), (42 bytes).
    Removing uart.o(i.UART_OutUHex), (52 bytes).
    Removing nokia5110.o(i.Nokia5110_DrawFullImage), (34 bytes).
    Removing robotarmmovement.o(i.PortF_RobotMovement), (108 bytes).
    Removing robotarmmovement.o(i.armMovement), (20 bytes).
    Removing robotarmmovement.o(i.decreasePWM), (36 bytes).
    Removing robotarmmovement.o(i.dropArm), (42 bytes).
    Removing robotarmmovement.o(i.increasePWM), (36 bytes).
    Removing robotarmmovement.o(i.pickUp), (248 bytes).
    Removing robotarmmovement.o(i.resetArm), (40 bytes).
    Removing delayfunctions.o(i.Delay), (28 bytes).
    Removing delayfunctions.o(i.Delay2), (18 bytes).
    Removing delayfunctions.o(i.Delay3), (18 bytes).

28 unused section(s) (total 2434 bytes) removed from the image.

==============================================================================

Image Symbol Table

    Local Symbols

    Symbol Name                              Value     Ov Type        Size  Object(Section)

    RESET                                    0x00000000   Section      644  startup.o(RESET)
    ../clib/angel/boardlib.s                 0x00000000   Number         0  boardshut.o ABSOLUTE
    ../clib/angel/boardlib.s                 0x00000000   Number         0  boardinit1.o ABSOLUTE
    ../clib/angel/boardlib.s                 0x00000000   Number         0  boardinit3.o ABSOLUTE
    ../clib/angel/boardlib.s                 0x00000000   Number         0  boardinit2.o ABSOLUTE
    ../clib/angel/handlers.s                 0x00000000   Number         0  __scatter_copy.o ABSOLUTE
    ../clib/angel/handlers.s                 0x00000000   Number         0  __scatter_zi.o ABSOLUTE
    ../clib/angel/kernel.s                   0x00000000   Number         0  rtentry4.o ABSOLUTE
    ../clib/angel/kernel.s                   0x00000000   Number         0  rtentry.o ABSOLUTE
    ../clib/angel/kernel.s                   0x00000000   Number         0  rtexit2.o ABSOLUTE
    ../clib/angel/kernel.s                   0x00000000   Number         0  rtentry2.o ABSOLUTE
    ../clib/angel/kernel.s                   0x00000000   Number         0  rtexit.o ABSOLUTE
    ../clib/angel/rt.s                       0x00000000   Number         0  rt_locale.o ABSOLUTE
    ../clib/angel/rt.s                       0x00000000   Number         0  rt_raise.o ABSOLUTE
    ../clib/angel/rt.s                       0x00000000   Number         0  rt_ctype_table.o ABSOLUTE
    ../clib/angel/rt.s                       0x00000000   Number         0  aeabi_ldiv0_sigfpe.o ABSOLUTE
    ../clib/angel/rt.s                       0x00000000   Number         0  rt_errno_addr.o ABSOLUTE
    ../clib/angel/rt.s                       0x00000000   Number         0  rt_errno_addr_intlibspace.o ABSOLUTE
    ../clib/angel/rt.s                       0x00000000   Number         0  aeabi_ldiv0.o ABSOLUTE
    ../clib/angel/rt.s                       0x00000000   Number         0  rt_div0.o ABSOLUTE
    ../clib/angel/rt.s                       0x00000000   Number         0  rt_locale_intlibspace.o ABSOLUTE
    ../clib/angel/scatter.s                  0x00000000   Number         0  __scatter.o ABSOLUTE
    ../clib/angel/startup.s                  0x00000000   Number         0  __main.o ABSOLUTE
    ../clib/angel/sys.s                      0x00000000   Number         0  use_no_semi.o ABSOLUTE
    ../clib/angel/sys.s                      0x00000000   Number         0  sys_stackheap_outer.o ABSOLUTE
    ../clib/angel/sys.s                      0x00000000   Number         0  libspace.o ABSOLUTE
    ../clib/angel/sys.s                      0x00000000   Number         0  indicate_semi.o ABSOLUTE
    ../clib/angel/sysapp.c                   0x00000000   Number         0  sys_wrch.o ABSOLUTE
    ../clib/angel/sysapp.c                   0x00000000   Number         0  sys_command.o ABSOLUTE
    ../clib/angel/sysapp.c                   0x00000000   Number         0  sys_exit.o ABSOLUTE
    ../clib/armsys.c                         0x00000000   Number         0  no_argv.o ABSOLUTE
    ../clib/armsys.c                         0x00000000   Number         0  argv_veneer.o ABSOLUTE
    ../clib/armsys.c                         0x00000000   Number         0  _get_argv_nomalloc.o ABSOLUTE
    ../clib/armsys.c                         0x00000000   Number         0  argv_veneer.o ABSOLUTE
    ../clib/fenv.c                           0x00000000   Number         0  _rserrno.o ABSOLUTE
    ../clib/heapalloc.c                      0x00000000   Number         0  hrguard.o ABSOLUTE
    ../clib/heapaux.c                        0x00000000   Number         0  heapauxi.o ABSOLUTE
    ../clib/libinit.s                        0x00000000   Number         0  libinit2.o ABSOLUTE
    ../clib/libinit.s                        0x00000000   Number         0  libinit.o ABSOLUTE
    ../clib/libinit.s                        0x00000000   Number         0  libshutdown.o ABSOLUTE
    ../clib/libinit.s                        0x00000000   Number         0  libshutdown2.o ABSOLUTE
    ../clib/locale.s                         0x00000000   Number         0  lc_ctype_c.o ABSOLUTE
    ../clib/longlong.s                       0x00000000   Number         0  lludivv7m.o ABSOLUTE
    ../clib/longlong.s                       0x00000000   Number         0  llsdiv.o ABSOLUTE
    ../clib/memcpset.s                       0x00000000   Number         0  strcmpv7m.o ABSOLUTE
    ../clib/misc.s                           0x00000000   Number         0  printf_stubs.o ABSOLUTE
    ../clib/printf.c                         0x00000000   Number         0  __printf_ss.o ABSOLUTE
    ../clib/printf.c                         0x00000000   Number         0  _printf_intcommon.o ABSOLUTE
    ../clib/printf.c                         0x00000000   Number         0  __2sprintf.o ABSOLUTE
    ../clib/printf.c                         0x00000000   Number         0  noretval__2sprintf.o ABSOLUTE
    ../clib/printf.c                         0x00000000   Number         0  __printf.o ABSOLUTE
    ../clib/printf.c                         0x00000000   Number         0  _printf_pad.o ABSOLUTE
    ../clib/printf.c                         0x00000000   Number         0  _printf_dec.o ABSOLUTE
    ../clib/printf.c                         0x00000000   Number         0  _printf_char_common.o ABSOLUTE
    ../clib/printf.c                         0x00000000   Number         0  _sputc.o ABSOLUTE
    ../clib/printf.c                         0x00000000   Number         0  __printf_flags_ss_wp.o ABSOLUTE
    ../clib/printf.c                         0x00000000   Number         0  __printf_ss_wp.o ABSOLUTE
    ../clib/printf.c                         0x00000000   Number         0  __printf_flags_wp.o ABSOLUTE
    ../clib/printf.c                         0x00000000   Number         0  __printf_wp.o ABSOLUTE
    ../clib/printf.c                         0x00000000   Number         0  __printf_nopercent.o ABSOLUTE
    ../clib/printf.c                         0x00000000   Number         0  __printf_flags_ss.o ABSOLUTE
    ../clib/printf.c                         0x00000000   Number         0  __printf_flags.o ABSOLUTE
    ../clib/printf_percent.s                 0x00000000   Number         0  _printf_percent_end.o ABSOLUTE
    ../clib/printf_percent.s                 0x00000000   Number         0  _printf_d.o ABSOLUTE
    ../clib/printf_percent.s                 0x00000000   Number         0  _printf_percent.o ABSOLUTE
    ../clib/scanf.c                          0x00000000   Number         0  strtol.o ABSOLUTE
    ../clib/scanf.c                          0x00000000   Number         0  atoi.o ABSOLUTE
    ../clib/scanf.c                          0x00000000   Number         0  _strtoul.o ABSOLUTE
    ../clib/scanf.c                          0x00000000   Number         0  _chval.o ABSOLUTE
    ../clib/signal.c                         0x00000000   Number         0  defsig_pvfn_inner.o ABSOLUTE
    ../clib/signal.c                         0x00000000   Number         0  defsig_cppl_inner.o ABSOLUTE
    ../clib/signal.c                         0x00000000   Number         0  __raise.o ABSOLUTE
    ../clib/signal.c                         0x00000000   Number         0  defsig_other.o ABSOLUTE
    ../clib/signal.c                         0x00000000   Number         0  defsig_fpe_inner.o ABSOLUTE
    ../clib/signal.c                         0x00000000   Number         0  defsig_fpe_formal.o ABSOLUTE
    ../clib/signal.c                         0x00000000   Number         0  defsig_fpe_outer.o ABSOLUTE
    ../clib/signal.c                         0x00000000   Number         0  defsig_rtmem_formal.o ABSOLUTE
    ../clib/signal.c                         0x00000000   Number         0  defsig_segv_inner.o ABSOLUTE
    ../clib/signal.c                         0x00000000   Number         0  defsig_abrt_inner.o ABSOLUTE
    ../clib/signal.c                         0x00000000   Number         0  defsig_rtmem_inner.o ABSOLUTE
    ../clib/signal.c                         0x00000000   Number         0  defsig_rtred_inner.o ABSOLUTE
    ../clib/signal.c                         0x00000000   Number         0  defsig_stak_inner.o ABSOLUTE
    ../clib/signal.c                         0x00000000   Number         0  defsig_rtmem_outer.o ABSOLUTE
    ../clib/signal.c                         0x00000000   Number         0  defsig_general.o ABSOLUTE
    ../clib/signal.c                         0x00000000   Number         0  defsig_exit.o ABSOLUTE
    ../clib/signal.s                         0x00000000   Number         0  defsig.o ABSOLUTE
    ../clib/stdlib.c                         0x00000000   Number         0  exit.o ABSOLUTE
    ../clib/string.c                         0x00000000   Number         0  strcat.o ABSOLUTE
    ../fplib/daddsub.s                       0x00000000   Number         0  daddsub_clz.o ABSOLUTE
    ../fplib/dcheck1.s                       0x00000000   Number         0  dcheck1.o ABSOLUTE
    ../fplib/dcmpi.s                         0x00000000   Number         0  dcmpi.o ABSOLUTE
    ../fplib/ddiv.s                          0x00000000   Number         0  ddiv.o ABSOLUTE
    ../fplib/dfix.s                          0x00000000   Number         0  dfix.o ABSOLUTE
    ../fplib/dflt.s                          0x00000000   Number         0  dflt_clz.o ABSOLUTE
    ../fplib/dleqf.s                         0x00000000   Number         0  dleqf.o ABSOLUTE
    ../fplib/dmul.s                          0x00000000   Number         0  dmul.o ABSOLUTE
    ../fplib/dnaninf.s                       0x00000000   Number         0  dnaninf.o ABSOLUTE
    ../fplib/dretinf.s                       0x00000000   Number         0  dretinf.o ABSOLUTE
    ../fplib/drleqf.s                        0x00000000   Number         0  drleqf.o ABSOLUTE
    ../fplib/dsqrt.s                         0x00000000   Number         0  dsqrt_umaal.o ABSOLUTE
    ../fplib/f2d.s                           0x00000000   Number         0  f2d.o ABSOLUTE
    ../fplib/faddsub.s                       0x00000000   Number         0  faddsub_clz.o ABSOLUTE
    ../fplib/fcmpi.s                         0x00000000   Number         0  fcmpi.o ABSOLUTE
    ../fplib/feqf.s                          0x00000000   Number         0  feqf.o ABSOLUTE
    ../fplib/fflt.s                          0x00000000   Number         0  fflt_clz.o ABSOLUTE
    ../fplib/fleqf.s                         0x00000000   Number         0  fleqf.o ABSOLUTE
    ../fplib/fmul.s                          0x00000000   Number         0  fmul.o ABSOLUTE
    ../fplib/fnaninf.s                       0x00000000   Number         0  fnaninf.o ABSOLUTE
    ../fplib/fpinit.s                        0x00000000   Number         0  fpinit.o ABSOLUTE
    ../fplib/fretinf.s                       0x00000000   Number         0  fretinf.o ABSOLUTE
    ../fplib/frleqf.s                        0x00000000   Number         0  frleqf.o ABSOLUTE
    ../fplib/retnan.s                        0x00000000   Number         0  retnan.o ABSOLUTE
    ../fplib/scalbn.s                        0x00000000   Number         0  scalbn.o ABSOLUTE
    ../fplib/trapv.s                         0x00000000   Number         0  trapv.o ABSOLUTE
    ../fplib/usenofp.s                       0x00000000   Number         0  usenofp.o ABSOLUTE
    ../mathlib/dunder.c                      0x00000000   Number         0  dunder.o ABSOLUTE
    ../mathlib/floor.c                       0x00000000   Number         0  floor.o ABSOLUTE
    ../mathlib/fpclassify.c                  0x00000000   Number         0  fpclassify.o ABSOLUTE
    ../mathlib/poly.c                        0x00000000   Number         0  poly.o ABSOLUTE
    ../mathlib/pow.c                         0x00000000   Number         0  pow.o ABSOLUTE
    ../mathlib/pow.c                         0x00000000   Number         0  pow_x.o ABSOLUTE
    ../mathlib/qnan.c                        0x00000000   Number         0  qnan.o ABSOLUTE
    ../mathlib/sqrt.c                        0x00000000   Number         0  sqrt.o ABSOLUTE
    ../mathlib/sqrt.c                        0x00000000   Number         0  sqrt_x.o ABSOLUTE
    Nokia5110.c                              0x00000000   Number         0  nokia5110.o ABSOLUTE
    PLL.c                                    0x00000000   Number         0  pll.o ABSOLUTE
    PWM.c                                    0x00000000   Number         0  pwm.o ABSOLUTE
    UART.c                                   0x00000000   Number         0  uart.o ABSOLUTE
    dc.s                                     0x00000000   Number         0  dc.o ABSOLUTE
    delayFunctions.c                         0x00000000   Number         0  delayfunctions.o ABSOLUTE
    main.c                                   0x00000000   Number         0  main.o ABSOLUTE
    portInitializations.c                    0x00000000   Number         0  portinitializations.o ABSOLUTE
    robotArmMovement.c                       0x00000000   Number         0  robotarmmovement.o ABSOLUTE
    startup.s                                0x00000000   Number         0  startup.o ABSOLUTE
    uartCommunication.c                      0x00000000   Number         0  uartcommunication.o ABSOLUTE
    !!!main                                  0x00000284   Section        8  __main.o(!!!main)
    !!!scatter                               0x0000028c   Section       52  __scatter.o(!!!scatter)
    !!handler_copy                           0x000002c0   Section       26  __scatter_copy.o(!!handler_copy)
    !!handler_zi                             0x000002dc   Section       28  __scatter_zi.o(!!handler_zi)
    .ARM.Collect$$_printf_percent$$00000000  0x000002f8   Section        0  _printf_percent.o(.ARM.Collect$$_printf_percent$$00000000)
    .ARM.Collect$$_printf_percent$$00000009  0x000002f8   Section        6  _printf_d.o(.ARM.Collect$$_printf_percent$$00000009)
    .ARM.Collect$$_printf_percent$$00000017  0x000002fe   Section        4  _printf_percent_end.o(.ARM.Collect$$_printf_percent$$00000017)
    .ARM.Collect$$libinit$$00000000          0x00000302   Section        2  libinit.o(.ARM.Collect$$libinit$$00000000)
    .ARM.Collect$$libinit$$00000002          0x00000304   Section        0  libinit2.o(.ARM.Collect$$libinit$$00000002)
    .ARM.Collect$$libinit$$00000008          0x00000304   Section        0  libinit2.o(.ARM.Collect$$libinit$$00000008)
    .ARM.Collect$$libinit$$0000000A          0x00000304   Section        0  libinit2.o(.ARM.Collect$$libinit$$0000000A)
    .ARM.Collect$$libinit$$0000000C          0x00000304   Section        0  libinit2.o(.ARM.Collect$$libinit$$0000000C)
    .ARM.Collect$$libinit$$0000000D          0x00000304   Section        6  libinit2.o(.ARM.Collect$$libinit$$0000000D)
    .ARM.Collect$$libinit$$0000000F          0x0000030a   Section        0  libinit2.o(.ARM.Collect$$libinit$$0000000F)
    .ARM.Collect$$libinit$$00000010          0x0000030a   Section       12  libinit2.o(.ARM.Collect$$libinit$$00000010)
    .ARM.Collect$$libinit$$00000011          0x00000316   Section        0  libinit2.o(.ARM.Collect$$libinit$$00000011)
    .ARM.Collect$$libinit$$00000013          0x00000316   Section        0  libinit2.o(.ARM.Collect$$libinit$$00000013)
    .ARM.Collect$$libinit$$00000015          0x00000316   Section        0  libinit2.o(.ARM.Collect$$libinit$$00000015)
    .ARM.Collect$$libinit$$00000017          0x00000316   Section        0  libinit2.o(.ARM.Collect$$libinit$$00000017)
    .ARM.Collect$$libinit$$00000019          0x00000316   Section        0  libinit2.o(.ARM.Collect$$libinit$$00000019)
    .ARM.Collect$$libinit$$0000001B          0x00000316   Section        0  libinit2.o(.ARM.Collect$$libinit$$0000001B)
    .ARM.Collect$$libinit$$0000001D          0x00000316   Section        0  libinit2.o(.ARM.Collect$$libinit$$0000001D)
    .ARM.Collect$$libinit$$0000001F          0x00000316   Section        0  libinit2.o(.ARM.Collect$$libinit$$0000001F)
    .ARM.Collect$$libinit$$00000021          0x00000316   Section        0  libinit2.o(.ARM.Collect$$libinit$$00000021)
    .ARM.Collect$$libinit$$00000023          0x00000316   Section        0  libinit2.o(.ARM.Collect$$libinit$$00000023)
    .ARM.Collect$$libinit$$0000002A          0x00000316   Section        0  libinit2.o(.ARM.Collect$$libinit$$0000002A)
    .ARM.Collect$$libinit$$0000002C          0x00000316   Section        0  libinit2.o(.ARM.Collect$$libinit$$0000002C)
    .ARM.Collect$$libinit$$0000002E          0x00000316   Section        0  libinit2.o(.ARM.Collect$$libinit$$0000002E)
    .ARM.Collect$$libinit$$00000030          0x00000316   Section        0  libinit2.o(.ARM.Collect$$libinit$$00000030)
    .ARM.Collect$$libinit$$00000031          0x00000316   Section        2  libinit2.o(.ARM.Collect$$libinit$$00000031)
    .ARM.Collect$$libshutdown$$00000000      0x00000318   Section        2  libshutdown.o(.ARM.Collect$$libshutdown$$00000000)
    .ARM.Collect$$libshutdown$$00000003      0x0000031a   Section        0  libshutdown2.o(.ARM.Collect$$libshutdown$$00000003)
    .ARM.Collect$$libshutdown$$00000006      0x0000031a   Section        0  libshutdown2.o(.ARM.Collect$$libshutdown$$00000006)
    .ARM.Collect$$libshutdown$$00000009      0x0000031a   Section        0  libshutdown2.o(.ARM.Collect$$libshutdown$$00000009)
    .ARM.Collect$$libshutdown$$0000000B      0x0000031a   Section        0  libshutdown2.o(.ARM.Collect$$libshutdown$$0000000B)
    .ARM.Collect$$libshutdown$$0000000E      0x0000031a   Section        0  libshutdown2.o(.ARM.Collect$$libshutdown$$0000000E)
    .ARM.Collect$$libshutdown$$0000000F      0x0000031a   Section        2  libshutdown2.o(.ARM.Collect$$libshutdown$$0000000F)
    .ARM.Collect$$rtentry$$00000000          0x0000031c   Section        0  rtentry.o(.ARM.Collect$$rtentry$$00000000)
    .ARM.Collect$$rtentry$$00000002          0x0000031c   Section        0  rtentry2.o(.ARM.Collect$$rtentry$$00000002)
    .ARM.Collect$$rtentry$$00000004          0x0000031c   Section        6  rtentry4.o(.ARM.Collect$$rtentry$$00000004)
    .ARM.Collect$$rtentry$$00000009          0x00000322   Section        0  rtentry2.o(.ARM.Collect$$rtentry$$00000009)
    .ARM.Collect$$rtentry$$0000000A          0x00000322   Section        4  rtentry2.o(.ARM.Collect$$rtentry$$0000000A)
    .ARM.Collect$$rtentry$$0000000C          0x00000326   Section        0  rtentry2.o(.ARM.Collect$$rtentry$$0000000C)
    .ARM.Collect$$rtentry$$0000000D          0x00000326   Section        8  rtentry2.o(.ARM.Collect$$rtentry$$0000000D)
    .ARM.Collect$$rtexit$$00000000           0x0000032e   Section        2  rtexit.o(.ARM.Collect$$rtexit$$00000000)
    .ARM.Collect$$rtexit$$00000002           0x00000330   Section        0  rtexit2.o(.ARM.Collect$$rtexit$$00000002)
    .ARM.Collect$$rtexit$$00000003           0x00000330   Section        4  rtexit2.o(.ARM.Collect$$rtexit$$00000003)
    .ARM.Collect$$rtexit$$00000004           0x00000334   Section        6  rtexit2.o(.ARM.Collect$$rtexit$$00000004)
    .text                                    0x0000033c   Section       48  startup.o(.text)
    .text                                    0x0000036c   Section       72  llsdiv.o(.text)
    .text                                    0x000003b4   Section        0  noretval__2sprintf.o(.text)
    .text                                    0x000003dc   Section        0  _printf_pad.o(.text)
    .text                                    0x00000430   Section        0  _printf_dec.o(.text)
    .text                                    0x000004a8   Section        0  __printf_flags_wp.o(.text)
    .text                                    0x000005e4   Section        0  atoi.o(.text)
    .text                                    0x000005fe   Section        0  strcat.o(.text)
    .text                                    0x00000616   Section        0  heapauxi.o(.text)
    .text                                    0x0000061c   Section        8  rt_errno_addr_intlibspace.o(.text)
    .text                                    0x00000624   Section      238  lludivv7m.o(.text)
    .text                                    0x00000712   Section        0  _rserrno.o(.text)
    .text                                    0x00000728   Section        0  _printf_intcommon.o(.text)
    .text                                    0x000007e0   Section        0  _printf_char_common.o(.text)
    _printf_input_char                       0x000007e1   Thumb Code    10  _printf_char_common.o(.text)
    .text                                    0x00000810   Section        0  _sputc.o(.text)
    .text                                    0x0000081a   Section        0  strtol.o(.text)
    .text                                    0x0000088c   Section        8  libspace.o(.text)
    .text                                    0x00000894   Section       16  rt_ctype_table.o(.text)
    .text                                    0x000008a4   Section        0  _strtoul.o(.text)
    .text                                    0x00000942   Section       74  sys_stackheap_outer.o(.text)
    .text                                    0x0000098c   Section        8  rt_locale_intlibspace.o(.text)
    .text                                    0x00000994   Section        0  _chval.o(.text)
    .text                                    0x000009b0   Section        0  exit.o(.text)
    .text                                    0x000009bc   Section      128  strcmpv7m.o(.text)
    .text                                    0x00000a3c   Section        0  sys_exit.o(.text)
    .text                                    0x00000a48   Section        2  use_no_semi.o(.text)
    .text                                    0x00000a4a   Section        0  indicate_semi.o(.text)
    i.M0PWM0_Duty                            0x00000a4c   Section        0  pwm.o(i.M0PWM0_Duty)
    i.M0PWM0_Init                            0x00000a58   Section        0  pwm.o(i.M0PWM0_Init)
    i.M0PWM1_Duty_new                        0x00000b20   Section        0  pwm.o(i.M0PWM1_Duty_new)
    i.M0PWM1_Init_new                        0x00000b2c   Section        0  pwm.o(i.M0PWM1_Init_new)
    i.Nokia5110_Clear                        0x00000bec   Section        0  nokia5110.o(i.Nokia5110_Clear)
    i.Nokia5110_Init                         0x00000c0c   Section        0  nokia5110.o(i.Nokia5110_Init)
    i.Nokia5110_OutChar                      0x00000d78   Section        0  nokia5110.o(i.Nokia5110_OutChar)
    i.Nokia5110_OutString                    0x00000db0   Section        0  nokia5110.o(i.Nokia5110_OutString)
    i.Nokia5110_OutUDec                      0x00000dc8   Section        0  nokia5110.o(i.Nokia5110_OutUDec)
    i.Nokia5110_SetCursor                    0x00000f64   Section        0  nokia5110.o(i.Nokia5110_SetCursor)
    i.PLL_Init                               0x00000f94   Section        0  pll.o(i.PLL_Init)
    i.PortB_Init                             0x00001010   Section        0  portinitializations.o(i.PortB_Init)
    i.PortD_Init                             0x0000109c   Section        0  portinitializations.o(i.PortD_Init)
    i.PortF_Init                             0x00001124   Section        0  portinitializations.o(i.PortF_Init)
    i.UART_InChar                            0x00001190   Section        0  uart.o(i.UART_InChar)
    i.UART_Init                              0x000011a8   Section        0  uart.o(i.UART_Init)
    i.__ARM_fpclassify                       0x00001244   Section        0  fpclassify.o(i.__ARM_fpclassify)
    i.__kernel_poly                          0x0000126c   Section        0  poly.o(i.__kernel_poly)
    i.__mathlib_dbl_underflow                0x00001318   Section        0  dunder.o(i.__mathlib_dbl_underflow)
    i._is_digit                              0x00001328   Section        0  __printf_wp.o(i._is_digit)
    i.binaryToDecimal                        0x00001336   Section        0  uartcommunication.o(i.binaryToDecimal)
    i.charToDecimal                          0x000013ca   Section        0  uartcommunication.o(i.charToDecimal)
    i.concat                                 0x00001400   Section        0  uartcommunication.o(i.concat)
    i.controlLoop                            0x0000143c   Section        0  main.o(i.controlLoop)
    i.decToBinary                            0x000014d0   Section        0  uartcommunication.o(i.decToBinary)
    i.floor                                  0x00001508   Section        0  floor.o(i.floor)
    i.lcdwrite                               0x000015e4   Section        0  nokia5110.o(i.lcdwrite)
    lcdwrite                                 0x000015e5   Thumb Code    66  nokia5110.o(i.lcdwrite)
    i.main                                   0x00001630   Section        0  main.o(i.main)
    i.motorPIDcontrol                        0x00001848   Section        0  main.o(i.motorPIDcontrol)
    i.pow                                    0x000018f8   Section        0  pow.o(i.pow)
    i.singleCharToDecimal                    0x000022d8   Section        0  uartcommunication.o(i.singleCharToDecimal)
    i.sqrt                                   0x000022da   Section        0  sqrt.o(i.sqrt)
    locale$$code                             0x00002328   Section       44  lc_ctype_c.o(locale$$code)
    x$fpl$dadd                               0x00002354   Section      336  daddsub_clz.o(x$fpl$dadd)
    _dadd1                                   0x00002365   Thumb Code     0  daddsub_clz.o(x$fpl$dadd)
    x$fpl$dcheck1                            0x000024a4   Section       16  dcheck1.o(x$fpl$dcheck1)
    x$fpl$dcmpinf                            0x000024b4   Section       24  dcmpi.o(x$fpl$dcmpinf)
    x$fpl$ddiv                               0x000024cc   Section      688  ddiv.o(x$fpl$ddiv)
    ddiv_entry                               0x000024d3   Thumb Code     0  ddiv.o(x$fpl$ddiv)
    x$fpl$dfix                               0x0000277c   Section       94  dfix.o(x$fpl$dfix)
    x$fpl$dflt                               0x000027da   Section       46  dflt_clz.o(x$fpl$dflt)
    x$fpl$dleqf                              0x00002808   Section      120  dleqf.o(x$fpl$dleqf)
    x$fpl$dmul                               0x00002880   Section      340  dmul.o(x$fpl$dmul)
    x$fpl$dnaninf                            0x000029d4   Section      156  dnaninf.o(x$fpl$dnaninf)
    x$fpl$dretinf                            0x00002a70   Section       12  dretinf.o(x$fpl$dretinf)
    x$fpl$drleqf                             0x00002a7c   Section      108  drleqf.o(x$fpl$drleqf)
    x$fpl$drsb                               0x00002ae8   Section       22  daddsub_clz.o(x$fpl$drsb)
    x$fpl$dsqrt                              0x00002b00   Section      408  dsqrt_umaal.o(x$fpl$dsqrt)
    x$fpl$dsub                               0x00002c98   Section      468  daddsub_clz.o(x$fpl$dsub)
    _dsub1                                   0x00002ca9   Thumb Code     0  daddsub_clz.o(x$fpl$dsub)
    x$fpl$f2d                                0x00002e6c   Section       86  f2d.o(x$fpl$f2d)
    x$fpl$fadd                               0x00002ec4   Section      196  faddsub_clz.o(x$fpl$fadd)
    _fadd1                                   0x00002ed3   Thumb Code     0  faddsub_clz.o(x$fpl$fadd)
    x$fpl$fcmpinf                            0x00002f88   Section       24  fcmpi.o(x$fpl$fcmpinf)
    x$fpl$feqf                               0x00002fa0   Section      104  feqf.o(x$fpl$feqf)
    x$fpl$fflt                               0x00003008   Section       48  fflt_clz.o(x$fpl$fflt)
    x$fpl$fleqf                              0x00003038   Section      104  fleqf.o(x$fpl$fleqf)
    x$fpl$fmul                               0x000030a0   Section      258  fmul.o(x$fpl$fmul)
    x$fpl$fnaninf                            0x000031a2   Section      140  fnaninf.o(x$fpl$fnaninf)
    x$fpl$fretinf                            0x0000322e   Section       10  fretinf.o(x$fpl$fretinf)
    x$fpl$frleqf                             0x00003238   Section       98  frleqf.o(x$fpl$frleqf)
    x$fpl$frsb                               0x0000329a   Section       20  faddsub_clz.o(x$fpl$frsb)
    x$fpl$fsub                               0x000032b0   Section      234  faddsub_clz.o(x$fpl$fsub)
    _fsub1                                   0x000032bf   Thumb Code     0  faddsub_clz.o(x$fpl$fsub)
    x$fpl$retnan                             0x0000339a   Section      100  retnan.o(x$fpl$retnan)
    x$fpl$scalbn                             0x000033fe   Section       92  scalbn.o(x$fpl$scalbn)
    x$fpl$trapveneer                         0x0000345a   Section       48  trapv.o(x$fpl$trapveneer)
    .constdata                               0x0000348a   Section      480  nokia5110.o(.constdata)
    x$fpl$usenofp                            0x0000348a   Section        0  usenofp.o(x$fpl$usenofp)
    ASCII                                    0x0000348a   Data         480  nokia5110.o(.constdata)
    .constdata                               0x0000366a   Section       17  __printf_flags_wp.o(.constdata)
    maptable                                 0x0000366a   Data          17  __printf_flags_wp.o(.constdata)
    .constdata                               0x00003680   Section      136  pow.o(.constdata)
    bp                                       0x00003680   Data          16  pow.o(.constdata)
    dp_h                                     0x00003690   Data          16  pow.o(.constdata)
    dp_l                                     0x000036a0   Data          16  pow.o(.constdata)
    L                                        0x000036b0   Data          48  pow.o(.constdata)
    P                                        0x000036e0   Data          40  pow.o(.constdata)
    .constdata                               0x00003708   Section        8  qnan.o(.constdata)
    locale$$data                             0x00003730   Section      272  lc_ctype_c.o(locale$$data)
    __lcctype_c_name                         0x00003734   Data           2  lc_ctype_c.o(locale$$data)
    __lcctype_c_start                        0x0000373c   Data           0  lc_ctype_c.o(locale$$data)
    __lcctype_c_end                          0x00003840   Data           0  lc_ctype_c.o(locale$$data)
    .data                                    0x20000000   Section       68  main.o(.data)
    preError                                 0x20000000   Data           4  main.o(.data)
    integralControl                          0x20000004   Data           4  main.o(.data)
    .bss                                     0x20000044   Section       96  libspace.o(.bss)
    HEAP                                     0x200000a8   Section        0  startup.o(HEAP)
    STACK                                    0x200000a8   Section     1024  startup.o(STACK)
    HeapMem                                  0x200000a8   Data           0  startup.o(HEAP)
    StackMem                                 0x200000a8   Data           0  startup.o(STACK)

    Global Symbols

    Symbol Name                              Value     Ov Type        Size  Object(Section)

    BuildAttributes$$THM_ISAv4$E$P$D$K$B$S$7EM$PE$A:L22UL41UL21$X:L11$S22US41US21$IEEE1$IW$USESV6$~STKCKD$USESV7$~SHL$OTIME$ROPI$IEEEX$EBA8$UX$STANDARDLIB$REQ8$PRES8$EABIv2 0x00000000   Number         0  anon$$obj.o ABSOLUTE
    __ARM_use_no_argv                        0x00000000   Number         0  main.o ABSOLUTE
    __Vectors                                0x00000000   Data           0  startup.o(RESET)
    _printf_flags                            0x00000000   Number         0  printf_stubs.o ABSOLUTE
    _printf_return_value                     0x00000000   Number         0  printf_stubs.o ABSOLUTE
    _printf_sizespec                         0x00000000   Number         0  printf_stubs.o ABSOLUTE
    _printf_widthprec                        0x00000000   Number         0  printf_stubs.o ABSOLUTE
    __ARM_exceptions_init                     - Undefined Weak Reference
    __alloca_initialize                       - Undefined Weak Reference
    __cpp_initialize__aeabi_                  - Undefined Weak Reference
    __cxa_finalize                            - Undefined Weak Reference
    __sigvec_lookup                           - Undefined Weak Reference
    _atexit_init                              - Undefined Weak Reference
    _call_atexit_fns                          - Undefined Weak Reference
    _clock_init                               - Undefined Weak Reference
    _fp_trap_init                             - Undefined Weak Reference
    _fp_trap_shutdown                         - Undefined Weak Reference
    _get_lc_collate                           - Undefined Weak Reference
    _get_lc_monetary                          - Undefined Weak Reference
    _get_lc_numeric                           - Undefined Weak Reference
    _get_lc_time                              - Undefined Weak Reference
    _getenv_init                              - Undefined Weak Reference
    _handle_redirection                       - Undefined Weak Reference
    _init_alloc                               - Undefined Weak Reference
    _init_user_alloc                          - Undefined Weak Reference
    _initio                                   - Undefined Weak Reference
    _printf_truncate_signed                   - Undefined Weak Reference
    _printf_truncate_unsigned                 - Undefined Weak Reference
    _rand_init                                - Undefined Weak Reference
    _signal_finish                            - Undefined Weak Reference
    _signal_init                              - Undefined Weak Reference
    _terminate_alloc                          - Undefined Weak Reference
    _terminate_user_alloc                     - Undefined Weak Reference
    _terminateio                              - Undefined Weak Reference
    Reset_Handler                            0x0000026d   Thumb Code     0  startup.o(RESET)
    NMI_Handler                              0x00000271   Thumb Code     2  startup.o(RESET)
    HardFault_Handler                        0x00000273   Thumb Code     2  startup.o(RESET)
    MemManage_Handler                        0x00000275   Thumb Code     2  startup.o(RESET)
    BusFault_Handler                         0x00000277   Thumb Code     2  startup.o(RESET)
    UsageFault_Handler                       0x00000279   Thumb Code     2  startup.o(RESET)
    SVC_Handler                              0x0000027b   Thumb Code     2  startup.o(RESET)
    DebugMon_Handler                         0x0000027d   Thumb Code     2  startup.o(RESET)
    PendSV_Handler                           0x0000027f   Thumb Code     2  startup.o(RESET)
    SysTick_Handler                          0x00000281   Thumb Code     2  startup.o(RESET)
    ADC0Seq0_Handler                         0x00000283   Thumb Code     0  startup.o(RESET)
    ADC0Seq1_Handler                         0x00000283   Thumb Code     0  startup.o(RESET)
    ADC0Seq2_Handler                         0x00000283   Thumb Code     0  startup.o(RESET)
    ADC0Seq3_Handler                         0x00000283   Thumb Code     0  startup.o(RESET)
    ADC1Seq0_Handler                         0x00000283   Thumb Code     0  startup.o(RESET)
    ADC1Seq1_Handler                         0x00000283   Thumb Code     0  startup.o(RESET)
    ADC1Seq2_Handler                         0x00000283   Thumb Code     0  startup.o(RESET)
    ADC1Seq3_Handler                         0x00000283   Thumb Code     0  startup.o(RESET)
    CAN0_Handler                             0x00000283   Thumb Code     0  startup.o(RESET)
    CAN1_Handler                             0x00000283   Thumb Code     0  startup.o(RESET)
    CAN2_Handler                             0x00000283   Thumb Code     0  startup.o(RESET)
    Comp0_Handler                            0x00000283   Thumb Code     0  startup.o(RESET)
    Comp1_Handler                            0x00000283   Thumb Code     0  startup.o(RESET)
    Comp2_Handler                            0x00000283   Thumb Code     0  startup.o(RESET)
    Ethernet_Handler                         0x00000283   Thumb Code     0  startup.o(RESET)
    ExtBus_Handler                           0x00000283   Thumb Code     0  startup.o(RESET)
    FPU_Handler                              0x00000283   Thumb Code     0  startup.o(RESET)
    Fan0_Handler                             0x00000283   Thumb Code     0  startup.o(RESET)
    FlashCtl_Handler                         0x00000283   Thumb Code     0  startup.o(RESET)
    GPIOPortA_Handler                        0x00000283   Thumb Code     0  startup.o(RESET)
    GPIOPortB_Handler                        0x00000283   Thumb Code     0  startup.o(RESET)
    GPIOPortC_Handler                        0x00000283   Thumb Code     0  startup.o(RESET)
    GPIOPortD_Handler                        0x00000283   Thumb Code     0  startup.o(RESET)
    GPIOPortE_Handler                        0x00000283   Thumb Code     0  startup.o(RESET)
    GPIOPortF_Handler                        0x00000283   Thumb Code     0  startup.o(RESET)
    GPIOPortG_Handler                        0x00000283   Thumb Code     0  startup.o(RESET)
    GPIOPortH_Handler                        0x00000283   Thumb Code     0  startup.o(RESET)
    GPIOPortJ_Handler                        0x00000283   Thumb Code     0  startup.o(RESET)
    GPIOPortK_Handler                        0x00000283   Thumb Code     0  startup.o(RESET)
    GPIOPortL_Handler                        0x00000283   Thumb Code     0  startup.o(RESET)
    GPIOPortM_Handler                        0x00000283   Thumb Code     0  startup.o(RESET)
    GPIOPortN_Handler                        0x00000283   Thumb Code     0  startup.o(RESET)
    GPIOPortP1_Handler                       0x00000283   Thumb Code     0  startup.o(RESET)
    GPIOPortP2_Handler                       0x00000283   Thumb Code     0  startup.o(RESET)
    GPIOPortP3_Handler                       0x00000283   Thumb Code     0  startup.o(RESET)
    GPIOPortP4_Handler                       0x00000283   Thumb Code     0  startup.o(RESET)
    GPIOPortP5_Handler                       0x00000283   Thumb Code     0  startup.o(RESET)
    GPIOPortP6_Handler                       0x00000283   Thumb Code     0  startup.o(RESET)
    GPIOPortP7_Handler                       0x00000283   Thumb Code     0  startup.o(RESET)
    GPIOPortP_Handler                        0x00000283   Thumb Code     0  startup.o(RESET)
    GPIOPortQ1_Handler                       0x00000283   Thumb Code     0  startup.o(RESET)
    GPIOPortQ2_Handler                       0x00000283   Thumb Code     0  startup.o(RESET)
    GPIOPortQ3_Handler                       0x00000283   Thumb Code     0  startup.o(RESET)
    GPIOPortQ4_Handler                       0x00000283   Thumb Code     0  startup.o(RESET)
    GPIOPortQ5_Handler                       0x00000283   Thumb Code     0  startup.o(RESET)
    GPIOPortQ6_Handler                       0x00000283   Thumb Code     0  startup.o(RESET)
    GPIOPortQ7_Handler                       0x00000283   Thumb Code     0  startup.o(RESET)
    GPIOPortQ_Handler                        0x00000283   Thumb Code     0  startup.o(RESET)
    GPIOPortR_Handler                        0x00000283   Thumb Code     0  startup.o(RESET)
    GPIOPortS_Handler                        0x00000283   Thumb Code     0  startup.o(RESET)
    Hibernate_Handler                        0x00000283   Thumb Code     0  startup.o(RESET)
    I2C0_Handler                             0x00000283   Thumb Code     0  startup.o(RESET)
    I2C1_Handler                             0x00000283   Thumb Code     0  startup.o(RESET)
    I2C2_Handler                             0x00000283   Thumb Code     0  startup.o(RESET)
    I2C3_Handler                             0x00000283   Thumb Code     0  startup.o(RESET)
    I2C4_Handler                             0x00000283   Thumb Code     0  startup.o(RESET)
    I2C5_Handler                             0x00000283   Thumb Code     0  startup.o(RESET)
    I2S0_Handler                             0x00000283   Thumb Code     0  startup.o(RESET)
    LPC0_Handler                             0x00000283   Thumb Code     0  startup.o(RESET)
    PECI0_Handler                            0x00000283   Thumb Code     0  startup.o(RESET)
    PWM0Fault_Handler                        0x00000283   Thumb Code     0  startup.o(RESET)
    PWM0Generator0_Handler                   0x00000283   Thumb Code     0  startup.o(RESET)
    PWM0Generator1_Handler                   0x00000283   Thumb Code     0  startup.o(RESET)
    PWM0Generator2_Handler                   0x00000283   Thumb Code     0  startup.o(RESET)
    PWM0Generator3_Handler                   0x00000283   Thumb Code     0  startup.o(RESET)
    PWM1Fault_Handler                        0x00000283   Thumb Code     0  startup.o(RESET)
    PWM1Generator0_Handler                   0x00000283   Thumb Code     0  startup.o(RESET)
    PWM1Generator1_Handler                   0x00000283   Thumb Code     0  startup.o(RESET)
    PWM1Generator2_Handler                   0x00000283   Thumb Code     0  startup.o(RESET)
    PWM1Generator3_Handler                   0x00000283   Thumb Code     0  startup.o(RESET)
    Quadrature0_Handler                      0x00000283   Thumb Code     0  startup.o(RESET)
    Quadrature1_Handler                      0x00000283   Thumb Code     0  startup.o(RESET)
    Quadrature2_Handler                      0x00000283   Thumb Code     0  startup.o(RESET)
    SSI0_Handler                             0x00000283   Thumb Code     0  startup.o(RESET)
    SSI1_Handler                             0x00000283   Thumb Code     0  startup.o(RESET)
    SSI2_Handler                             0x00000283   Thumb Code     0  startup.o(RESET)
    SSI3_Handler                             0x00000283   Thumb Code     0  startup.o(RESET)
    SysCtl_Handler                           0x00000283   Thumb Code     0  startup.o(RESET)
    Timer0A_Handler                          0x00000283   Thumb Code     0  startup.o(RESET)
    Timer0B_Handler                          0x00000283   Thumb Code     0  startup.o(RESET)
    Timer1A_Handler                          0x00000283   Thumb Code     0  startup.o(RESET)
    Timer1B_Handler                          0x00000283   Thumb Code     0  startup.o(RESET)
    Timer2A_Handler                          0x00000283   Thumb Code     0  startup.o(RESET)
    Timer2B_Handler                          0x00000283   Thumb Code     0  startup.o(RESET)
    Timer3A_Handler                          0x00000283   Thumb Code     0  startup.o(RESET)
    Timer3B_Handler                          0x00000283   Thumb Code     0  startup.o(RESET)
    Timer4A_Handler                          0x00000283   Thumb Code     0  startup.o(RESET)
    Timer4B_Handler                          0x00000283   Thumb Code     0  startup.o(RESET)
    Timer5A_Handler                          0x00000283   Thumb Code     0  startup.o(RESET)
    Timer5B_Handler                          0x00000283   Thumb Code     0  startup.o(RESET)
    UART0_Handler                            0x00000283   Thumb Code     0  startup.o(RESET)
    UART1_Handler                            0x00000283   Thumb Code     0  startup.o(RESET)
    UART2_Handler                            0x00000283   Thumb Code     0  startup.o(RESET)
    UART3_Handler                            0x00000283   Thumb Code     0  startup.o(RESET)
    UART4_Handler                            0x00000283   Thumb Code     0  startup.o(RESET)
    UART5_Handler                            0x00000283   Thumb Code     0  startup.o(RESET)
    UART6_Handler                            0x00000283   Thumb Code     0  startup.o(RESET)
    UART7_Handler                            0x00000283   Thumb Code     0  startup.o(RESET)
    USB0_Handler                             0x00000283   Thumb Code     0  startup.o(RESET)
    WDT_Handler                              0x00000283   Thumb Code     0  startup.o(RESET)
    WideTimer0A_Handler                      0x00000283   Thumb Code     0  startup.o(RESET)
    WideTimer0B_Handler                      0x00000283   Thumb Code     0  startup.o(RESET)
    WideTimer1A_Handler                      0x00000283   Thumb Code     0  startup.o(RESET)
    WideTimer1B_Handler                      0x00000283   Thumb Code     0  startup.o(RESET)
    WideTimer2A_Handler                      0x00000283   Thumb Code     0  startup.o(RESET)
    WideTimer2B_Handler                      0x00000283   Thumb Code     0  startup.o(RESET)
    WideTimer3A_Handler                      0x00000283   Thumb Code     0  startup.o(RESET)
    WideTimer3B_Handler                      0x00000283   Thumb Code     0  startup.o(RESET)
    WideTimer4A_Handler                      0x00000283   Thumb Code     0  startup.o(RESET)
    WideTimer4B_Handler                      0x00000283   Thumb Code     0  startup.o(RESET)
    WideTimer5A_Handler                      0x00000283   Thumb Code     0  startup.o(RESET)
    WideTimer5B_Handler                      0x00000283   Thumb Code     0  startup.o(RESET)
    uDMA_Error                               0x00000283   Thumb Code     0  startup.o(RESET)
    uDMA_Handler                             0x00000283   Thumb Code     0  startup.o(RESET)
    __main                                   0x00000285   Thumb Code     8  __main.o(!!!main)
    __scatterload                            0x0000028d   Thumb Code     0  __scatter.o(!!!scatter)
    __scatterload_rt2                        0x0000028d   Thumb Code    44  __scatter.o(!!!scatter)
    __scatterload_rt2_thumb_only             0x0000028d   Thumb Code     0  __scatter.o(!!!scatter)
    __scatterload_null                       0x0000029b   Thumb Code     0  __scatter.o(!!!scatter)
    __scatterload_copy                       0x000002c1   Thumb Code    26  __scatter_copy.o(!!handler_copy)
    __scatterload_zeroinit                   0x000002dd   Thumb Code    28  __scatter_zi.o(!!handler_zi)
    _printf_d                                0x000002f9   Thumb Code     0  _printf_d.o(.ARM.Collect$$_printf_percent$$00000009)
    _printf_percent                          0x000002f9   Thumb Code     0  _printf_percent.o(.ARM.Collect$$_printf_percent$$00000000)
    _printf_percent_end                      0x000002ff   Thumb Code     0  _printf_percent_end.o(.ARM.Collect$$_printf_percent$$00000017)
    __rt_lib_init                            0x00000303   Thumb Code     0  libinit.o(.ARM.Collect$$libinit$$00000000)
    __rt_lib_init_fp_1                       0x00000305   Thumb Code     0  libinit2.o(.ARM.Collect$$libinit$$00000002)
    __rt_lib_init_heap_1                     0x00000305   Thumb Code     0  libinit2.o(.ARM.Collect$$libinit$$00000008)
    __rt_lib_init_lc_common                  0x00000305   Thumb Code     0  libinit2.o(.ARM.Collect$$libinit$$0000000D)
    __rt_lib_init_rand_1                     0x00000305   Thumb Code     0  libinit2.o(.ARM.Collect$$libinit$$0000000C)
    __rt_lib_init_user_alloc_1               0x00000305   Thumb Code     0  libinit2.o(.ARM.Collect$$libinit$$0000000A)
    __rt_lib_init_lc_collate_1               0x0000030b   Thumb Code     0  libinit2.o(.ARM.Collect$$libinit$$0000000F)
    __rt_lib_init_lc_ctype_2                 0x0000030b   Thumb Code     0  libinit2.o(.ARM.Collect$$libinit$$00000010)
    __rt_lib_init_alloca_1                   0x00000317   Thumb Code     0  libinit2.o(.ARM.Collect$$libinit$$0000002C)
    __rt_lib_init_argv_1                     0x00000317   Thumb Code     0  libinit2.o(.ARM.Collect$$libinit$$0000002A)
    __rt_lib_init_atexit_1                   0x00000317   Thumb Code     0  libinit2.o(.ARM.Collect$$libinit$$00000019)
    __rt_lib_init_clock_1                    0x00000317   Thumb Code     0  libinit2.o(.ARM.Collect$$libinit$$0000001F)
    __rt_lib_init_cpp_1                      0x00000317   Thumb Code     0  libinit2.o(.ARM.Collect$$libinit$$00000030)
    __rt_lib_init_exceptions_1               0x00000317   Thumb Code     0  libinit2.o(.ARM.Collect$$libinit$$0000002E)
    __rt_lib_init_fp_trap_1                  0x00000317   Thumb Code     0  libinit2.o(.ARM.Collect$$libinit$$0000001D)
    __rt_lib_init_getenv_1                   0x00000317   Thumb Code     0  libinit2.o(.ARM.Collect$$libinit$$00000021)
    __rt_lib_init_lc_ctype_1                 0x00000317   Thumb Code     0  libinit2.o(.ARM.Collect$$libinit$$00000011)
    __rt_lib_init_lc_monetary_1              0x00000317   Thumb Code     0  libinit2.o(.ARM.Collect$$libinit$$00000013)
    __rt_lib_init_lc_numeric_1               0x00000317   Thumb Code     0  libinit2.o(.ARM.Collect$$libinit$$00000015)
    __rt_lib_init_lc_time_1                  0x00000317   Thumb Code     0  libinit2.o(.ARM.Collect$$libinit$$00000017)
    __rt_lib_init_return                     0x00000317   Thumb Code     0  libinit2.o(.ARM.Collect$$libinit$$00000031)
    __rt_lib_init_signal_1                   0x00000317   Thumb Code     0  libinit2.o(.ARM.Collect$$libinit$$0000001B)
    __rt_lib_init_stdio_1                    0x00000317   Thumb Code     0  libinit2.o(.ARM.Collect$$libinit$$00000023)
    __rt_lib_shutdown                        0x00000319   Thumb Code     0  libshutdown.o(.ARM.Collect$$libshutdown$$00000000)
    __rt_lib_shutdown_fp_trap_1              0x0000031b   Thumb Code     0  libshutdown2.o(.ARM.Collect$$libshutdown$$00000006)
    __rt_lib_shutdown_heap_1                 0x0000031b   Thumb Code     0  libshutdown2.o(.ARM.Collect$$libshutdown$$0000000E)
    __rt_lib_shutdown_return                 0x0000031b   Thumb Code     0  libshutdown2.o(.ARM.Collect$$libshutdown$$0000000F)
    __rt_lib_shutdown_signal_1               0x0000031b   Thumb Code     0  libshutdown2.o(.ARM.Collect$$libshutdown$$00000009)
    __rt_lib_shutdown_stdio_1                0x0000031b   Thumb Code     0  libshutdown2.o(.ARM.Collect$$libshutdown$$00000003)
    __rt_lib_shutdown_user_alloc_1           0x0000031b   Thumb Code     0  libshutdown2.o(.ARM.Collect$$libshutdown$$0000000B)
    __rt_entry                               0x0000031d   Thumb Code     0  rtentry.o(.ARM.Collect$$rtentry$$00000000)
    __rt_entry_presh_1                       0x0000031d   Thumb Code     0  rtentry2.o(.ARM.Collect$$rtentry$$00000002)
    __rt_entry_sh                            0x0000031d   Thumb Code     0  rtentry4.o(.ARM.Collect$$rtentry$$00000004)
    __rt_entry_li                            0x00000323   Thumb Code     0  rtentry2.o(.ARM.Collect$$rtentry$$0000000A)
    __rt_entry_postsh_1                      0x00000323   Thumb Code     0  rtentry2.o(.ARM.Collect$$rtentry$$00000009)
    __rt_entry_main                          0x00000327   Thumb Code     0  rtentry2.o(.ARM.Collect$$rtentry$$0000000D)
    __rt_entry_postli_1                      0x00000327   Thumb Code     0  rtentry2.o(.ARM.Collect$$rtentry$$0000000C)
    __rt_exit                                0x0000032f   Thumb Code     0  rtexit.o(.ARM.Collect$$rtexit$$00000000)
    __rt_exit_ls                             0x00000331   Thumb Code     0  rtexit2.o(.ARM.Collect$$rtexit$$00000003)
    __rt_exit_prels_1                        0x00000331   Thumb Code     0  rtexit2.o(.ARM.Collect$$rtexit$$00000002)
    __rt_exit_exit                           0x00000335   Thumb Code     0  rtexit2.o(.ARM.Collect$$rtexit$$00000004)
    DisableInterrupts                        0x0000033d   Thumb Code     0  startup.o(.text)
    EnableInterrupts                         0x00000341   Thumb Code     0  startup.o(.text)
    StartCritical                            0x00000345   Thumb Code     0  startup.o(.text)
    EndCritical                              0x0000034d   Thumb Code     0  startup.o(.text)
    WaitForInterrupt                         0x00000353   Thumb Code     0  startup.o(.text)
    __user_initial_stackheap                 0x00000357   Thumb Code     0  startup.o(.text)
    __aeabi_ldivmod                          0x0000036d   Thumb Code     0  llsdiv.o(.text)
    _ll_sdiv                                 0x0000036d   Thumb Code    72  llsdiv.o(.text)
    __2sprintf                               0x000003b5   Thumb Code    34  noretval__2sprintf.o(.text)
    _printf_pre_padding                      0x000003dd   Thumb Code    46  _printf_pad.o(.text)
    _printf_post_padding                     0x0000040b   Thumb Code    36  _printf_pad.o(.text)
    _printf_int_dec                          0x00000431   Thumb Code   102  _printf_dec.o(.text)
    __printf                                 0x000004a9   Thumb Code   310  __printf_flags_wp.o(.text)
    atoi                                     0x000005e5   Thumb Code    26  atoi.o(.text)
    strcat                                   0x000005ff   Thumb Code    24  strcat.o(.text)
    __use_two_region_memory                  0x00000617   Thumb Code     2  heapauxi.o(.text)
    __rt_heap_escrow$2region                 0x00000619   Thumb Code     2  heapauxi.o(.text)
    __rt_heap_expand$2region                 0x0000061b   Thumb Code     2  heapauxi.o(.text)
    __aeabi_errno_addr                       0x0000061d   Thumb Code     8  rt_errno_addr_intlibspace.o(.text)
    __errno$intlibspace                      0x0000061d   Thumb Code     0  rt_errno_addr_intlibspace.o(.text)
    __rt_errno_addr$intlibspace              0x0000061d   Thumb Code     0  rt_errno_addr_intlibspace.o(.text)
    __aeabi_uldivmod                         0x00000625   Thumb Code     0  lludivv7m.o(.text)
    _ll_udiv                                 0x00000625   Thumb Code   238  lludivv7m.o(.text)
    __read_errno                             0x00000713   Thumb Code    10  _rserrno.o(.text)
    __set_errno                              0x0000071d   Thumb Code    12  _rserrno.o(.text)
    _printf_int_common                       0x00000729   Thumb Code   184  _printf_intcommon.o(.text)
    _printf_char_common                      0x000007eb   Thumb Code    32  _printf_char_common.o(.text)
    _sputc                                   0x00000811   Thumb Code    10  _sputc.o(.text)
    strtol                                   0x0000081b   Thumb Code   112  strtol.o(.text)
    __user_libspace                          0x0000088d   Thumb Code     8  libspace.o(.text)
    __user_perproc_libspace                  0x0000088d   Thumb Code     0  libspace.o(.text)
    __user_perthread_libspace                0x0000088d   Thumb Code     0  libspace.o(.text)
    __rt_ctype_table                         0x00000895   Thumb Code    16  rt_ctype_table.o(.text)
    _strtoul                                 0x000008a5   Thumb Code   158  _strtoul.o(.text)
    __user_setup_stackheap                   0x00000943   Thumb Code    74  sys_stackheap_outer.o(.text)
    __rt_locale                              0x0000098d   Thumb Code     8  rt_locale_intlibspace.o(.text)
    _chval                                   0x00000995   Thumb Code    28  _chval.o(.text)
    exit                                     0x000009b1   Thumb Code    12  exit.o(.text)
    strcmp                                   0x000009bd   Thumb Code   128  strcmpv7m.o(.text)
    _sys_exit                                0x00000a3d   Thumb Code     8  sys_exit.o(.text)
    __I$use$semihosting                      0x00000a49   Thumb Code     0  use_no_semi.o(.text)
    __use_no_semihosting_swi                 0x00000a49   Thumb Code     2  use_no_semi.o(.text)
    __semihosting_library_function           0x00000a4b   Thumb Code     0  indicate_semi.o(.text)
    M0PWM0_Duty                              0x00000a4d   Thumb Code     8  pwm.o(i.M0PWM0_Duty)
    M0PWM0_Init                              0x00000a59   Thumb Code   174  pwm.o(i.M0PWM0_Init)
    M0PWM1_Duty_new                          0x00000b21   Thumb Code     8  pwm.o(i.M0PWM1_Duty_new)
    M0PWM1_Init_new                          0x00000b2d   Thumb Code   172  pwm.o(i.M0PWM1_Init_new)
    Nokia5110_Clear                          0x00000bed   Thumb Code    32  nokia5110.o(i.Nokia5110_Clear)
    Nokia5110_Init                           0x00000c0d   Thumb Code   316  nokia5110.o(i.Nokia5110_Init)
    Nokia5110_OutChar                        0x00000d79   Thumb Code    52  nokia5110.o(i.Nokia5110_OutChar)
    Nokia5110_OutString                      0x00000db1   Thumb Code    22  nokia5110.o(i.Nokia5110_OutString)
    Nokia5110_OutUDec                        0x00000dc9   Thumb Code   394  nokia5110.o(i.Nokia5110_OutUDec)
    Nokia5110_SetCursor                      0x00000f65   Thumb Code    48  nokia5110.o(i.Nokia5110_SetCursor)
    PLL_Init                                 0x00000f95   Thumb Code   118  pll.o(i.PLL_Init)
    PortB_Init                               0x00001011   Thumb Code   114  portinitializations.o(i.PortB_Init)
    PortD_Init                               0x0000109d   Thumb Code   110  portinitializations.o(i.PortD_Init)
    PortF_Init                               0x00001125   Thumb Code    80  portinitializations.o(i.PortF_Init)
    UART_InChar                              0x00001191   Thumb Code    20  uart.o(i.UART_InChar)
    UART_Init                                0x000011a9   Thumb Code   132  uart.o(i.UART_Init)
    __ARM_fpclassify                         0x00001245   Thumb Code    40  fpclassify.o(i.__ARM_fpclassify)
    __kernel_poly                            0x0000126d   Thumb Code   170  poly.o(i.__kernel_poly)
    __mathlib_dbl_underflow                  0x00001319   Thumb Code    10  dunder.o(i.__mathlib_dbl_underflow)
    _is_digit                                0x00001329   Thumb Code    14  __printf_wp.o(i._is_digit)
    binaryToDecimal                          0x00001337   Thumb Code   148  uartcommunication.o(i.binaryToDecimal)
    charToDecimal                            0x000013cb   Thumb Code    54  uartcommunication.o(i.charToDecimal)
    concat                                   0x00001401   Thumb Code    50  uartcommunication.o(i.concat)
    controlLoop                              0x0000143d   Thumb Code   126  main.o(i.controlLoop)
    decToBinary                              0x000014d1   Thumb Code    56  uartcommunication.o(i.decToBinary)
    floor                                    0x00001509   Thumb Code   204  floor.o(i.floor)
    main                                     0x00001631   Thumb Code   476  main.o(i.main)
    motorPIDcontrol                          0x00001849   Thumb Code   156  main.o(i.motorPIDcontrol)
    pow                                      0x000018f9   Thumb Code  2510  pow.o(i.pow)
    singleCharToDecimal                      0x000022d9   Thumb Code     2  uartcommunication.o(i.singleCharToDecimal)
    sqrt                                     0x000022db   Thumb Code    76  sqrt.o(i.sqrt)
    _get_lc_ctype                            0x00002329   Thumb Code    44  lc_ctype_c.o(locale$$code)
    __aeabi_dadd                             0x00002355   Thumb Code     0  daddsub_clz.o(x$fpl$dadd)
    _dadd                                    0x00002355   Thumb Code   332  daddsub_clz.o(x$fpl$dadd)
    __fpl_dcheck_NaN1                        0x000024a5   Thumb Code    10  dcheck1.o(x$fpl$dcheck1)
    __fpl_dcmp_Inf                           0x000024b5   Thumb Code    24  dcmpi.o(x$fpl$dcmpinf)
    __aeabi_ddiv                             0x000024cd   Thumb Code     0  ddiv.o(x$fpl$ddiv)
    _ddiv                                    0x000024cd   Thumb Code   552  ddiv.o(x$fpl$ddiv)
    __aeabi_d2iz                             0x0000277d   Thumb Code     0  dfix.o(x$fpl$dfix)
    _dfix                                    0x0000277d   Thumb Code    94  dfix.o(x$fpl$dfix)
    __aeabi_i2d                              0x000027db   Thumb Code     0  dflt_clz.o(x$fpl$dflt)
    _dflt                                    0x000027db   Thumb Code    46  dflt_clz.o(x$fpl$dflt)
    __aeabi_cdcmple                          0x00002809   Thumb Code     0  dleqf.o(x$fpl$dleqf)
    _dcmple                                  0x00002809   Thumb Code   120  dleqf.o(x$fpl$dleqf)
    __fpl_dcmple_InfNaN                      0x0000286b   Thumb Code     0  dleqf.o(x$fpl$dleqf)
    __aeabi_dmul                             0x00002881   Thumb Code     0  dmul.o(x$fpl$dmul)
    _dmul                                    0x00002881   Thumb Code   332  dmul.o(x$fpl$dmul)
    __fpl_dnaninf                            0x000029d5   Thumb Code   156  dnaninf.o(x$fpl$dnaninf)
    __fpl_dretinf                            0x00002a71   Thumb Code    12  dretinf.o(x$fpl$dretinf)
    __aeabi_cdrcmple                         0x00002a7d   Thumb Code     0  drleqf.o(x$fpl$drleqf)
    _drcmple                                 0x00002a7d   Thumb Code   108  drleqf.o(x$fpl$drleqf)
    __aeabi_drsub                            0x00002ae9   Thumb Code     0  daddsub_clz.o(x$fpl$drsb)
    _drsb                                    0x00002ae9   Thumb Code    22  daddsub_clz.o(x$fpl$drsb)
    _dsqrt                                   0x00002b01   Thumb Code   404  dsqrt_umaal.o(x$fpl$dsqrt)
    __aeabi_dsub                             0x00002c99   Thumb Code     0  daddsub_clz.o(x$fpl$dsub)
    _dsub                                    0x00002c99   Thumb Code   464  daddsub_clz.o(x$fpl$dsub)
    __aeabi_f2d                              0x00002e6d   Thumb Code     0  f2d.o(x$fpl$f2d)
    _f2d                                     0x00002e6d   Thumb Code    86  f2d.o(x$fpl$f2d)
    __aeabi_fadd                             0x00002ec5   Thumb Code     0  faddsub_clz.o(x$fpl$fadd)
    _fadd                                    0x00002ec5   Thumb Code   196  faddsub_clz.o(x$fpl$fadd)
    __fpl_fcmp_Inf                           0x00002f89   Thumb Code    24  fcmpi.o(x$fpl$fcmpinf)
    __aeabi_cfcmpeq                          0x00002fa1   Thumb Code     0  feqf.o(x$fpl$feqf)
    _fcmpeq                                  0x00002fa1   Thumb Code   104  feqf.o(x$fpl$feqf)
    __aeabi_i2f                              0x00003009   Thumb Code     0  fflt_clz.o(x$fpl$fflt)
    _fflt                                    0x00003009   Thumb Code    48  fflt_clz.o(x$fpl$fflt)
    __aeabi_cfcmple                          0x00003039   Thumb Code     0  fleqf.o(x$fpl$fleqf)
    _fcmple                                  0x00003039   Thumb Code   104  fleqf.o(x$fpl$fleqf)
    __fpl_fcmple_InfNaN                      0x0000308b   Thumb Code     0  fleqf.o(x$fpl$fleqf)
    __aeabi_fmul                             0x000030a1   Thumb Code     0  fmul.o(x$fpl$fmul)
    _fmul                                    0x000030a1   Thumb Code   258  fmul.o(x$fpl$fmul)
    __fpl_fnaninf                            0x000031a3   Thumb Code   140  fnaninf.o(x$fpl$fnaninf)
    __fpl_fretinf                            0x0000322f   Thumb Code    10  fretinf.o(x$fpl$fretinf)
    __aeabi_cfrcmple                         0x00003239   Thumb Code     0  frleqf.o(x$fpl$frleqf)
    _frcmple                                 0x00003239   Thumb Code    98  frleqf.o(x$fpl$frleqf)
    __aeabi_frsub                            0x0000329b   Thumb Code     0  faddsub_clz.o(x$fpl$frsb)
    _frsb                                    0x0000329b   Thumb Code    20  faddsub_clz.o(x$fpl$frsb)
    __aeabi_fsub                             0x000032b1   Thumb Code     0  faddsub_clz.o(x$fpl$fsub)
    _fsub                                    0x000032b1   Thumb Code   234  faddsub_clz.o(x$fpl$fsub)
    __fpl_return_NaN                         0x0000339b   Thumb Code   100  retnan.o(x$fpl$retnan)
    __ARM_scalbn                             0x000033ff   Thumb Code    92  scalbn.o(x$fpl$scalbn)
    __fpl_cmpreturn                          0x0000345b   Thumb Code    48  trapv.o(x$fpl$trapveneer)
    __I$use$fp                               0x0000348a   Number         0  usenofp.o(x$fpl$usenofp)
    __mathlib_zero                           0x00003708   Data           8  qnan.o(.constdata)
    Region$$Table$$Base                      0x00003710   Number         0  anon$$obj.o(Region$$Table)
    Region$$Table$$Limit                     0x00003730   Number         0  anon$$obj.o(Region$$Table)
    __ctype                                  0x0000373d   Data           0  lc_ctype_c.o(locale$$data)
    n                                        0x20000008   Data           1  main.o(.data)
    i                                        0x2000000c   Data           4  main.o(.data)
    k                                        0x20000010   Data           4  main.o(.data)
    uartFlag                                 0x20000014   Data           4  main.o(.data)
    buffer                                   0x20000018   Data           8  main.o(.data)
    check_value                              0x20000020   Data           4  main.o(.data)
    check_sum                                0x20000024   Data           4  main.o(.data)
    finalXCoordinateValue                    0x20000028   Data           4  main.o(.data)
    finalYCoordinateValue                    0x2000002c   Data           4  main.o(.data)
    finalDistance                            0x20000030   Data           4  main.o(.data)
    checkDisplay                             0x20000034   Data           4  main.o(.data)
    leftPWMSpeed                             0x20000038   Data           4  main.o(.data)
    rightPWMSpeed                            0x2000003c   Data           4  main.o(.data)
    motorSpeed                               0x20000040   Data           4  main.o(.data)
    __libspace_start                         0x20000044   Data          96  libspace.o(.bss)
    __temporary_stack_top$libspace           0x200000a4   Data           0  libspace.o(.bss)



==============================================================================

Memory Map of the image

  Image Entry point : 0x0000026d

  Load Region LR_1 (Base: 0x00000000, Size: 0x00003884, Max: 0xffffffff, ABSOLUTE)

    Execution Region ER_RO (Base: 0x00000000, Size: 0x00003840, Max: 0xffffffff, ABSOLUTE)

    Base Addr    Size         Type   Attr      Idx    E Section Name        Object

    0x00000000   0x00000284   Code   RO            3  * RESET               startup.o
    0x00000284   0x00000008   Code   RO          469  * !!!main             c_w.l(__main.o)
    0x0000028c   0x00000034   Code   RO          769    !!!scatter          c_w.l(__scatter.o)
    0x000002c0   0x0000001a   Code   RO          771    !!handler_copy      c_w.l(__scatter_copy.o)
    0x000002da   0x00000002   PAD
    0x000002dc   0x0000001c   Code   RO          773    !!handler_zi        c_w.l(__scatter_zi.o)
    0x000002f8   0x00000000   Code   RO          462    .ARM.Collect$$_printf_percent$$00000000  c_w.l(_printf_percent.o)
    0x000002f8   0x00000006   Code   RO          461    .ARM.Collect$$_printf_percent$$00000009  c_w.l(_printf_d.o)
    0x000002fe   0x00000004   Code   RO          541    .ARM.Collect$$_printf_percent$$00000017  c_w.l(_printf_percent_end.o)
    0x00000302   0x00000002   Code   RO          633    .ARM.Collect$$libinit$$00000000  c_w.l(libinit.o)
    0x00000304   0x00000000   Code   RO          647    .ARM.Collect$$libinit$$00000002  c_w.l(libinit2.o)
    0x00000304   0x00000000   Code   RO          650    .ARM.Collect$$libinit$$00000008  c_w.l(libinit2.o)
    0x00000304   0x00000000   Code   RO          652    .ARM.Collect$$libinit$$0000000A  c_w.l(libinit2.o)
    0x00000304   0x00000000   Code   RO          654    .ARM.Collect$$libinit$$0000000C  c_w.l(libinit2.o)
    0x00000304   0x00000006   Code   RO          655    .ARM.Collect$$libinit$$0000000D  c_w.l(libinit2.o)
    0x0000030a   0x00000000   Code   RO          657    .ARM.Collect$$libinit$$0000000F  c_w.l(libinit2.o)
    0x0000030a   0x0000000c   Code   RO          658    .ARM.Collect$$libinit$$00000010  c_w.l(libinit2.o)
    0x00000316   0x00000000   Code   RO          659    .ARM.Collect$$libinit$$00000011  c_w.l(libinit2.o)
    0x00000316   0x00000000   Code   RO          661    .ARM.Collect$$libinit$$00000013  c_w.l(libinit2.o)
    0x00000316   0x00000000   Code   RO          663    .ARM.Collect$$libinit$$00000015  c_w.l(libinit2.o)
    0x00000316   0x00000000   Code   RO          665    .ARM.Collect$$libinit$$00000017  c_w.l(libinit2.o)
    0x00000316   0x00000000   Code   RO          667    .ARM.Collect$$libinit$$00000019  c_w.l(libinit2.o)
    0x00000316   0x00000000   Code   RO          669    .ARM.Collect$$libinit$$0000001B  c_w.l(libinit2.o)
    0x00000316   0x00000000   Code   RO          671    .ARM.Collect$$libinit$$0000001D  c_w.l(libinit2.o)
    0x00000316   0x00000000   Code   RO          673    .ARM.Collect$$libinit$$0000001F  c_w.l(libinit2.o)
    0x00000316   0x00000000   Code   RO          675    .ARM.Collect$$libinit$$00000021  c_w.l(libinit2.o)
    0x00000316   0x00000000   Code   RO          677    .ARM.Collect$$libinit$$00000023  c_w.l(libinit2.o)
    0x00000316   0x00000000   Code   RO          681    .ARM.Collect$$libinit$$0000002A  c_w.l(libinit2.o)
    0x00000316   0x00000000   Code   RO          683    .ARM.Collect$$libinit$$0000002C  c_w.l(libinit2.o)
    0x00000316   0x00000000   Code   RO          685    .ARM.Collect$$libinit$$0000002E  c_w.l(libinit2.o)
    0x00000316   0x00000000   Code   RO          687    .ARM.Collect$$libinit$$00000030  c_w.l(libinit2.o)
    0x00000316   0x00000002   Code   RO          688    .ARM.Collect$$libinit$$00000031  c_w.l(libinit2.o)
    0x00000318   0x00000002   Code   RO          720    .ARM.Collect$$libshutdown$$00000000  c_w.l(libshutdown.o)
    0x0000031a   0x00000000   Code   RO          738    .ARM.Collect$$libshutdown$$00000003  c_w.l(libshutdown2.o)
    0x0000031a   0x00000000   Code   RO          741    .ARM.Collect$$libshutdown$$00000006  c_w.l(libshutdown2.o)
    0x0000031a   0x00000000   Code   RO          744    .ARM.Collect$$libshutdown$$00000009  c_w.l(libshutdown2.o)
    0x0000031a   0x00000000   Code   RO          746    .ARM.Collect$$libshutdown$$0000000B  c_w.l(libshutdown2.o)
    0x0000031a   0x00000000   Code   RO          749    .ARM.Collect$$libshutdown$$0000000E  c_w.l(libshutdown2.o)
    0x0000031a   0x00000002   Code   RO          750    .ARM.Collect$$libshutdown$$0000000F  c_w.l(libshutdown2.o)
    0x0000031c   0x00000000   Code   RO          525    .ARM.Collect$$rtentry$$00000000  c_w.l(rtentry.o)
    0x0000031c   0x00000000   Code   RO          582    .ARM.Collect$$rtentry$$00000002  c_w.l(rtentry2.o)
    0x0000031c   0x00000006   Code   RO          594    .ARM.Collect$$rtentry$$00000004  c_w.l(rtentry4.o)
    0x00000322   0x00000000   Code   RO          584    .ARM.Collect$$rtentry$$00000009  c_w.l(rtentry2.o)
    0x00000322   0x00000004   Code   RO          585    .ARM.Collect$$rtentry$$0000000A  c_w.l(rtentry2.o)
    0x00000326   0x00000000   Code   RO          587    .ARM.Collect$$rtentry$$0000000C  c_w.l(rtentry2.o)
    0x00000326   0x00000008   Code   RO          588    .ARM.Collect$$rtentry$$0000000D  c_w.l(rtentry2.o)
    0x0000032e   0x00000002   Code   RO          638    .ARM.Collect$$rtexit$$00000000  c_w.l(rtexit.o)
    0x00000330   0x00000000   Code   RO          692    .ARM.Collect$$rtexit$$00000002  c_w.l(rtexit2.o)
    0x00000330   0x00000004   Code   RO          693    .ARM.Collect$$rtexit$$00000003  c_w.l(rtexit2.o)
    0x00000334   0x00000006   Code   RO          694    .ARM.Collect$$rtexit$$00000004  c_w.l(rtexit2.o)
    0x0000033a   0x00000002   PAD
    0x0000033c   0x00000030   Code   RO            4    .text               startup.o
    0x0000036c   0x00000048   Code   RO          429    .text               c_w.l(llsdiv.o)
    0x000003b4   0x00000028   Code   RO          433    .text               c_w.l(noretval__2sprintf.o)
    0x000003dc   0x00000052   Code   RO          437    .text               c_w.l(_printf_pad.o)
    0x0000042e   0x00000002   PAD
    0x00000430   0x00000078   Code   RO          439    .text               c_w.l(_printf_dec.o)
    0x000004a8   0x0000013c   Code   RO          453    .text               c_w.l(__printf_flags_wp.o)
    0x000005e4   0x0000001a   Code   RO          463    .text               c_w.l(atoi.o)
    0x000005fe   0x00000018   Code   RO          465    .text               c_w.l(strcat.o)
    0x00000616   0x00000006   Code   RO          467    .text               c_w.l(heapauxi.o)
    0x0000061c   0x00000008   Code   RO          529    .text               c_w.l(rt_errno_addr_intlibspace.o)
    0x00000624   0x000000ee   Code   RO          531    .text               c_w.l(lludivv7m.o)
    0x00000712   0x00000016   Code   RO          533    .text               c_w.l(_rserrno.o)
    0x00000728   0x000000b8   Code   RO          535    .text               c_w.l(_printf_intcommon.o)
    0x000007e0   0x00000030   Code   RO          537    .text               c_w.l(_printf_char_common.o)
    0x00000810   0x0000000a   Code   RO          539    .text               c_w.l(_sputc.o)
    0x0000081a   0x00000070   Code   RO          542    .text               c_w.l(strtol.o)
    0x0000088a   0x00000002   PAD
    0x0000088c   0x00000008   Code   RO          578    .text               c_w.l(libspace.o)
    0x00000894   0x00000010   Code   RO          596    .text               c_w.l(rt_ctype_table.o)
    0x000008a4   0x0000009e   Code   RO          604    .text               c_w.l(_strtoul.o)
    0x00000942   0x0000004a   Code   RO          612    .text               c_w.l(sys_stackheap_outer.o)
    0x0000098c   0x00000008   Code   RO          619    .text               c_w.l(rt_locale_intlibspace.o)
    0x00000994   0x0000001c   Code   RO          621    .text               c_w.l(_chval.o)
    0x000009b0   0x0000000c   Code   RO          626    .text               c_w.l(exit.o)
    0x000009bc   0x00000080   Code   RO          644    .text               c_w.l(strcmpv7m.o)
    0x00000a3c   0x0000000c   Code   RO          708    .text               c_w.l(sys_exit.o)
    0x00000a48   0x00000002   Code   RO          725    .text               c_w.l(use_no_semi.o)
    0x00000a4a   0x00000000   Code   RO          727    .text               c_w.l(indicate_semi.o)
    0x00000a4a   0x00000002   PAD
    0x00000a4c   0x0000000c   Code   RO           96    i.M0PWM0_Duty       pwm.o
    0x00000a58   0x000000c8   Code   RO           97    i.M0PWM0_Init       pwm.o
    0x00000b20   0x0000000c   Code   RO           98    i.M0PWM1_Duty_new   pwm.o
    0x00000b2c   0x000000c0   Code   RO           99    i.M0PWM1_Init_new   pwm.o
    0x00000bec   0x00000020   Code   RO          246    i.Nokia5110_Clear   nokia5110.o
    0x00000c0c   0x0000016c   Code   RO          248    i.Nokia5110_Init    nokia5110.o
    0x00000d78   0x00000038   Code   RO          249    i.Nokia5110_OutChar  nokia5110.o
    0x00000db0   0x00000016   Code   RO          250    i.Nokia5110_OutString  nokia5110.o
    0x00000dc6   0x00000002   PAD
    0x00000dc8   0x0000019c   Code   RO          251    i.Nokia5110_OutUDec  nokia5110.o
    0x00000f64   0x00000030   Code   RO          252    i.Nokia5110_SetCursor  nokia5110.o
    0x00000f94   0x0000007c   Code   RO          343    i.PLL_Init          pll.o
    0x00001010   0x0000008c   Code   RO           72    i.PortB_Init        portinitializations.o
    0x0000109c   0x00000088   Code   RO           73    i.PortD_Init        portinitializations.o
    0x00001124   0x0000006c   Code   RO           74    i.PortF_Init        portinitializations.o
    0x00001190   0x00000018   Code   RO          186    i.UART_InChar       uart.o
    0x000011a8   0x0000009c   Code   RO          190    i.UART_Init         uart.o
    0x00001244   0x00000028   Code   RO          565    i.__ARM_fpclassify  m_ws.l(fpclassify.o)
    0x0000126c   0x000000aa   Code   RO          567    i.__kernel_poly     m_ws.l(poly.o)
    0x00001316   0x00000002   PAD
    0x00001318   0x00000010   Code   RO          563    i.__mathlib_dbl_underflow  m_ws.l(dunder.o)
    0x00001328   0x0000000e   Code   RO          451    i._is_digit         c_w.l(__printf_wp.o)
    0x00001336   0x00000094   Code   RO          301    i.binaryToDecimal   uartcommunication.o
    0x000013ca   0x00000036   Code   RO          302    i.charToDecimal     uartcommunication.o
    0x00001400   0x0000003c   Code   RO          303    i.concat            uartcommunication.o
    0x0000143c   0x00000094   Code   RO           12    i.controlLoop       main.o
    0x000014d0   0x00000038   Code   RO          304    i.decToBinary       uartcommunication.o
    0x00001508   0x000000dc   Code   RO          512    i.floor             m_ws.l(floor.o)
    0x000015e4   0x0000004c   Code   RO          253    i.lcdwrite          nokia5110.o
    0x00001630   0x00000218   Code   RO           13    i.main              main.o
    0x00001848   0x000000b0   Code   RO           14    i.motorPIDcontrol   main.o
    0x000018f8   0x000009e0   Code   RO          516    i.pow               m_ws.l(pow.o)
    0x000022d8   0x00000002   Code   RO          305    i.singleCharToDecimal  uartcommunication.o
    0x000022da   0x0000004c   Code   RO          571    i.sqrt              m_ws.l(sqrt.o)
    0x00002326   0x00000002   PAD
    0x00002328   0x0000002c   Code   RO          624    locale$$code        c_w.l(lc_ctype_c.o)
    0x00002354   0x00000150   Code   RO          471    x$fpl$dadd          fz_ws.l(daddsub_clz.o)
    0x000024a4   0x00000010   Code   RO          606    x$fpl$dcheck1       fz_ws.l(dcheck1.o)
    0x000024b4   0x00000018   Code   RO          634    x$fpl$dcmpinf       fz_ws.l(dcmpi.o)
    0x000024cc   0x000002b0   Code   RO          545    x$fpl$ddiv          fz_ws.l(ddiv.o)
    0x0000277c   0x0000005e   Code   RO          477    x$fpl$dfix          fz_ws.l(dfix.o)
    0x000027da   0x0000002e   Code   RO          482    x$fpl$dflt          fz_ws.l(dflt_clz.o)
    0x00002808   0x00000078   Code   RO          608    x$fpl$dleqf         fz_ws.l(dleqf.o)
    0x00002880   0x00000154   Code   RO          487    x$fpl$dmul          fz_ws.l(dmul.o)
    0x000029d4   0x0000009c   Code   RO          548    x$fpl$dnaninf       fz_ws.l(dnaninf.o)
    0x00002a70   0x0000000c   Code   RO          550    x$fpl$dretinf       fz_ws.l(dretinf.o)
    0x00002a7c   0x0000006c   Code   RO          552    x$fpl$drleqf        fz_ws.l(drleqf.o)
    0x00002ae8   0x00000016   Code   RO          472    x$fpl$drsb          fz_ws.l(daddsub_clz.o)
    0x00002afe   0x00000002   PAD
    0x00002b00   0x00000198   Code   RO          610    x$fpl$dsqrt         fz_ws.l(dsqrt_umaal.o)
    0x00002c98   0x000001d4   Code   RO          473    x$fpl$dsub          fz_ws.l(daddsub_clz.o)
    0x00002e6c   0x00000056   Code   RO          489    x$fpl$f2d           fz_ws.l(f2d.o)
    0x00002ec2   0x00000002   PAD
    0x00002ec4   0x000000c4   Code   RO          491    x$fpl$fadd          fz_ws.l(faddsub_clz.o)
    0x00002f88   0x00000018   Code   RO          554    x$fpl$fcmpinf       fz_ws.l(fcmpi.o)
    0x00002fa0   0x00000068   Code   RO          497    x$fpl$feqf          fz_ws.l(feqf.o)
    0x00003008   0x00000030   Code   RO          500    x$fpl$fflt          fz_ws.l(fflt_clz.o)
    0x00003038   0x00000068   Code   RO          505    x$fpl$fleqf         fz_ws.l(fleqf.o)
    0x000030a0   0x00000102   Code   RO          507    x$fpl$fmul          fz_ws.l(fmul.o)
    0x000031a2   0x0000008c   Code   RO          556    x$fpl$fnaninf       fz_ws.l(fnaninf.o)
    0x0000322e   0x0000000a   Code   RO          558    x$fpl$fretinf       fz_ws.l(fretinf.o)
    0x00003238   0x00000062   Code   RO          509    x$fpl$frleqf        fz_ws.l(frleqf.o)
    0x0000329a   0x00000014   Code   RO          492    x$fpl$frsb          fz_ws.l(faddsub_clz.o)
    0x000032ae   0x00000002   PAD
    0x000032b0   0x000000ea   Code   RO          493    x$fpl$fsub          fz_ws.l(faddsub_clz.o)
    0x0000339a   0x00000064   Code   RO          636    x$fpl$retnan        fz_ws.l(retnan.o)
    0x000033fe   0x0000005c   Code   RO          560    x$fpl$scalbn        fz_ws.l(scalbn.o)
    0x0000345a   0x00000030   Code   RO          689    x$fpl$trapveneer    fz_ws.l(trapv.o)
    0x0000348a   0x00000000   Code   RO          562    x$fpl$usenofp       fz_ws.l(usenofp.o)
    0x0000348a   0x000001e0   Data   RO          254    .constdata          nokia5110.o
    0x0000366a   0x00000011   Data   RO          454    .constdata          c_w.l(__printf_flags_wp.o)
    0x0000367b   0x00000005   PAD
    0x00003680   0x00000088   Data   RO          517    .constdata          m_ws.l(pow.o)
    0x00003708   0x00000008   Data   RO          569    .constdata          m_ws.l(qnan.o)
    0x00003710   0x00000020   Data   RO          767    Region$$Table       anon$$obj.o
    0x00003730   0x00000110   Data   RO          623    locale$$data        c_w.l(lc_ctype_c.o)


    Execution Region ER_RW (Base: 0x20000000, Size: 0x00000044, Max: 0xffffffff, ABSOLUTE)

    Base Addr    Size         Type   Attr      Idx    E Section Name        Object

    0x20000000   0x00000044   Data   RW           15    .data               main.o


    Execution Region ER_ZI (Base: 0x20000044, Size: 0x00000464, Max: 0xffffffff, ABSOLUTE)

    Base Addr    Size         Type   Attr      Idx    E Section Name        Object

    0x20000044   0x00000060   Zero   RW          579    .bss                c_w.l(libspace.o)
    0x200000a4   0x00000004   PAD
    0x200000a8   0x00000000   Zero   RW            2    HEAP                startup.o
    0x200000a8   0x00000400   Zero   RW            1    STACK               startup.o


==============================================================================

Image component sizes


      Code (inc. data)   RO Data    RW Data    ZI Data      Debug   Object Name

       860        102          0         68          0       7418   main.o
      1010         80        480          0          0       5607   nokia5110.o
       124          6          0          0          0        415   pll.o
       384         80          0          0          0       1495   portinitializations.o
       416         54          0          0          0       1936   pwm.o
       692        632          0          0       1024        972   startup.o
       180         28          0          0          0        854   uart.o
       320         10          0          0          0       3039   uartcommunication.o

    ----------------------------------------------------------------------
      3988        992        512         68       1024      21736   Object Totals
         0          0         32          0          0          0   (incl. Generated)
         2          0          0          0          0          0   (incl. Padding)

    ----------------------------------------------------------------------

      Code (inc. data)   RO Data    RW Data    ZI Data      Debug   Library Member Name

         8          0          0          0          0         68   __main.o
       316          6         17          0          0         92   __printf_flags_wp.o
        14          0          0          0          0         68   __printf_wp.o
        52          8          0          0          0          0   __scatter.o
        26          0          0          0          0          0   __scatter_copy.o
        28          0          0          0          0          0   __scatter_zi.o
        28          0          0          0          0         68   _chval.o
        48          6          0          0          0         96   _printf_char_common.o
         6          0          0          0          0          0   _printf_d.o
       120         18          0          0          0         92   _printf_dec.o
       184          0          0          0          0         88   _printf_intcommon.o
        82          0          0          0          0        108   _printf_pad.o
         0          0          0          0          0          0   _printf_percent.o
         4          0          0          0          0          0   _printf_percent_end.o
        22          0          0          0          0        100   _rserrno.o
        10          0          0          0          0         68   _sputc.o
       158          0          0          0          0         92   _strtoul.o
        26          0          0          0          0         80   atoi.o
        12          0          0          0          0         72   exit.o
         6          0          0          0          0        152   heapauxi.o
         0          0          0          0          0          0   indicate_semi.o
        44         10        272          0          0         76   lc_ctype_c.o
         2          0          0          0          0          0   libinit.o
        20          0          0          0          0          0   libinit2.o
         2          0          0          0          0          0   libshutdown.o
         2          0          0          0          0          0   libshutdown2.o
         8          4          0          0         96         68   libspace.o
        72          0          0          0          0         76   llsdiv.o
       238          0          0          0          0        100   lludivv7m.o
        40          6          0          0          0         84   noretval__2sprintf.o
        16          4          0          0          0         76   rt_ctype_table.o
         8          4          0          0          0         68   rt_errno_addr_intlibspace.o
         8          4          0          0          0         68   rt_locale_intlibspace.o
         0          0          0          0          0          0   rtentry.o
        12          0          0          0          0          0   rtentry2.o
         6          0          0          0          0          0   rtentry4.o
         2          0          0          0          0          0   rtexit.o
        10          0          0          0          0          0   rtexit2.o
        24          0          0          0          0         68   strcat.o
       128          0          0          0          0         68   strcmpv7m.o
       112          0          0          0          0         88   strtol.o
        12          4          0          0          0         68   sys_exit.o
        74          0          0          0          0         80   sys_stackheap_outer.o
         2          0          0          0          0         68   use_no_semi.o
       826         16          0          0          0        348   daddsub_clz.o
        16          4          0          0          0         68   dcheck1.o
        24          0          0          0          0         68   dcmpi.o
       688        140          0          0          0        208   ddiv.o
        94          4          0          0          0         92   dfix.o
        46          0          0          0          0         68   dflt_clz.o
       120          4          0          0          0         92   dleqf.o
       340         12          0          0          0        104   dmul.o
       156          4          0          0          0         92   dnaninf.o
        12          0          0          0          0         68   dretinf.o
       108          0          0          0          0         80   drleqf.o
       408         56          0          0          0        120   dsqrt_umaal.o
        86          4          0          0          0         84   f2d.o
       450          8          0          0          0        236   faddsub_clz.o
        24          0          0          0          0         68   fcmpi.o
       104          4          0          0          0         84   feqf.o
        48          0          0          0          0         68   fflt_clz.o
       104          4          0          0          0         84   fleqf.o
       258          4          0          0          0         84   fmul.o
       140          4          0          0          0         84   fnaninf.o
        10          0          0          0          0         68   fretinf.o
        98          0          0          0          0         68   frleqf.o
       100          0          0          0          0         68   retnan.o
        92          0          0          0          0         68   scalbn.o
        48          0          0          0          0         68   trapv.o
         0          0          0          0          0          0   usenofp.o
        16          6          0          0          0         68   dunder.o
       220         16          0          0          0         84   floor.o
        40          0          0          0          0         68   fpclassify.o
       170          0          0          0          0         96   poly.o
      2528        190        136          0          0        332   pow.o
         0          0          8          0          0          0   qnan.o
        76          0          0          0          0         84   sqrt.o

    ----------------------------------------------------------------------
      9462        554        438          0        100       5572   Library Totals
        20          0          5          0          4          0   (incl. Padding)

    ----------------------------------------------------------------------

      Code (inc. data)   RO Data    RW Data    ZI Data      Debug   Library Name

      1992         74        289          0         96       2300   c_w.l
      4400        268          0          0          0       2540   fz_ws.l
      3050        212        144          0          0        732   m_ws.l

    ----------------------------------------------------------------------
      9462        554        438          0        100       5572   Library Totals

    ----------------------------------------------------------------------

==============================================================================


      Code (inc. data)   RO Data    RW Data    ZI Data      Debug   

     13450       1546        950         68       1124      22992   Grand Totals
     13450       1546        950         68       1124      22992   ELF Image Totals
     13450       1546        950         68          0          0   ROM Totals

==============================================================================

    Total RO  Size (Code + RO Data)                14400 (  14.06kB)
    Total RW  Size (RW Data + ZI Data)              1192 (   1.16kB)
    Total ROM Size (Code + RO Data + RW Data)      14468 (  14.13kB)

==============================================================================

