<html>
<body>
<pre>
<h1>µVision Build Log</h1>
<h2>Project:</h2>
C:\Keil_v5\Labware\cecs490BProject\roboticArmServoMotor\roboticArmServoMotor.uvproj
Project File Date:  08/14/2019

<h2>Output:</h2>
Rebuild target 'HelloLaunchPad'
assembling startup.s...
compiling main.c...
portInitializations.h(4): warning:  #1-D: last line of file ends without a newline
  void PortF_Init(void);
uartCommunication.h(3): warning:  #1-D: last line of file ends without a newline
  int charToDecimal(char coordinate1, char coordinate0);
main.c: 2 warnings, 0 errors
compiling portInitializations.c...
compiling PWM.c...
PWM.c(145): warning:  #1-D: last line of file ends without a newline
  */
PWM.c: 1 warning, 0 errors
compiling UART.c...
compiling Nokia5110.c...
compiling uartCommunication.c...
uartCommunication.c(74): warning:  #1-D: last line of file ends without a newline
  }
uartCommunication.c: 1 warning, 0 errors
compiling PLL.c...
linking...
Program Size: Code=10696 RO-data=952 RW-data=36 ZI-data=1124  
".\HelloLaunchPad.axf" - 0 Error(s), 4 Warning(s).
rogram Size: Code=1336 RO-data=16 RW-data=0 ZI-data=1120  
".\HelloLaunchPad.axf" - 0 Error(s), 5 Warning(s).
