<html>
<body>
<pre>
<h1>µVision Build Log</h1>
<h2>Project:</h2>
C:\Keil_v5\Labware\cecs490BProject\roboticArmServoMotor\roboticArmServoMotor.uvproj
Project File Date:  07/21/2019

<h2>Output:</h2>
Rebuild target 'HelloLaunchPad'
assembling startup.s...
compiling main.c...
portInitializations.h(4): warning:  #1-D: last line of file ends without a newline
  void PortF_Init(void);
main.c: 1 warning, 0 errors
compiling portInitializations.c...
compiling PWM.c...
linking...
Program Size: Code=1332 RO-data=16 RW-data=0 ZI-data=1120  
".\HelloLaunchPad.axf" - 0 Error(s), 1 Warning(s).
Load "C:\\Keil_v5\\Labware\\cecs490BProject\\roboticArmServoMotor\\HelloLaunchPad.axf" 
Connecting: Mode=JTAG, Speed=1000000Hz
Erase Done.
Programming Done.
Verify OK.
ash Download failed  -  Target DLL has been cancelled
Load "C:\\Keil_v5\\Labware\\cecs490BProject\\roboticArmServoMotor\\HelloLaunchPad.axf" 
Connecting: Mode=JTAG, Speed=1000000Hz
Erase Done.
Programming Done.
Verify OK.
